 Warcraft III - External MapHack

 Timestamp is 609007f9 (Mon May  3 17:26:01 2021)

 Preferred load address is 00400000

 Start         Length     Name                   Class
 0001:00000000 00008540H .text$di                CODE
 0001:00008540 000934f0H .text$mn                CODE
 0001:0009ba30 00004190H .text$x                 CODE
 0001:0009fbc0 000028d4H .text$yd                CODE
 0002:00000000 00000104H .CRT$XCA                DATA
 0002:00000104 00000104H .CRT$XCAA               DATA
 0002:00000208 00000104H .CRT$XCL                DATA
 0002:0000030c 00000288H .CRT$XCU                DATA
 0002:00000594 00000104H .CRT$XCZ                DATA
 0002:00000698 00000104H .CRT$XIA                DATA
 0002:0000079c 00000104H .CRT$XIAA               DATA
 0002:000008a0 00000104H .CRT$XIAC               DATA
 0002:000009a4 00000104H .CRT$XIZ                DATA
 0002:00000aa8 00000104H .CRT$XPA                DATA
 0002:00000bac 00000104H .CRT$XPZ                DATA
 0002:00000cb0 00000104H .CRT$XTA                DATA
 0002:00000db4 0000010cH .CRT$XTZ                DATA
 0002:00000ec0 0000efc0H .rdata                  DATA
 0002:0000fe80 00000104H .rdata$CastGuardVftablesA DATA
 0002:0000ff84 00000104H .rdata$CastGuardVftablesC DATA
 0002:00010088 000007f4H .rdata$r                DATA
 0002:0001087c 00000384H .rdata$sxdata           DATA
 0002:00010c00 00000104H .rtc$IAA                DATA
 0002:00010d04 00000110H .rtc$IMZ                DATA
 0002:00010e14 00000104H .rtc$IZZ                DATA
 0002:00010f18 00000104H .rtc$TAA                DATA
 0002:0001101c 00000110H .rtc$TMZ                DATA
 0002:0001112c 00000104H .rtc$TZZ                DATA
 0002:00011230 00002d02H .xdata$x                DATA
 0002:00013f32 00000000H .edata                  DATA
 0003:00000000 00000194H .data                   DATA
 0003:00000194 000001e4H .data$r                 DATA
 0003:00000378 00000558H .data$rs                DATA
 0003:000008d0 00001061H .bss                    DATA
 0004:00000000 000007fcH .idata$5                DATA
 0004:000007fc 000000dcH .idata$2                DATA
 0004:000008d8 00000014H .idata$3                DATA
 0004:000008ec 000007fcH .idata$4                DATA
 0004:000010e8 00002407H .idata$6                DATA
 0005:00000000 000001e7H .msvcjmc                DATA
 0006:00000000 00000109H .00cfg                  DATA
 0007:00000000 00000170H .rsrc$01                DATA
 0007:00000170 000002d6H .rsrc$02                DATA

  Address         Publics by Value              Rva+Base       Lib:Object

 0000:00000000       ___hybrid_code_map_count   00000000     <absolute>
 0000:00000000       ___guard_iat_count         00000000     <absolute>
 0000:00000000       ___guard_longjmp_count     00000000     <absolute>
 0000:00000000       ___x64_code_ranges_to_entry_points_count 00000000     <absolute>
 0000:00000000       ___hybrid_code_map         00000000     <absolute>
 0000:00000000       ___arm64x_extra_rfe_table  00000000     <absolute>
 0000:00000000       ___volatile_metadata       00000000     <absolute>
 0000:00000000       ___guard_check_icall_a64n_fptr 00000000     <absolute>
 0000:00000000       ___arm64x_redirection_metadata_count 00000000     <absolute>
 0000:00000000       ___arm64x_native_entrypoint 00000000     <absolute>
 0000:00000000       ___guard_longjmp_table     00000000     <absolute>
 0000:00000000       ___arm64x_extra_rfe_table_size 00000000     <absolute>
 0000:00000000       ___enclave_config          00000000     <absolute>
 0000:00000000       ___guard_eh_cont_table     00000000     <absolute>
 0000:00000000       ___guard_eh_cont_count     00000000     <absolute>
 0000:00000000       ___AbsoluteZero            00000000     <absolute>
 0000:00000000       ___guard_fids_count        00000000     <absolute>
 0000:00000000       ___guard_iat_table         00000000     <absolute>
 0000:00000000       ___guard_fids_table        00000000     <absolute>
 0000:00000000       ___x64_code_ranges_to_entry_points 00000000     <absolute>
 0000:00000000       ___dynamic_value_reloc_table 00000000     <absolute>
 0000:00000000       ___hybrid_auxiliary_iat    00000000     <absolute>
 0000:00000000       ___hybrid_auxiliary_iat_copy 00000000     <absolute>
 0000:00000000       ___arm64x_redirection_metadata 00000000     <absolute>
 0000:00000086       ___safe_se_handler_count   00000086     <absolute>
 0000:00000100       ___guard_flags             00000100     <absolute>
 0000:00000000       ___ImageBase               00400000     <linker-defined>
 0001:00008540       ??0D3DXMATRIX@@QAE@XZ      00409540 f i Main.obj
 0001:000085a0       ??0D3DXVECTOR2@@QAE@MM@Z   004095a0 f i Main.obj
 0001:00008620       ??0D3DXVECTOR2@@QAE@XZ     00409620 f i Main.obj
 0001:00008680       ??0D3DXVECTOR3@@QAE@MMM@Z  00409680 f i Main.obj
 0001:00008710       ??0D3DXVECTOR3@@QAE@XZ     00409710 f i Main.obj
 0001:00008770       ??0_D3DXMATRIXA16@@QAE@XZ  00409770 f i Main.obj
 0001:000087d0       ??BD3DXMATRIX@@QAEPAMXZ    004097d0 f i Main.obj
 0001:00008830       ??_H@YGXPAXIIP6EPAX0@Z@Z   00409830 f i Main.obj
 0001:000088e0       ?D3DInit@@YAHPAUHWND__@@@Z 004098e0 f   Main.obj
 0001:00008a20       ?DrawEspBox@@YAXUD3DXVECTOR2@@0MK@Z 00409a20 f   Main.obj
 0001:00008c70       ?DrawLine@@YAXMMMMMK@Z     00409c70 f   Main.obj
 0001:00008e30       ?DrawLine@@YAXUD3DXVECTOR2@@0MK@Z 00409e30 f   Main.obj
 0001:00008ed0       ?GetProcessHandle@@YAPAXXZ 00409ed0 f   Main.obj
 0001:000091e0       ?ReadBytes@@YAHPAXH0@Z     0040a1e0 f   Main.obj
 0001:00009270       ?Render@@YAXXZ             0040a270 f   Main.obj
 0001:00009b00       ?WndProc@@YGJPAUHWND__@@IIJ@Z 0040ab00 f   Main.obj
 0001:00009bf0       ?WorldToScreen@@YA?AUD3DXVECTOR3@@U1@@Z 0040abf0 f   Main.obj
 0001:00009fc0       ?__empty_global_delete@@YAXPAX@Z 0040afc0 f i Main.obj
 0001:0000a010       ?__global_delete@@YAXPAXI@Z 0040b010 f i Main.obj
 0001:0000a010       ?__empty_global_delete@@YAXPAXI@Z 0040b010 f i Main.obj
 0001:0000a060       ?strstr@@YAPADQADQBD@Z     0040b060 f i Main.obj
 0001:0000a0c0       _WinMain@16                0040b0c0 f   Main.obj
 0001:0000a5e0       __JustMyCode_Default       0040b5e0 f i Main.obj
 0001:0000a5f0       ??$?0$$V@?$_Compressed_pair@V?$allocator@D@std@@V?$_String_val@U?$_Simple_types@D@std@@@2@$00@std@@QAE@U_Zero_then_variadic_args_t@1@@Z 0040b5f0 f i protect.obj
 0001:0000a660       ??$?0AAPAVCPUInfoDelegate@@@?$_Compressed_pair@U?$default_delete@VCPUInfoDelegate@@@std@@PAVCPUInfoDelegate@@$00@std@@QAE@U_Zero_then_variadic_args_t@1@AAPAVCPUInfoDelegate@@@Z 0040b660 f i protect.obj
 0001:0000a6d0       ??$?0AAPAVGPUInfoDelegate@@@?$_Compressed_pair@U?$default_delete@VGPUInfoDelegate@@@std@@PAVGPUInfoDelegate@@$00@std@@QAE@U_Zero_then_variadic_args_t@1@AAPAVGPUInfoDelegate@@@Z 0040b6d0 f i protect.obj
 0001:0000a740       ??$?0AAPAVMotherboardInfoDelegate@@@?$_Compressed_pair@U?$default_delete@VMotherboardInfoDelegate@@@std@@PAVMotherboardInfoDelegate@@$00@std@@QAE@U_Zero_then_variadic_args_t@1@AAPAVMotherboardInfoDelegate@@@Z 0040b740 f i protect.obj
 0001:0000a7b0       ??$?0AAPAVOSInfoDelegate@@@?$_Compressed_pair@U?$default_delete@VOSInfoDelegate@@@std@@PAVOSInfoDelegate@@$00@std@@QAE@U_Zero_then_variadic_args_t@1@AAPAVOSInfoDelegate@@@Z 0040b7b0 f i protect.obj
 0001:0000a820       ??$?0AAPAVRAMInfoDelegate@@@?$_Compressed_pair@U?$default_delete@VRAMInfoDelegate@@@std@@PAVRAMInfoDelegate@@$00@std@@QAE@U_Zero_then_variadic_args_t@1@AAPAVRAMInfoDelegate@@@Z 0040b820 f i protect.obj
 0001:0000a890       ??$?0ABV?$allocator@D@std@@$$V@?$_Compressed_pair@V?$allocator@D@std@@V?$_String_val@U?$_Simple_types@D@std@@@2@$00@std@@QAE@U_One_then_variadic_args_t@1@ABV?$allocator@D@1@@Z 0040b890 f i protect.obj
 0001:0000a900       ??$?0D@?$allocator@U_Container_proxy@std@@@std@@QAE@ABV?$allocator@D@1@@Z 0040b900 f i protect.obj
 0001:0000a960       ??$?0PAD$0A@@?$basic_string@DU?$char_traits@D@std@@V?$allocator@D@2@@std@@QAE@PAD0ABV?$allocator@D@1@@Z 0040b960 f i protect.obj
 0001:0000ab20       ??$?0U?$default_delete@VCPUInfoDelegate@@@std@@$0A@@?$unique_ptr@VCPUInfoDelegate@@U?$default_delete@VCPUInfoDelegate@@@std@@@std@@QAE@$$QAV01@@Z 0040bb20 f i protect.obj
 0001:0000abc0       ??$?0U?$default_delete@VCPUInfoDelegate@@@std@@$0A@@?$unique_ptr@VCPUInfoDelegate@@U?$default_delete@VCPUInfoDelegate@@@std@@@std@@QAE@PAVCPUInfoDelegate@@@Z 0040bbc0 f i protect.obj
 0001:0000ac30       ??$?0U?$default_delete@VCPUInfoDelegate@@@std@@PAVCPUInfoDelegate@@@?$_Compressed_pair@U?$default_delete@VCPUInfoDelegate@@@std@@PAVCPUInfoDelegate@@$00@std@@QAE@U_One_then_variadic_args_t@1@$$QAU?$default_delete@VCPUInfoDelegate@@@1@$$QAPAVCPUInfoDelegate@@@Z 0040bc30 f i protect.obj
 0001:0000acb0       ??$?0U?$default_delete@VGPUInfoDelegate@@@std@@$0A@@?$unique_ptr@VGPUInfoDelegate@@U?$default_delete@VGPUInfoDelegate@@@std@@@std@@QAE@$$QAV01@@Z 0040bcb0 f i protect.obj
 0001:0000ad50       ??$?0U?$default_delete@VGPUInfoDelegate@@@std@@$0A@@?$unique_ptr@VGPUInfoDelegate@@U?$default_delete@VGPUInfoDelegate@@@std@@@std@@QAE@PAVGPUInfoDelegate@@@Z 0040bd50 f i protect.obj
 0001:0000adc0       ??$?0U?$default_delete@VGPUInfoDelegate@@@std@@PAVGPUInfoDelegate@@@?$_Compressed_pair@U?$default_delete@VGPUInfoDelegate@@@std@@PAVGPUInfoDelegate@@$00@std@@QAE@U_One_then_variadic_args_t@1@$$QAU?$default_delete@VGPUInfoDelegate@@@1@$$QAPAVGPUInfoDelegate@@@Z 0040bdc0 f i protect.obj
 0001:0000ae40       ??$?0U?$default_delete@VMotherboardInfoDelegate@@@std@@$0A@@?$unique_ptr@VMotherboardInfoDelegate@@U?$default_delete@VMotherboardInfoDelegate@@@std@@@std@@QAE@$$QAV01@@Z 0040be40 f i protect.obj
 0001:0000aee0       ??$?0U?$default_delete@VMotherboardInfoDelegate@@@std@@$0A@@?$unique_ptr@VMotherboardInfoDelegate@@U?$default_delete@VMotherboardInfoDelegate@@@std@@@std@@QAE@PAVMotherboardInfoDelegate@@@Z 0040bee0 f i protect.obj
 0001:0000af50       ??$?0U?$default_delete@VMotherboardInfoDelegate@@@std@@PAVMotherboardInfoDelegate@@@?$_Compressed_pair@U?$default_delete@VMotherboardInfoDelegate@@@std@@PAVMotherboardInfoDelegate@@$00@std@@QAE@U_One_then_variadic_args_t@1@$$QAU?$default_delete@VMotherboardInfoDelegate@@@1@$$QAPAVMotherboardInfoDelegate@@@Z 0040bf50 f i protect.obj
 0001:0000afd0       ??$?0U?$default_delete@VOSInfoDelegate@@@std@@$0A@@?$unique_ptr@VOSInfoDelegate@@U?$default_delete@VOSInfoDelegate@@@std@@@std@@QAE@$$QAV01@@Z 0040bfd0 f i protect.obj
 0001:0000b070       ??$?0U?$default_delete@VOSInfoDelegate@@@std@@$0A@@?$unique_ptr@VOSInfoDelegate@@U?$default_delete@VOSInfoDelegate@@@std@@@std@@QAE@PAVOSInfoDelegate@@@Z 0040c070 f i protect.obj
 0001:0000b0e0       ??$?0U?$default_delete@VOSInfoDelegate@@@std@@PAVOSInfoDelegate@@@?$_Compressed_pair@U?$default_delete@VOSInfoDelegate@@@std@@PAVOSInfoDelegate@@$00@std@@QAE@U_One_then_variadic_args_t@1@$$QAU?$default_delete@VOSInfoDelegate@@@1@$$QAPAVOSInfoDelegate@@@Z 0040c0e0 f i protect.obj
 0001:0000b160       ??$?0U?$default_delete@VRAMInfoDelegate@@@std@@$0A@@?$unique_ptr@VRAMInfoDelegate@@U?$default_delete@VRAMInfoDelegate@@@std@@@std@@QAE@$$QAV01@@Z 0040c160 f i protect.obj
 0001:0000b200       ??$?0U?$default_delete@VRAMInfoDelegate@@@std@@$0A@@?$unique_ptr@VRAMInfoDelegate@@U?$default_delete@VRAMInfoDelegate@@@std@@@std@@QAE@PAVRAMInfoDelegate@@@Z 0040c200 f i protect.obj
 0001:0000b270       ??$?0U?$default_delete@VRAMInfoDelegate@@@std@@PAVRAMInfoDelegate@@@?$_Compressed_pair@U?$default_delete@VRAMInfoDelegate@@@std@@PAVRAMInfoDelegate@@$00@std@@QAE@U_One_then_variadic_args_t@1@$$QAU?$default_delete@VRAMInfoDelegate@@@1@$$QAPAVRAMInfoDelegate@@@Z 0040c270 f i protect.obj
 0001:0000b2f0       ??$?0V?$allocator@D@std@@$$V@?$_Compressed_pair@V?$allocator@D@std@@V?$_String_val@U?$_Simple_types@D@std@@@2@$00@std@@QAE@U_One_then_variadic_args_t@1@$$QAV?$allocator@D@1@@Z 0040c2f0 f i protect.obj
 0001:0000b360       ??$?0VCPUInfo@@@?$allocator@U_Container_proxy@std@@@std@@QAE@ABV?$allocator@VCPUInfo@@@1@@Z 0040c360 f i protect.obj
 0001:0000b3c0       ??$?0VGPUInfo@@@?$allocator@U_Container_proxy@std@@@std@@QAE@ABV?$allocator@VGPUInfo@@@1@@Z 0040c3c0 f i protect.obj
 0001:0000b420       ??$?0VMotherboardInfo@@@?$allocator@U_Container_proxy@std@@@std@@QAE@ABV?$allocator@VMotherboardInfo@@@1@@Z 0040c420 f i protect.obj
 0001:0000b480       ??$?0VOSInfo@@@?$allocator@U_Container_proxy@std@@@std@@QAE@ABV?$allocator@VOSInfo@@@1@@Z 0040c480 f i protect.obj
 0001:0000b4e0       ??$?0VRAMInfo@@@?$allocator@U_Container_proxy@std@@@std@@QAE@ABV?$allocator@VRAMInfo@@@1@@Z 0040c4e0 f i protect.obj
 0001:0000b540       ??$?6U?$char_traits@D@std@@@std@@YAAAV?$basic_ostream@DU?$char_traits@D@std@@@0@AAV10@PBD@Z 0040c540 f i protect.obj
 0001:0000bb20       ??$_Adl_verify_range@PADPAD@std@@YAXABQAD0@Z 0040cb20 f i protect.obj
 0001:0000bb90       ??$_Alloc_proxy@V?$allocator@U_Container_proxy@std@@@std@@@_Container_base12@std@@QAEX$$QAV?$allocator@U_Container_proxy@std@@@1@@Z 0040cb90 f i protect.obj
 0001:0000bc40       ??$_Allocate@$07U_Default_allocate_traits@std@@$0A@@std@@YAPAXI@Z 0040cc40 f i protect.obj
 0001:0000bcd0       ??$_Allocate_manually_vector_aligned@U_Default_allocate_traits@std@@@std@@YAPAXI@Z 0040ccd0 f i protect.obj
 0001:0000be10       ??$_Construct_in_place@PADABQAD@std@@YAXAAPADABQAD@Z 0040ce10 f i protect.obj
 0001:0000beb0       ??$_Construct_in_place@U_Container_proxy@std@@PAU_Container_base12@2@@std@@YAXAAU_Container_proxy@0@$$QAPAU_Container_base12@0@@Z 0040ceb0 f i protect.obj
 0001:0000bf50       ??$_Convert_size@I@std@@YAII@Z 0040cf50 f i protect.obj
 0001:0000bfa0       ??$_Deallocate@$07$0A@@std@@YAXPAXI@Z 0040cfa0 f i protect.obj
 0001:0000c060       ??$_Deallocate_plain@V?$allocator@U_Container_proxy@std@@@std@@@std@@YAXAAV?$allocator@U_Container_proxy@std@@@0@QAU_Container_proxy@0@@Z 0040d060 f i protect.obj
 0001:0000c100       ??$_Delete_plain_internal@V?$allocator@U_Container_proxy@std@@@std@@@std@@YAXAAV?$allocator@U_Container_proxy@std@@@0@QAU_Container_proxy@0@@Z 0040d100 f i protect.obj
 0001:0000c160       ??$_Destroy_in_place@PAD@std@@YAXAAPAD@Z 0040d160 f i protect.obj
 0001:0000c1b0       ??$_Destroy_range@V?$allocator@VCPUInfo@@@std@@@std@@YAXPAVCPUInfo@@QAV1@AAV?$allocator@VCPUInfo@@@0@@Z 0040d1b0 f i protect.obj
 0001:0000c280       ??$_Destroy_range@V?$allocator@VGPUInfo@@@std@@@std@@YAXPAVGPUInfo@@QAV1@AAV?$allocator@VGPUInfo@@@0@@Z 0040d280 f i protect.obj
 0001:0000c350       ??$_Destroy_range@V?$allocator@VMotherboardInfo@@@std@@@std@@YAXPAVMotherboardInfo@@QAV1@AAV?$allocator@VMotherboardInfo@@@0@@Z 0040d350 f i protect.obj
 0001:0000c420       ??$_Destroy_range@V?$allocator@VOSInfo@@@std@@@std@@YAXPAVOSInfo@@QAV1@AAV?$allocator@VOSInfo@@@0@@Z 0040d420 f i protect.obj
 0001:0000c4f0       ??$_Destroy_range@V?$allocator@VRAMInfo@@@std@@@std@@YAXPAVRAMInfo@@QAV1@AAV?$allocator@VRAMInfo@@@0@@Z 0040d4f0 f i protect.obj
 0001:0000c5c0       ??$_Get_size_of_n@$00@std@@YAII@Z 0040d5c0 f i protect.obj
 0001:0000c620       ??$_Get_size_of_n@$07@std@@YAII@Z 0040d620 f i protect.obj
 0001:0000c6a0       ??$_Get_unwrapped@AAPAD@std@@YA@AAPAD@Z 0040d6a0 f i protect.obj
 0001:0000c700       ??$_Integral_to_string@DH@std@@YA?AV?$basic_string@DU?$char_traits@D@std@@V?$allocator@D@2@@0@H@Z 0040d700 f i protect.obj
 0001:0000c860       ??$_Reallocate_for@V<lambda_9366063389c5f42a00a5088cf24e69de>@@PBD@?$basic_string@DU?$char_traits@D@std@@V?$allocator@D@2@@std@@AAEAAV01@IV<lambda_9366063389c5f42a00a5088cf24e69de>@@PBD@Z 0040d860 f i protect.obj
 0001:0000ca00       ??$_Reallocate_grow_by@V<lambda_ab246b20b9526e2ef7792587e4298a77>@@PBDI@?$basic_string@DU?$char_traits@D@std@@V?$allocator@D@2@@std@@AAEAAV01@IV<lambda_ab246b20b9526e2ef7792587e4298a77>@@PBDI@Z 0040da00 f i protect.obj
 0001:0000cc10       ??$_Traits_compare@U?$char_traits@D@std@@@std@@YAHQBDI0I@Z 0040dc10 f i protect.obj
 0001:0000ccc0       ??$_UIntegral_to_buff@DI@std@@YAPADPADI@Z 0040dcc0 f i protect.obj
 0001:0000cd60       ??$_Unfancy@D@std@@YAPADPAD@Z 0040dd60 f i protect.obj
 0001:0000cdb0       ??$_Unfancy@U_Container_proxy@std@@@std@@YAPAU_Container_proxy@0@PAU10@@Z 0040ddb0 f i protect.obj
 0001:0000ce00       ??$_Unfancy@VCPUInfo@@@std@@YAPAVCPUInfo@@PAV1@@Z 0040de00 f i protect.obj
 0001:0000ce50       ??$_Unfancy@VGPUInfo@@@std@@YAPAVGPUInfo@@PAV1@@Z 0040de50 f i protect.obj
 0001:0000cea0       ??$_Unfancy@VMotherboardInfo@@@std@@YAPAVMotherboardInfo@@PAV1@@Z 0040dea0 f i protect.obj
 0001:0000cef0       ??$_Unfancy@VOSInfo@@@std@@YAPAVOSInfo@@PAV1@@Z 0040def0 f i protect.obj
 0001:0000cf40       ??$_Unfancy@VRAMInfo@@@std@@YAPAVRAMInfo@@PAV1@@Z 0040df40 f i protect.obj
 0001:0000cf90       ??$_Verify_range@D@std@@YAXQBD0@Z 0040df90 f i protect.obj
 0001:0000d060       ??$_Voidify_iter@PAPAD@std@@YAPAXPAPAD@Z 0040e060 f i protect.obj
 0001:0000d0b0       ??$_Voidify_iter@PAU_Container_proxy@std@@@std@@YAPAXPAU_Container_proxy@0@@Z 0040e0b0 f i protect.obj
 0001:0000d100       ??$addressof@$$CBV?$_String_val@U?$_Simple_types@D@std@@@std@@@std@@YAPBV?$_String_val@U?$_Simple_types@D@std@@@0@ABV10@@Z 0040e100 f i protect.obj
 0001:0000d150       ??$addressof@PAD@std@@YAPAPADAAPAD@Z 0040e150 f i protect.obj
 0001:0000d1a0       ??$addressof@U_Container_base12@std@@@std@@YAPAU_Container_base12@0@AAU10@@Z 0040e1a0 f i protect.obj
 0001:0000d1f0       ??$addressof@U_Container_proxy@std@@@std@@YAPAU_Container_proxy@0@AAU10@@Z 0040e1f0 f i protect.obj
 0001:0000d240       ??$addressof@V?$_String_val@U?$_Simple_types@D@std@@@std@@@std@@YAPAV?$_String_val@U?$_Simple_types@D@std@@@0@AAV10@@Z 0040e240 f i protect.obj
 0001:0000d290       ??$addressof@V?$_Vector_val@U?$_Simple_types@VCPUInfo@@@std@@@std@@@std@@YAPAV?$_Vector_val@U?$_Simple_types@VCPUInfo@@@std@@@0@AAV10@@Z 0040e290 f i protect.obj
 0001:0000d2e0       ??$addressof@V?$_Vector_val@U?$_Simple_types@VGPUInfo@@@std@@@std@@@std@@YAPAV?$_Vector_val@U?$_Simple_types@VGPUInfo@@@std@@@0@AAV10@@Z 0040e2e0 f i protect.obj
 0001:0000d330       ??$addressof@V?$_Vector_val@U?$_Simple_types@VMotherboardInfo@@@std@@@std@@@std@@YAPAV?$_Vector_val@U?$_Simple_types@VMotherboardInfo@@@std@@@0@AAV10@@Z 0040e330 f i protect.obj
 0001:0000d380       ??$addressof@V?$_Vector_val@U?$_Simple_types@VOSInfo@@@std@@@std@@@std@@YAPAV?$_Vector_val@U?$_Simple_types@VOSInfo@@@std@@@0@AAV10@@Z 0040e380 f i protect.obj
 0001:0000d3d0       ??$addressof@V?$_Vector_val@U?$_Simple_types@VRAMInfo@@@std@@@std@@@std@@YAPAV?$_Vector_val@U?$_Simple_types@VRAMInfo@@@std@@@0@AAV10@@Z 0040e3d0 f i protect.obj
 0001:0000d420       ??$destroy@VCPUInfo@@@?$_Default_allocator_traits@V?$allocator@VCPUInfo@@@std@@@std@@SAXAAV?$allocator@VCPUInfo@@@1@QAVCPUInfo@@@Z 0040e420 f i protect.obj
 0001:0000d480       ??$destroy@VGPUInfo@@@?$_Default_allocator_traits@V?$allocator@VGPUInfo@@@std@@@std@@SAXAAV?$allocator@VGPUInfo@@@1@QAVGPUInfo@@@Z 0040e480 f i protect.obj
 0001:0000d4e0       ??$destroy@VMotherboardInfo@@@?$_Default_allocator_traits@V?$allocator@VMotherboardInfo@@@std@@@std@@SAXAAV?$allocator@VMotherboardInfo@@@1@QAVMotherboardInfo@@@Z 0040e4e0 f i protect.obj
 0001:0000d540       ??$destroy@VOSInfo@@@?$_Default_allocator_traits@V?$allocator@VOSInfo@@@std@@@std@@SAXAAV?$allocator@VOSInfo@@@1@QAVOSInfo@@@Z 0040e540 f i protect.obj
 0001:0000d5a0       ??$destroy@VRAMInfo@@@?$_Default_allocator_traits@V?$allocator@VRAMInfo@@@std@@@std@@SAXAAV?$allocator@VRAMInfo@@@1@QAVRAMInfo@@@Z 0040e5a0 f i protect.obj
 0001:0000d600       ??$end@D$0BF@@std@@YAPADAAY0BF@D@Z 0040e600 f i protect.obj
 0001:0000d660       ??$endl@DU?$char_traits@D@std@@@std@@YAAAV?$basic_ostream@DU?$char_traits@D@std@@@0@AAV10@@Z 0040e660 f i protect.obj
 0001:0000d710       ??$exchange@PAU_Container_proxy@std@@$$T@std@@YAPAU_Container_proxy@0@AAPAU10@$$QA$$T@Z 0040e710 f i protect.obj
 0001:0000d780       ??$exchange@PAVCPUInfoDelegate@@$$T@std@@YAPAVCPUInfoDelegate@@AAPAV1@$$QA$$T@Z 0040e780 f i protect.obj
 0001:0000d7f0       ??$exchange@PAVGPUInfoDelegate@@$$T@std@@YAPAVGPUInfoDelegate@@AAPAV1@$$QA$$T@Z 0040e7f0 f i protect.obj
 0001:0000d860       ??$exchange@PAVMotherboardInfoDelegate@@$$T@std@@YAPAVMotherboardInfoDelegate@@AAPAV1@$$QA$$T@Z 0040e860 f i protect.obj
 0001:0000d8d0       ??$exchange@PAVOSInfoDelegate@@$$T@std@@YAPAVOSInfoDelegate@@AAPAV1@$$QA$$T@Z 0040e8d0 f i protect.obj
 0001:0000d940       ??$exchange@PAVRAMInfoDelegate@@$$T@std@@YAPAVRAMInfoDelegate@@AAPAV1@$$QA$$T@Z 0040e940 f i protect.obj
 0001:0000d9b0       ??$forward@AAPAVCPUInfoDelegate@@@std@@YAAAPAVCPUInfoDelegate@@AAPAV1@@Z 0040e9b0 f i protect.obj
 0001:0000da00       ??$forward@AAPAVGPUInfoDelegate@@@std@@YAAAPAVGPUInfoDelegate@@AAPAV1@@Z 0040ea00 f i protect.obj
 0001:0000da50       ??$forward@AAPAVMotherboardInfoDelegate@@@std@@YAAAPAVMotherboardInfoDelegate@@AAPAV1@@Z 0040ea50 f i protect.obj
 0001:0000daa0       ??$forward@AAPAVOSInfoDelegate@@@std@@YAAAPAVOSInfoDelegate@@AAPAV1@@Z 0040eaa0 f i protect.obj
 0001:0000daf0       ??$forward@AAPAVRAMInfoDelegate@@@std@@YAAAPAVRAMInfoDelegate@@AAPAV1@@Z 0040eaf0 f i protect.obj
 0001:0000db40       ??$forward@ABQAD@std@@YAABQADABQAD@Z 0040eb40 f i protect.obj
 0001:0000db90       ??$forward@ABV?$allocator@D@std@@@std@@YAABV?$allocator@D@0@ABV10@@Z 0040eb90 f i protect.obj
 0001:0000dbe0       ??$forward@PAU_Container_base12@std@@@std@@YA$$QAPAU_Container_base12@0@AAPAU10@@Z 0040ebe0 f i protect.obj
 0001:0000dc30       ??$forward@PAVCPUInfoDelegate@@@std@@YA$$QAPAVCPUInfoDelegate@@AAPAV1@@Z 0040ec30 f i protect.obj
 0001:0000dc80       ??$forward@PAVGPUInfoDelegate@@@std@@YA$$QAPAVGPUInfoDelegate@@AAPAV1@@Z 0040ec80 f i protect.obj
 0001:0000dcd0       ??$forward@PAVMotherboardInfoDelegate@@@std@@YA$$QAPAVMotherboardInfoDelegate@@AAPAV1@@Z 0040ecd0 f i protect.obj
 0001:0000dd20       ??$forward@PAVOSInfoDelegate@@@std@@YA$$QAPAVOSInfoDelegate@@AAPAV1@@Z 0040ed20 f i protect.obj
 0001:0000dd70       ??$forward@PAVRAMInfoDelegate@@@std@@YA$$QAPAVRAMInfoDelegate@@AAPAV1@@Z 0040ed70 f i protect.obj
 0001:0000ddc0       ??$forward@U?$default_delete@VCPUInfoDelegate@@@std@@@std@@YA$$QAU?$default_delete@VCPUInfoDelegate@@@0@AAU10@@Z 0040edc0 f i protect.obj
 0001:0000de10       ??$forward@U?$default_delete@VGPUInfoDelegate@@@std@@@std@@YA$$QAU?$default_delete@VGPUInfoDelegate@@@0@AAU10@@Z 0040ee10 f i protect.obj
 0001:0000de60       ??$forward@U?$default_delete@VMotherboardInfoDelegate@@@std@@@std@@YA$$QAU?$default_delete@VMotherboardInfoDelegate@@@0@AAU10@@Z 0040ee60 f i protect.obj
 0001:0000deb0       ??$forward@U?$default_delete@VOSInfoDelegate@@@std@@@std@@YA$$QAU?$default_delete@VOSInfoDelegate@@@0@AAU10@@Z 0040eeb0 f i protect.obj
 0001:0000df00       ??$forward@U?$default_delete@VRAMInfoDelegate@@@std@@@std@@YA$$QAU?$default_delete@VRAMInfoDelegate@@@0@AAU10@@Z 0040ef00 f i protect.obj
 0001:0000df50       ??$forward@V?$allocator@D@std@@@std@@YA$$QAV?$allocator@D@0@AAV10@@Z 0040ef50 f i protect.obj
 0001:0000dfa0       ??$make_unique@VCPUInfoDelegate@@$$V$0A@@std@@YA?AV?$unique_ptr@VCPUInfoDelegate@@U?$default_delete@VCPUInfoDelegate@@@std@@@0@XZ 0040efa0 f i protect.obj
 0001:0000e100       ??$make_unique@VGPUInfoDelegate@@$$V$0A@@std@@YA?AV?$unique_ptr@VGPUInfoDelegate@@U?$default_delete@VGPUInfoDelegate@@@std@@@0@XZ 0040f100 f i protect.obj
 0001:0000e260       ??$make_unique@VMotherboardInfoDelegate@@$$V$0A@@std@@YA?AV?$unique_ptr@VMotherboardInfoDelegate@@U?$default_delete@VMotherboardInfoDelegate@@@std@@@0@XZ 0040f260 f i protect.obj
 0001:0000e3c0       ??$make_unique@VOSInfoDelegate@@$$V$0A@@std@@YA?AV?$unique_ptr@VOSInfoDelegate@@U?$default_delete@VOSInfoDelegate@@@std@@@0@XZ 0040f3c0 f i protect.obj
 0001:0000e520       ??$make_unique@VRAMInfoDelegate@@$$V$0A@@std@@YA?AV?$unique_ptr@VRAMInfoDelegate@@U?$default_delete@VRAMInfoDelegate@@@std@@@0@XZ 0040f520 f i protect.obj
 0001:0000e680       ??$max@I@std@@YAABIABI0@Z  0040f680 f i protect.obj
 0001:0000e710       ??$min@I@std@@YAABIABI0@Z  0040f710 f i protect.obj
 0001:0000e7a0       ??$move@AAV?$allocator@D@std@@@std@@YA$$QAV?$allocator@D@0@AAV10@@Z 0040f7a0 f i protect.obj
 0001:0000e7f0       ??0?$_Container_proxy_ptr12@V?$allocator@U_Container_proxy@std@@@std@@@std@@QAE@AAV?$allocator@U_Container_proxy@std@@@1@AAU_Container_base12@1@@Z 0040f7f0 f i protect.obj
 0001:0000e8b0       ??0?$_String_val@U?$_Simple_types@D@std@@@std@@QAE@XZ 0040f8b0 f i protect.obj
 0001:0000e940       ??0?$_Vector_const_iterator@V?$_Vector_val@U?$_Simple_types@VCPUInfo@@@std@@@std@@@std@@QAE@$$QAV01@@Z 0040f940 f i protect.obj
 0001:0000e9b0       ??0?$_Vector_const_iterator@V?$_Vector_val@U?$_Simple_types@VCPUInfo@@@std@@@std@@@std@@QAE@ABV01@@Z 0040f9b0 f i protect.obj
 0001:0000ea20       ??0?$_Vector_const_iterator@V?$_Vector_val@U?$_Simple_types@VCPUInfo@@@std@@@std@@@std@@QAE@PAVCPUInfo@@PBU_Container_base12@1@@Z 0040fa20 f i protect.obj
 0001:0000eaa0       ??0?$_Vector_const_iterator@V?$_Vector_val@U?$_Simple_types@VGPUInfo@@@std@@@std@@@std@@QAE@$$QAV01@@Z 0040faa0 f i protect.obj
 0001:0000eb10       ??0?$_Vector_const_iterator@V?$_Vector_val@U?$_Simple_types@VGPUInfo@@@std@@@std@@@std@@QAE@ABV01@@Z 0040fb10 f i protect.obj
 0001:0000eb80       ??0?$_Vector_const_iterator@V?$_Vector_val@U?$_Simple_types@VGPUInfo@@@std@@@std@@@std@@QAE@PAVGPUInfo@@PBU_Container_base12@1@@Z 0040fb80 f i protect.obj
 0001:0000ec00       ??0?$_Vector_const_iterator@V?$_Vector_val@U?$_Simple_types@VMotherboardInfo@@@std@@@std@@@std@@QAE@$$QAV01@@Z 0040fc00 f i protect.obj
 0001:0000ec70       ??0?$_Vector_const_iterator@V?$_Vector_val@U?$_Simple_types@VMotherboardInfo@@@std@@@std@@@std@@QAE@ABV01@@Z 0040fc70 f i protect.obj
 0001:0000ece0       ??0?$_Vector_const_iterator@V?$_Vector_val@U?$_Simple_types@VMotherboardInfo@@@std@@@std@@@std@@QAE@PAVMotherboardInfo@@PBU_Container_base12@1@@Z 0040fce0 f i protect.obj
 0001:0000ed60       ??0?$_Vector_const_iterator@V?$_Vector_val@U?$_Simple_types@VOSInfo@@@std@@@std@@@std@@QAE@$$QAV01@@Z 0040fd60 f i protect.obj
 0001:0000edd0       ??0?$_Vector_const_iterator@V?$_Vector_val@U?$_Simple_types@VOSInfo@@@std@@@std@@@std@@QAE@ABV01@@Z 0040fdd0 f i protect.obj
 0001:0000ee40       ??0?$_Vector_const_iterator@V?$_Vector_val@U?$_Simple_types@VOSInfo@@@std@@@std@@@std@@QAE@PAVOSInfo@@PBU_Container_base12@1@@Z 0040fe40 f i protect.obj
 0001:0000eec0       ??0?$_Vector_const_iterator@V?$_Vector_val@U?$_Simple_types@VRAMInfo@@@std@@@std@@@std@@QAE@$$QAV01@@Z 0040fec0 f i protect.obj
 0001:0000ef30       ??0?$_Vector_const_iterator@V?$_Vector_val@U?$_Simple_types@VRAMInfo@@@std@@@std@@@std@@QAE@ABV01@@Z 0040ff30 f i protect.obj
 0001:0000efa0       ??0?$_Vector_const_iterator@V?$_Vector_val@U?$_Simple_types@VRAMInfo@@@std@@@std@@@std@@QAE@PAVRAMInfo@@PBU_Container_base12@1@@Z 0040ffa0 f i protect.obj
 0001:0000f020       ??0?$_Vector_iterator@V?$_Vector_val@U?$_Simple_types@VCPUInfo@@@std@@@std@@@std@@QAE@PAVCPUInfo@@PBU_Container_base12@1@@Z 00410020 f i protect.obj
 0001:0000f080       ??0?$_Vector_iterator@V?$_Vector_val@U?$_Simple_types@VGPUInfo@@@std@@@std@@@std@@QAE@PAVGPUInfo@@PBU_Container_base12@1@@Z 00410080 f i protect.obj
 0001:0000f0e0       ??0?$_Vector_iterator@V?$_Vector_val@U?$_Simple_types@VMotherboardInfo@@@std@@@std@@@std@@QAE@PAVMotherboardInfo@@PBU_Container_base12@1@@Z 004100e0 f i protect.obj
 0001:0000f140       ??0?$_Vector_iterator@V?$_Vector_val@U?$_Simple_types@VOSInfo@@@std@@@std@@@std@@QAE@PAVOSInfo@@PBU_Container_base12@1@@Z 00410140 f i protect.obj
 0001:0000f1a0       ??0?$_Vector_iterator@V?$_Vector_val@U?$_Simple_types@VRAMInfo@@@std@@@std@@@std@@QAE@PAVRAMInfo@@PBU_Container_base12@1@@Z 004101a0 f i protect.obj
 0001:0000f200       ??0?$allocator@D@std@@QAE@XZ 00410200 f i protect.obj
 0001:0000f260       ??0?$basic_string@DU?$char_traits@D@std@@V?$allocator@D@2@@std@@QAE@$$QAV01@@Z 00410260 f i protect.obj
 0001:0000f370       ??0?$basic_string@DU?$char_traits@D@std@@V?$allocator@D@2@@std@@QAE@ABV01@IIABV?$allocator@D@1@@Z 00410370 f i protect.obj
 0001:0000f500       ??0?$basic_string@DU?$char_traits@D@std@@V?$allocator@D@2@@std@@QAE@QBD@Z 00410500 f i protect.obj
 0001:0000f680       ??0?$basic_string@DU?$char_traits@D@std@@V?$allocator@D@2@@std@@QAE@XZ 00410680 f i protect.obj
 0001:0000f760       ??0_Bxty@?$_String_val@U?$_Simple_types@D@std@@@std@@QAE@XZ 00410760 f i protect.obj
 0001:0000f7c0       ??0_Container_base12@std@@QAE@XZ 004107c0 f i protect.obj
 0001:0000f820       ??0_Container_proxy@std@@QAE@PAU_Container_base12@1@@Z 00410820 f i protect.obj
 0001:0000f890       ??0_Iterator_base12@std@@QAE@ABU01@@Z 00410890 f i protect.obj
 0001:0000f910       ??0_Iterator_base12@std@@QAE@XZ 00410910 f i protect.obj
 0001:0000f980       ??0_Sentry_base@?$basic_ostream@DU?$char_traits@D@std@@@std@@QAE@AAV12@@Z 00410980 f i protect.obj
 0001:0000fa40       ??0bad_alloc@std@@AAE@QBD@Z 00410a40 f i protect.obj
 0001:0000fac0       ??0bad_alloc@std@@QAE@ABV01@@Z 00410ac0 f i protect.obj
 0001:0000fb30       ??0bad_array_new_length@std@@QAE@ABV01@@Z 00410b30 f i protect.obj
 0001:0000fba0       ??0bad_array_new_length@std@@QAE@XZ 00410ba0 f i protect.obj
 0001:0000fc10       ??0exception@std@@QAE@ABV01@@Z 00410c10 f i protect.obj
 0001:0000fca0       ??0exception@std@@QAE@QBDH@Z 00410ca0 f i protect.obj
 0001:0000fd20       ??0sentry@?$basic_ostream@DU?$char_traits@D@std@@@std@@QAE@AAV12@@Z 00410d20 f i protect.obj
 0001:0000fe90       ??1?$_Compressed_pair@V?$allocator@D@std@@V?$_String_val@U?$_Simple_types@D@std@@@2@$00@std@@QAE@XZ 00410e90 f i protect.obj
 0001:0000fee0       ??1?$_Container_proxy_ptr12@V?$allocator@U_Container_proxy@std@@@std@@@std@@QAE@XZ 00410ee0 f i protect.obj
 0001:0000ff60       ??1?$_String_val@U?$_Simple_types@D@std@@@std@@QAE@XZ 00410f60 f i protect.obj
 0001:0000ffc0       ??1?$_Vector_const_iterator@V?$_Vector_val@U?$_Simple_types@VCPUInfo@@@std@@@std@@@std@@QAE@XZ 00410fc0 f i protect.obj
 0001:00010010       ??1?$_Vector_const_iterator@V?$_Vector_val@U?$_Simple_types@VGPUInfo@@@std@@@std@@@std@@QAE@XZ 00411010 f i protect.obj
 0001:00010060       ??1?$_Vector_const_iterator@V?$_Vector_val@U?$_Simple_types@VMotherboardInfo@@@std@@@std@@@std@@QAE@XZ 00411060 f i protect.obj
 0001:000100b0       ??1?$_Vector_const_iterator@V?$_Vector_val@U?$_Simple_types@VOSInfo@@@std@@@std@@@std@@QAE@XZ 004110b0 f i protect.obj
 0001:00010100       ??1?$_Vector_const_iterator@V?$_Vector_val@U?$_Simple_types@VRAMInfo@@@std@@@std@@@std@@QAE@XZ 00411100 f i protect.obj
 0001:00010150       ??1?$_Vector_iterator@V?$_Vector_val@U?$_Simple_types@VCPUInfo@@@std@@@std@@@std@@QAE@XZ 00411150 f i protect.obj
 0001:000101a0       ??1?$_Vector_iterator@V?$_Vector_val@U?$_Simple_types@VGPUInfo@@@std@@@std@@@std@@QAE@XZ 004111a0 f i protect.obj
 0001:000101f0       ??1?$_Vector_iterator@V?$_Vector_val@U?$_Simple_types@VMotherboardInfo@@@std@@@std@@@std@@QAE@XZ 004111f0 f i protect.obj
 0001:00010240       ??1?$_Vector_iterator@V?$_Vector_val@U?$_Simple_types@VOSInfo@@@std@@@std@@@std@@QAE@XZ 00411240 f i protect.obj
 0001:00010290       ??1?$_Vector_iterator@V?$_Vector_val@U?$_Simple_types@VRAMInfo@@@std@@@std@@@std@@QAE@XZ 00411290 f i protect.obj
 0001:000102e0       ??1?$basic_string@DU?$char_traits@D@std@@V?$allocator@D@2@@std@@QAE@XZ 004112e0 f i protect.obj
 0001:000103e0       ??1?$unique_ptr@VCPUInfoDelegate@@U?$default_delete@VCPUInfoDelegate@@@std@@@std@@QAE@XZ 004113e0 f i protect.obj
 0001:00010460       ??1?$unique_ptr@VGPUInfoDelegate@@U?$default_delete@VGPUInfoDelegate@@@std@@@std@@QAE@XZ 00411460 f i protect.obj
 0001:000104e0       ??1?$unique_ptr@VMotherboardInfoDelegate@@U?$default_delete@VMotherboardInfoDelegate@@@std@@@std@@QAE@XZ 004114e0 f i protect.obj
 0001:00010560       ??1?$unique_ptr@VOSInfoDelegate@@U?$default_delete@VOSInfoDelegate@@@std@@@std@@QAE@XZ 00411560 f i protect.obj
 0001:000105e0       ??1?$unique_ptr@VRAMInfoDelegate@@U?$default_delete@VRAMInfoDelegate@@@std@@@std@@QAE@XZ 004115e0 f i protect.obj
 0001:00010660       ??1?$vector@VCPUInfo@@V?$allocator@VCPUInfo@@@std@@@std@@QAE@XZ 00411660 f i protect.obj
 0001:00010760       ??1?$vector@VGPUInfo@@V?$allocator@VGPUInfo@@@std@@@std@@QAE@XZ 00411760 f i protect.obj
 0001:00010860       ??1?$vector@VMotherboardInfo@@V?$allocator@VMotherboardInfo@@@std@@@std@@QAE@XZ 00411860 f i protect.obj
 0001:00010960       ??1?$vector@VOSInfo@@V?$allocator@VOSInfo@@@std@@@std@@QAE@XZ 00411960 f i protect.obj
 0001:00010a60       ??1?$vector@VRAMInfo@@V?$allocator@VRAMInfo@@@std@@@std@@QAE@XZ 00411a60 f i protect.obj
 0001:00010b60       ??1CPUInfo@@QAE@XZ         00411b60 f i protect.obj
 0001:00010c00       ??1CPUInfoDelegate@@QAE@XZ 00411c00 f i protect.obj
 0001:00010c50       ??1GPUInfo@@QAE@XZ         00411c50 f i protect.obj
 0001:00010d30       ??1GPUInfoDelegate@@QAE@XZ 00411d30 f i protect.obj
 0001:00010d80       ??1MotherboardInfo@@QAE@XZ 00411d80 f i protect.obj
 0001:00010e10       ??1MotherboardInfoDelegate@@QAE@XZ 00411e10 f i protect.obj
 0001:00010e60       ??1OSInfo@@QAE@XZ          00411e60 f i protect.obj
 0001:00010f90       ??1OSInfoDelegate@@QAE@XZ  00411f90 f i protect.obj
 0001:00010fe0       ??1RAMInfo@@QAE@XZ         00411fe0 f i protect.obj
 0001:000110a0       ??1RAMInfoDelegate@@QAE@XZ 004120a0 f i protect.obj
 0001:000110f0       ??1_Bxty@?$_String_val@U?$_Simple_types@D@std@@@std@@QAE@XZ 004120f0 f i protect.obj
 0001:00011150       ??1_Iterator_base12@std@@QAE@XZ 00412150 f i protect.obj
 0001:00011230       ??1_Sentry_base@?$basic_ostream@DU?$char_traits@D@std@@@std@@QAE@XZ 00412230 f i protect.obj
 0001:00011320       ??1bad_alloc@std@@UAE@XZ   00412320 f i protect.obj
 0001:00011370       ??1bad_array_new_length@std@@UAE@XZ 00412370 f i protect.obj
 0001:000113c0       ??1exception@std@@UAE@XZ   004123c0 f i protect.obj
 0001:00011430       ??1sentry@?$basic_ostream@DU?$char_traits@D@std@@@std@@QAE@XZ 00412430 f i protect.obj
 0001:00011520       ??2@YAPAXIPAX@Z            00412520 f i protect.obj
 0001:00011570       ??4_Iterator_base12@std@@QAEAAU01@ABU01@@Z 00412570 f i protect.obj
 0001:00011680       ??8?$_Vector_const_iterator@V?$_Vector_val@U?$_Simple_types@VCPUInfo@@@std@@@std@@@std@@QBE_NABV01@@Z 00412680 f i protect.obj
 0001:00011720       ??8?$_Vector_const_iterator@V?$_Vector_val@U?$_Simple_types@VGPUInfo@@@std@@@std@@@std@@QBE_NABV01@@Z 00412720 f i protect.obj
 0001:000117c0       ??8?$_Vector_const_iterator@V?$_Vector_val@U?$_Simple_types@VMotherboardInfo@@@std@@@std@@@std@@QBE_NABV01@@Z 004127c0 f i protect.obj
 0001:00011860       ??8?$_Vector_const_iterator@V?$_Vector_val@U?$_Simple_types@VOSInfo@@@std@@@std@@@std@@QBE_NABV01@@Z 00412860 f i protect.obj
 0001:00011900       ??8?$_Vector_const_iterator@V?$_Vector_val@U?$_Simple_types@VRAMInfo@@@std@@@std@@@std@@QBE_NABV01@@Z 00412900 f i protect.obj
 0001:000119a0       ??9?$_Vector_const_iterator@V?$_Vector_val@U?$_Simple_types@VCPUInfo@@@std@@@std@@@std@@QBE_NABV01@@Z 004129a0 f i protect.obj
 0001:00011a30       ??9?$_Vector_const_iterator@V?$_Vector_val@U?$_Simple_types@VGPUInfo@@@std@@@std@@@std@@QBE_NABV01@@Z 00412a30 f i protect.obj
 0001:00011ac0       ??9?$_Vector_const_iterator@V?$_Vector_val@U?$_Simple_types@VMotherboardInfo@@@std@@@std@@@std@@QBE_NABV01@@Z 00412ac0 f i protect.obj
 0001:00011b50       ??9?$_Vector_const_iterator@V?$_Vector_val@U?$_Simple_types@VOSInfo@@@std@@@std@@@std@@QBE_NABV01@@Z 00412b50 f i protect.obj
 0001:00011be0       ??9?$_Vector_const_iterator@V?$_Vector_val@U?$_Simple_types@VRAMInfo@@@std@@@std@@@std@@QBE_NABV01@@Z 00412be0 f i protect.obj
 0001:00011c70       ??A?$basic_string@DU?$char_traits@D@std@@V?$allocator@D@2@@std@@QAEAADI@Z 00412c70 f i protect.obj
 0001:00011d60       ??Bsentry@?$basic_ostream@DU?$char_traits@D@std@@@std@@QBE_NXZ 00412d60 f i protect.obj
 0001:00011dc0       ??C?$_Vector_const_iterator@V?$_Vector_val@U?$_Simple_types@VCPUInfo@@@std@@@std@@@std@@QBEPBVCPUInfo@@XZ 00412dc0 f i protect.obj
 0001:00011f40       ??C?$_Vector_const_iterator@V?$_Vector_val@U?$_Simple_types@VGPUInfo@@@std@@@std@@@std@@QBEPBVGPUInfo@@XZ 00412f40 f i protect.obj
 0001:000120c0       ??C?$_Vector_const_iterator@V?$_Vector_val@U?$_Simple_types@VMotherboardInfo@@@std@@@std@@@std@@QBEPBVMotherboardInfo@@XZ 004130c0 f i protect.obj
 0001:00012240       ??C?$_Vector_const_iterator@V?$_Vector_val@U?$_Simple_types@VOSInfo@@@std@@@std@@@std@@QBEPBVOSInfo@@XZ 00413240 f i protect.obj
 0001:000123c0       ??C?$_Vector_const_iterator@V?$_Vector_val@U?$_Simple_types@VRAMInfo@@@std@@@std@@@std@@QBEPBVRAMInfo@@XZ 004133c0 f i protect.obj
 0001:00012540       ??C?$unique_ptr@VCPUInfoDelegate@@U?$default_delete@VCPUInfoDelegate@@@std@@@std@@QBEPAVCPUInfoDelegate@@XZ 00413540 f i protect.obj
 0001:000125a0       ??C?$unique_ptr@VGPUInfoDelegate@@U?$default_delete@VGPUInfoDelegate@@@std@@@std@@QBEPAVGPUInfoDelegate@@XZ 004135a0 f i protect.obj
 0001:00012600       ??C?$unique_ptr@VMotherboardInfoDelegate@@U?$default_delete@VMotherboardInfoDelegate@@@std@@@std@@QBEPAVMotherboardInfoDelegate@@XZ 00413600 f i protect.obj
 0001:00012660       ??C?$unique_ptr@VOSInfoDelegate@@U?$default_delete@VOSInfoDelegate@@@std@@@std@@QBEPAVOSInfoDelegate@@XZ 00413660 f i protect.obj
 0001:000126c0       ??C?$unique_ptr@VRAMInfoDelegate@@U?$default_delete@VRAMInfoDelegate@@@std@@@std@@QBEPAVRAMInfoDelegate@@XZ 004136c0 f i protect.obj
 0001:00012720       ??E?$_Vector_const_iterator@V?$_Vector_val@U?$_Simple_types@VCPUInfo@@@std@@@std@@@std@@QAE?AV01@H@Z 00413720 f i protect.obj
 0001:00012810       ??E?$_Vector_const_iterator@V?$_Vector_val@U?$_Simple_types@VCPUInfo@@@std@@@std@@@std@@QAEAAV01@XZ 00413810 f i protect.obj
 0001:00012990       ??E?$_Vector_const_iterator@V?$_Vector_val@U?$_Simple_types@VGPUInfo@@@std@@@std@@@std@@QAE?AV01@H@Z 00413990 f i protect.obj
 0001:00012a80       ??E?$_Vector_const_iterator@V?$_Vector_val@U?$_Simple_types@VGPUInfo@@@std@@@std@@@std@@QAEAAV01@XZ 00413a80 f i protect.obj
 0001:00012c00       ??E?$_Vector_const_iterator@V?$_Vector_val@U?$_Simple_types@VMotherboardInfo@@@std@@@std@@@std@@QAE?AV01@H@Z 00413c00 f i protect.obj
 0001:00012cf0       ??E?$_Vector_const_iterator@V?$_Vector_val@U?$_Simple_types@VMotherboardInfo@@@std@@@std@@@std@@QAEAAV01@XZ 00413cf0 f i protect.obj
 0001:00012e70       ??E?$_Vector_const_iterator@V?$_Vector_val@U?$_Simple_types@VOSInfo@@@std@@@std@@@std@@QAE?AV01@H@Z 00413e70 f i protect.obj
 0001:00012f60       ??E?$_Vector_const_iterator@V?$_Vector_val@U?$_Simple_types@VOSInfo@@@std@@@std@@@std@@QAEAAV01@XZ 00413f60 f i protect.obj
 0001:000130e0       ??E?$_Vector_const_iterator@V?$_Vector_val@U?$_Simple_types@VRAMInfo@@@std@@@std@@@std@@QAE?AV01@H@Z 004140e0 f i protect.obj
 0001:000131d0       ??E?$_Vector_const_iterator@V?$_Vector_val@U?$_Simple_types@VRAMInfo@@@std@@@std@@@std@@QAEAAV01@XZ 004141d0 f i protect.obj
 0001:00013350       ??R<lambda_9366063389c5f42a00a5088cf24e69de>@@QBEXQADIQBD@Z 00414350 f i protect.obj
 0001:000133f0       ??R<lambda_ab246b20b9526e2ef7792587e4298a77>@@QBEXQADQBDI1I@Z 004143f0 f i protect.obj
 0001:000134b0       ??R?$default_delete@VCPUInfoDelegate@@@std@@QBEXPAVCPUInfoDelegate@@@Z 004144b0 f i protect.obj
 0001:00013550       ??R?$default_delete@VGPUInfoDelegate@@@std@@QBEXPAVGPUInfoDelegate@@@Z 00414550 f i protect.obj
 0001:000135f0       ??R?$default_delete@VMotherboardInfoDelegate@@@std@@QBEXPAVMotherboardInfoDelegate@@@Z 004145f0 f i protect.obj
 0001:00013690       ??R?$default_delete@VOSInfoDelegate@@@std@@QBEXPAVOSInfoDelegate@@@Z 00414690 f i protect.obj
 0001:00013730       ??R?$default_delete@VRAMInfoDelegate@@@std@@QBEXPAVRAMInfoDelegate@@@Z 00414730 f i protect.obj
 0001:000137d0       ??Y?$basic_string@DU?$char_traits@D@std@@V?$allocator@D@2@@std@@QAEAAV01@QBD@Z 004147d0 f i protect.obj
 0001:00013840       ??_GCPUInfo@@QAEPAXI@Z     00414840 f i protect.obj
 0001:000138c0       ??_GCPUInfoDelegate@@QAEPAXI@Z 004148c0 f i protect.obj
 0001:00013930       ??_GGPUInfo@@QAEPAXI@Z     00414930 f i protect.obj
 0001:000139b0       ??_GGPUInfoDelegate@@QAEPAXI@Z 004149b0 f i protect.obj
 0001:00013a20       ??_GMotherboardInfo@@QAEPAXI@Z 00414a20 f i protect.obj
 0001:00013aa0       ??_GMotherboardInfoDelegate@@QAEPAXI@Z 00414aa0 f i protect.obj
 0001:00013b10       ??_GOSInfo@@QAEPAXI@Z      00414b10 f i protect.obj
 0001:00013b90       ??_GOSInfoDelegate@@QAEPAXI@Z 00414b90 f i protect.obj
 0001:00013c00       ??_GRAMInfo@@QAEPAXI@Z     00414c00 f i protect.obj
 0001:00013c80       ??_GRAMInfoDelegate@@QAEPAXI@Z 00414c80 f i protect.obj
 0001:00013cf0       ??_Ebad_alloc@std@@UAEPAXI@Z 00414cf0 f i protect.obj
 0001:00013cf0       ??_Gbad_alloc@std@@UAEPAXI@Z 00414cf0 f i protect.obj
 0001:00013d60       ??_Ebad_array_new_length@std@@UAEPAXI@Z 00414d60 f i protect.obj
 0001:00013d60       ??_Gbad_array_new_length@std@@UAEPAXI@Z 00414d60 f i protect.obj
 0001:00013dd0       ??_Gexception@std@@UAEPAXI@Z 00414dd0 f i protect.obj
 0001:00013dd0       ??_Eexception@std@@UAEPAXI@Z 00414dd0 f i protect.obj
 0001:00013e40       ?Gen@@YAKH@Z               00414e40 f   protect.obj
 0001:00013ed0       ?Gen@@YAKV?$basic_string@DU?$char_traits@D@std@@V?$allocator@D@2@@std@@@Z 00414ed0 f   protect.obj
 0001:00013fa0       ?IsValid@@YA_NPBD@Z        00414fa0 f   protect.obj
 0001:00014060       ?IsValidTime@@YA_NHHH@Z    00415060 f   protect.obj
 0001:000144c0       ?KEY@@YA?AV?$basic_string@DU?$char_traits@D@std@@V?$allocator@D@2@@std@@XZ 004154c0 f   protect.obj
 0001:000167c0       ?_Adjust_manually_vector_aligned@std@@YAXAAPAXAAI@Z 004177c0 f i protect.obj
 0001:00016990       ?_Adopt@_Iterator_base12@std@@QAEXPBU_Container_base12@2@@Z 00417990 f i protect.obj
 0001:00016b10       ?_Allocate@_Default_allocate_traits@std@@SAPAXI@Z 00417b10 f i protect.obj
 0001:00016b70       ?_Calculate_growth@?$basic_string@DU?$char_traits@D@std@@V?$allocator@D@2@@std@@ABEII@Z 00417b70 f i protect.obj
 0001:00016bf0       ?_Calculate_growth@?$basic_string@DU?$char_traits@D@std@@V?$allocator@D@2@@std@@CAIIII@Z 00417bf0 f i protect.obj
 0001:00016cf0       ?_Check_offset@?$_String_val@U?$_Simple_types@D@std@@@std@@QBEXI@Z 00417cf0 f i protect.obj
 0001:00016d60       ?_Clamp_suffix_size@?$_String_val@U?$_Simple_types@D@std@@@std@@QBEIII@Z 00417d60 f i protect.obj
 0001:00016de0       ?_Compat@?$_Vector_const_iterator@V?$_Vector_val@U?$_Simple_types@VCPUInfo@@@std@@@std@@@std@@QBEXABV12@@Z 00417de0 f i protect.obj
 0001:00016ed0       ?_Compat@?$_Vector_const_iterator@V?$_Vector_val@U?$_Simple_types@VGPUInfo@@@std@@@std@@@std@@QBEXABV12@@Z 00417ed0 f i protect.obj
 0001:00016fc0       ?_Compat@?$_Vector_const_iterator@V?$_Vector_val@U?$_Simple_types@VMotherboardInfo@@@std@@@std@@@std@@QBEXABV12@@Z 00417fc0 f i protect.obj
 0001:000170b0       ?_Compat@?$_Vector_const_iterator@V?$_Vector_val@U?$_Simple_types@VOSInfo@@@std@@@std@@@std@@QBEXABV12@@Z 004180b0 f i protect.obj
 0001:000171a0       ?_Compat@?$_Vector_const_iterator@V?$_Vector_val@U?$_Simple_types@VRAMInfo@@@std@@@std@@@std@@QBEXABV12@@Z 004181a0 f i protect.obj
 0001:00017290       ?_Construct@?$basic_string@DU?$char_traits@D@std@@V?$allocator@D@2@@std@@QAEXQAD0Urandom_access_iterator_tag@2@@Z 00418290 f i protect.obj
 0001:00017310       ?_Destroy@?$vector@VCPUInfo@@V?$allocator@VCPUInfo@@@std@@@std@@AAEXPAVCPUInfo@@0@Z 00418310 f i protect.obj
 0001:00017390       ?_Destroy@?$vector@VGPUInfo@@V?$allocator@VGPUInfo@@@std@@@std@@AAEXPAVGPUInfo@@0@Z 00418390 f i protect.obj
 0001:00017410       ?_Destroy@?$vector@VMotherboardInfo@@V?$allocator@VMotherboardInfo@@@std@@@std@@AAEXPAVMotherboardInfo@@0@Z 00418410 f i protect.obj
 0001:00017490       ?_Destroy@?$vector@VOSInfo@@V?$allocator@VOSInfo@@@std@@@std@@AAEXPAVOSInfo@@0@Z 00418490 f i protect.obj
 0001:00017510       ?_Destroy@?$vector@VRAMInfo@@V?$allocator@VRAMInfo@@@std@@@std@@AAEXPAVRAMInfo@@0@Z 00418510 f i protect.obj
 0001:00017590       ?_Get_first@?$_Compressed_pair@U?$default_delete@VCPUInfoDelegate@@@std@@PAVCPUInfoDelegate@@$00@std@@QAEAAU?$default_delete@VCPUInfoDelegate@@@2@XZ 00418590 f i protect.obj
 0001:000175f0       ?_Get_first@?$_Compressed_pair@U?$default_delete@VGPUInfoDelegate@@@std@@PAVGPUInfoDelegate@@$00@std@@QAEAAU?$default_delete@VGPUInfoDelegate@@@2@XZ 004185f0 f i protect.obj
 0001:00017650       ?_Get_first@?$_Compressed_pair@U?$default_delete@VMotherboardInfoDelegate@@@std@@PAVMotherboardInfoDelegate@@$00@std@@QAEAAU?$default_delete@VMotherboardInfoDelegate@@@2@XZ 00418650 f i protect.obj
 0001:000176b0       ?_Get_first@?$_Compressed_pair@U?$default_delete@VOSInfoDelegate@@@std@@PAVOSInfoDelegate@@$00@std@@QAEAAU?$default_delete@VOSInfoDelegate@@@2@XZ 004186b0 f i protect.obj
 0001:00017710       ?_Get_first@?$_Compressed_pair@U?$default_delete@VRAMInfoDelegate@@@std@@PAVRAMInfoDelegate@@$00@std@@QAEAAU?$default_delete@VRAMInfoDelegate@@@2@XZ 00418710 f i protect.obj
 0001:00017770       ?_Get_first@?$_Compressed_pair@V?$allocator@D@std@@V?$_String_val@U?$_Simple_types@D@std@@@2@$00@std@@QAEAAV?$allocator@D@2@XZ 00418770 f i protect.obj
 0001:000177d0       ?_Get_first@?$_Compressed_pair@V?$allocator@D@std@@V?$_String_val@U?$_Simple_types@D@std@@@2@$00@std@@QBEABV?$allocator@D@2@XZ 004187d0 f i protect.obj
 0001:00017830       ?_Get_first@?$_Compressed_pair@V?$allocator@VCPUInfo@@@std@@V?$_Vector_val@U?$_Simple_types@VCPUInfo@@@std@@@2@$00@std@@QAEAAV?$allocator@VCPUInfo@@@2@XZ 00418830 f i protect.obj
 0001:00017890       ?_Get_first@?$_Compressed_pair@V?$allocator@VGPUInfo@@@std@@V?$_Vector_val@U?$_Simple_types@VGPUInfo@@@std@@@2@$00@std@@QAEAAV?$allocator@VGPUInfo@@@2@XZ 00418890 f i protect.obj
 0001:000178f0       ?_Get_first@?$_Compressed_pair@V?$allocator@VMotherboardInfo@@@std@@V?$_Vector_val@U?$_Simple_types@VMotherboardInfo@@@std@@@2@$00@std@@QAEAAV?$allocator@VMotherboardInfo@@@2@XZ 004188f0 f i protect.obj
 0001:00017950       ?_Get_first@?$_Compressed_pair@V?$allocator@VOSInfo@@@std@@V?$_Vector_val@U?$_Simple_types@VOSInfo@@@std@@@2@$00@std@@QAEAAV?$allocator@VOSInfo@@@2@XZ 00418950 f i protect.obj
 0001:000179b0       ?_Get_first@?$_Compressed_pair@V?$allocator@VRAMInfo@@@std@@V?$_Vector_val@U?$_Simple_types@VRAMInfo@@@std@@@2@$00@std@@QAEAAV?$allocator@VRAMInfo@@@2@XZ 004189b0 f i protect.obj
 0001:00017a10       ?_Getal@?$basic_string@DU?$char_traits@D@std@@V?$allocator@D@2@@std@@AAEAAV?$allocator@D@2@XZ 00418a10 f i protect.obj
 0001:00017a70       ?_Getal@?$basic_string@DU?$char_traits@D@std@@V?$allocator@D@2@@std@@ABEABV?$allocator@D@2@XZ 00418a70 f i protect.obj
 0001:00017ad0       ?_Getal@?$vector@VCPUInfo@@V?$allocator@VCPUInfo@@@std@@@std@@AAEAAV?$allocator@VCPUInfo@@@2@XZ 00418ad0 f i protect.obj
 0001:00017b30       ?_Getal@?$vector@VGPUInfo@@V?$allocator@VGPUInfo@@@std@@@std@@AAEAAV?$allocator@VGPUInfo@@@2@XZ 00418b30 f i protect.obj
 0001:00017b90       ?_Getal@?$vector@VMotherboardInfo@@V?$allocator@VMotherboardInfo@@@std@@@std@@AAEAAV?$allocator@VMotherboardInfo@@@2@XZ 00418b90 f i protect.obj
 0001:00017bf0       ?_Getal@?$vector@VOSInfo@@V?$allocator@VOSInfo@@@std@@@std@@AAEAAV?$allocator@VOSInfo@@@2@XZ 00418bf0 f i protect.obj
 0001:00017c50       ?_Getal@?$vector@VRAMInfo@@V?$allocator@VRAMInfo@@@std@@@std@@AAEAAV?$allocator@VRAMInfo@@@2@XZ 00418c50 f i protect.obj
 0001:00017cb0       ?_Getcont@_Iterator_base12@std@@QBEPBU_Container_base12@2@XZ 00418cb0 f i protect.obj
 0001:00017d40       ?_Large_string_engaged@?$_String_val@U?$_Simple_types@D@std@@@std@@QBE_NXZ 00418d40 f i protect.obj
 0001:00017dc0       ?_Memcpy_val_from@?$basic_string@DU?$char_traits@D@std@@V?$allocator@D@2@@std@@AAEXABV12@@Z 00418dc0 f i protect.obj
 0001:00017e60       ?_Myptr@?$_String_val@U?$_Simple_types@D@std@@@std@@QAEPADXZ 00418e60 f i protect.obj
 0001:00017ef0       ?_Myptr@?$_String_val@U?$_Simple_types@D@std@@@std@@QBEPBDXZ 00418ef0 f i protect.obj
 0001:00017f80       ?_Orphan_all@_Container_base12@std@@QAEXXZ 00418f80 f i protect.obj
 0001:000180b0       ?_Orphan_me@_Iterator_base12@std@@QAEXXZ 004190b0 f i protect.obj
 0001:000181f0       ?_Release@_Basic_container_proxy_ptr12@std@@QAEXXZ 004191f0 f i protect.obj
 0001:00018250       ?_Swap_proxy_and_iterators@?$basic_string@DU?$char_traits@D@std@@V?$allocator@D@2@@std@@AAEXAAV12@@Z 00419250 f i protect.obj
 0001:000182c0       ?_Swap_proxy_and_iterators@_Container_base12@std@@QAEXAAU12@@Z 004192c0 f i protect.obj
 0001:000183e0       ?_Take_contents@?$basic_string@DU?$char_traits@D@std@@V?$allocator@D@2@@std@@AAEXAAV12@U?$integral_constant@_N$00@2@@Z 004193e0 f i protect.obj
 0001:000184c0       ?_Throw_bad_array_new_length@std@@YAXXZ 004194c0 f i protect.obj
 0001:00018530       ?_Tidy@?$vector@VCPUInfo@@V?$allocator@VCPUInfo@@@std@@@std@@AAEXXZ 00419530 f i protect.obj
 0001:00018670       ?_Tidy@?$vector@VGPUInfo@@V?$allocator@VGPUInfo@@@std@@@std@@AAEXXZ 00419670 f i protect.obj
 0001:000187b0       ?_Tidy@?$vector@VMotherboardInfo@@V?$allocator@VMotherboardInfo@@@std@@@std@@AAEXXZ 004197b0 f i protect.obj
 0001:000188f0       ?_Tidy@?$vector@VOSInfo@@V?$allocator@VOSInfo@@@std@@@std@@AAEXXZ 004198f0 f i protect.obj
 0001:00018a30       ?_Tidy@?$vector@VRAMInfo@@V?$allocator@VRAMInfo@@@std@@@std@@AAEXXZ 00419a30 f i protect.obj
 0001:00018b70       ?_Tidy_deallocate@?$basic_string@DU?$char_traits@D@std@@V?$allocator@D@2@@std@@AAEXXZ 00419b70 f i protect.obj
 0001:00018cb0       ?_Tidy_init@?$basic_string@DU?$char_traits@D@std@@V?$allocator@D@2@@std@@AAEXXZ 00419cb0 f i protect.obj
 0001:00018d50       ?_Xlen_string@std@@YAXXZ   00419d50 f i protect.obj
 0001:00018db0       ?_Xran@?$_String_val@U?$_Simple_types@D@std@@@std@@SAXXZ 00419db0 f i protect.obj
 0001:00018e10       ?__autoclassinit2@?$_Vector_const_iterator@V?$_Vector_val@U?$_Simple_types@VCPUInfo@@@std@@@std@@@std@@QAEXI@Z 00419e10 f i protect.obj
 0001:00018e70       ?__autoclassinit2@?$_Vector_const_iterator@V?$_Vector_val@U?$_Simple_types@VGPUInfo@@@std@@@std@@@std@@QAEXI@Z 00419e70 f i protect.obj
 0001:00018ed0       ?__autoclassinit2@?$_Vector_const_iterator@V?$_Vector_val@U?$_Simple_types@VMotherboardInfo@@@std@@@std@@@std@@QAEXI@Z 00419ed0 f i protect.obj
 0001:00018f30       ?__autoclassinit2@?$_Vector_const_iterator@V?$_Vector_val@U?$_Simple_types@VOSInfo@@@std@@@std@@@std@@QAEXI@Z 00419f30 f i protect.obj
 0001:00018f90       ?__autoclassinit2@?$_Vector_const_iterator@V?$_Vector_val@U?$_Simple_types@VRAMInfo@@@std@@@std@@@std@@QAEXI@Z 00419f90 f i protect.obj
 0001:00018ff0       ?__autoclassinit2@?$unique_ptr@VCPUInfoDelegate@@U?$default_delete@VCPUInfoDelegate@@@std@@@std@@QAEXI@Z 00419ff0 f i protect.obj
 0001:00019050       ?__autoclassinit2@?$unique_ptr@VGPUInfoDelegate@@U?$default_delete@VGPUInfoDelegate@@@std@@@std@@QAEXI@Z 0041a050 f i protect.obj
 0001:000190b0       ?__autoclassinit2@?$unique_ptr@VMotherboardInfoDelegate@@U?$default_delete@VMotherboardInfoDelegate@@@std@@@std@@QAEXI@Z 0041a0b0 f i protect.obj
 0001:00019110       ?__autoclassinit2@?$unique_ptr@VOSInfoDelegate@@U?$default_delete@VOSInfoDelegate@@@std@@@std@@QAEXI@Z 0041a110 f i protect.obj
 0001:00019170       ?__autoclassinit2@?$unique_ptr@VRAMInfoDelegate@@U?$default_delete@VRAMInfoDelegate@@@std@@@std@@QAEXI@Z 0041a170 f i protect.obj
 0001:000191d0       ?__autoclassinit2@?$vector@VCPUInfo@@V?$allocator@VCPUInfo@@@std@@@std@@QAEXI@Z 0041a1d0 f i protect.obj
 0001:00019230       ?__autoclassinit2@?$vector@VGPUInfo@@V?$allocator@VGPUInfo@@@std@@@std@@QAEXI@Z 0041a230 f i protect.obj
 0001:00019290       ?__autoclassinit2@?$vector@VMotherboardInfo@@V?$allocator@VMotherboardInfo@@@std@@@std@@QAEXI@Z 0041a290 f i protect.obj
 0001:000192f0       ?__autoclassinit2@?$vector@VOSInfo@@V?$allocator@VOSInfo@@@std@@@std@@QAEXI@Z 0041a2f0 f i protect.obj
 0001:00019350       ?__autoclassinit2@?$vector@VRAMInfo@@V?$allocator@VRAMInfo@@@std@@@std@@QAEXI@Z 0041a350 f i protect.obj
 0001:000193b0       ?__autoclassinit2@CPUInfoDelegate@@QAEXI@Z 0041a3b0 f i protect.obj
 0001:00019410       ?__autoclassinit2@GPUInfoDelegate@@QAEXI@Z 0041a410 f i protect.obj
 0001:00019470       ?__autoclassinit2@MotherboardInfoDelegate@@QAEXI@Z 0041a470 f i protect.obj
 0001:000194d0       ?__autoclassinit2@OSInfoDelegate@@QAEXI@Z 0041a4d0 f i protect.obj
 0001:00019530       ?__autoclassinit2@RAMInfoDelegate@@QAEXI@Z 0041a530 f i protect.obj
 0001:00019590       ?allocate@?$allocator@D@std@@QAEPADI@Z 0041a590 f i protect.obj
 0001:00019600       ?allocate@?$allocator@U_Container_proxy@std@@@std@@QAEPAU_Container_proxy@2@I@Z 0041a600 f i protect.obj
 0001:00019670       ?append@?$basic_string@DU?$char_traits@D@std@@V?$allocator@D@2@@std@@QAEAAV12@ABV12@II@Z 0041a670 f i protect.obj
 0001:00019710       ?append@?$basic_string@DU?$char_traits@D@std@@V?$allocator@D@2@@std@@QAEAAV12@QBD@Z 0041a710 f i protect.obj
 0001:00019790       ?append@?$basic_string@DU?$char_traits@D@std@@V?$allocator@D@2@@std@@QAEAAV12@QBDI@Z 0041a790 f i protect.obj
 0001:000198a0       ?assign@?$_Narrow_char_traits@DH@std@@SAXAADABD@Z 0041a8a0 f i protect.obj
 0001:00019900       ?assign@?$basic_string@DU?$char_traits@D@std@@V?$allocator@D@2@@std@@QAEAAV12@ABV12@II@Z 0041a900 f i protect.obj
 0001:000199a0       ?assign@?$basic_string@DU?$char_traits@D@std@@V?$allocator@D@2@@std@@QAEAAV12@QBD@Z 0041a9a0 f i protect.obj
 0001:00019a20       ?assign@?$basic_string@DU?$char_traits@D@std@@V?$allocator@D@2@@std@@QAEAAV12@QBDI@Z 0041aa20 f i protect.obj
 0001:00019b10       ?begin@?$vector@VCPUInfo@@V?$allocator@VCPUInfo@@@std@@@std@@QAE?AV?$_Vector_iterator@V?$_Vector_val@U?$_Simple_types@VCPUInfo@@@std@@@std@@@2@XZ 0041ab10 f i protect.obj
 0001:00019ba0       ?begin@?$vector@VGPUInfo@@V?$allocator@VGPUInfo@@@std@@@std@@QAE?AV?$_Vector_iterator@V?$_Vector_val@U?$_Simple_types@VGPUInfo@@@std@@@std@@@2@XZ 0041aba0 f i protect.obj
 0001:00019c30       ?begin@?$vector@VMotherboardInfo@@V?$allocator@VMotherboardInfo@@@std@@@std@@QAE?AV?$_Vector_iterator@V?$_Vector_val@U?$_Simple_types@VMotherboardInfo@@@std@@@std@@@2@XZ 0041ac30 f i protect.obj
 0001:00019cc0       ?begin@?$vector@VOSInfo@@V?$allocator@VOSInfo@@@std@@@std@@QAE?AV?$_Vector_iterator@V?$_Vector_val@U?$_Simple_types@VOSInfo@@@std@@@std@@@2@XZ 0041acc0 f i protect.obj
 0001:00019d50       ?begin@?$vector@VRAMInfo@@V?$allocator@VRAMInfo@@@std@@@std@@QAE?AV?$_Vector_iterator@V?$_Vector_val@U?$_Simple_types@VRAMInfo@@@std@@@std@@@2@XZ 0041ad50 f i protect.obj
 0001:00019de0       ?c_str@?$basic_string@DU?$char_traits@D@std@@V?$allocator@D@2@@std@@QBEPBDXZ 0041ade0 f i protect.obj
 0001:00019e40       ?compare@?$_Narrow_char_traits@DH@std@@SAHQBD0I@Z 0041ae40 f i protect.obj
 0001:00019eb0       ?compare@?$basic_string@DU?$char_traits@D@std@@V?$allocator@D@2@@std@@QBEHQBD@Z 0041aeb0 f i protect.obj
 0001:00019f40       ?copy@?$_Char_traits@DH@std@@SAPADQADQBDI@Z 0041af40 f i protect.obj
 0001:00019fb0       ?deallocate@?$_Default_allocator_traits@V?$allocator@U_Container_proxy@std@@@std@@@std@@SAXAAV?$allocator@U_Container_proxy@std@@@2@QAU_Container_proxy@2@I@Z 0041afb0 f i protect.obj
 0001:0001a020       ?deallocate@?$allocator@D@std@@QAEXQADI@Z 0041b020 f i protect.obj
 0001:0001a090       ?deallocate@?$allocator@VCPUInfo@@@std@@QAEXQAVCPUInfo@@I@Z 0041b090 f i protect.obj
 0001:0001a100       ?deallocate@?$allocator@VGPUInfo@@@std@@QAEXQAVGPUInfo@@I@Z 0041b100 f i protect.obj
 0001:0001a170       ?deallocate@?$allocator@VMotherboardInfo@@@std@@QAEXQAVMotherboardInfo@@I@Z 0041b170 f i protect.obj
 0001:0001a1e0       ?deallocate@?$allocator@VOSInfo@@@std@@QAEXQAVOSInfo@@I@Z 0041b1e0 f i protect.obj
 0001:0001a250       ?deallocate@?$allocator@VRAMInfo@@@std@@QAEXQAVRAMInfo@@I@Z 0041b250 f i protect.obj
 0001:0001a2c0       ?end@?$vector@VCPUInfo@@V?$allocator@VCPUInfo@@@std@@@std@@QAE?AV?$_Vector_iterator@V?$_Vector_val@U?$_Simple_types@VCPUInfo@@@std@@@std@@@2@XZ 0041b2c0 f i protect.obj
 0001:0001a350       ?end@?$vector@VGPUInfo@@V?$allocator@VGPUInfo@@@std@@@std@@QAE?AV?$_Vector_iterator@V?$_Vector_val@U?$_Simple_types@VGPUInfo@@@std@@@std@@@2@XZ 0041b350 f i protect.obj
 0001:0001a3e0       ?end@?$vector@VMotherboardInfo@@V?$allocator@VMotherboardInfo@@@std@@@std@@QAE?AV?$_Vector_iterator@V?$_Vector_val@U?$_Simple_types@VMotherboardInfo@@@std@@@std@@@2@XZ 0041b3e0 f i protect.obj
 0001:0001a470       ?end@?$vector@VOSInfo@@V?$allocator@VOSInfo@@@std@@@std@@QAE?AV?$_Vector_iterator@V?$_Vector_val@U?$_Simple_types@VOSInfo@@@std@@@std@@@2@XZ 0041b470 f i protect.obj
 0001:0001a500       ?end@?$vector@VRAMInfo@@V?$allocator@VRAMInfo@@@std@@@std@@QAE?AV?$_Vector_iterator@V?$_Vector_val@U?$_Simple_types@VRAMInfo@@@std@@@std@@@2@XZ 0041b500 f i protect.obj
 0001:0001a590       ?eof@?$_Narrow_char_traits@DH@std@@SAHXZ 0041b590 f i protect.obj
 0001:0001a5e0       ?eq_int_type@?$_Narrow_char_traits@DH@std@@SA_NABH0@Z 0041b5e0 f i protect.obj
 0001:0001a660       ?get_allocator@?$basic_string@DU?$char_traits@D@std@@V?$allocator@D@2@@std@@QBE?AV?$allocator@D@2@XZ 0041b660 f i protect.obj
 0001:0001a6d0       ?get_deleter@?$unique_ptr@VCPUInfoDelegate@@U?$default_delete@VCPUInfoDelegate@@@std@@@std@@QAEAAU?$default_delete@VCPUInfoDelegate@@@2@XZ 0041b6d0 f i protect.obj
 0001:0001a730       ?get_deleter@?$unique_ptr@VGPUInfoDelegate@@U?$default_delete@VGPUInfoDelegate@@@std@@@std@@QAEAAU?$default_delete@VGPUInfoDelegate@@@2@XZ 0041b730 f i protect.obj
 0001:0001a790       ?get_deleter@?$unique_ptr@VMotherboardInfoDelegate@@U?$default_delete@VMotherboardInfoDelegate@@@std@@@std@@QAEAAU?$default_delete@VMotherboardInfoDelegate@@@2@XZ 0041b790 f i protect.obj
 0001:0001a7f0       ?get_deleter@?$unique_ptr@VOSInfoDelegate@@U?$default_delete@VOSInfoDelegate@@@std@@@std@@QAEAAU?$default_delete@VOSInfoDelegate@@@2@XZ 0041b7f0 f i protect.obj
 0001:0001a850       ?get_deleter@?$unique_ptr@VRAMInfoDelegate@@U?$default_delete@VRAMInfoDelegate@@@std@@@std@@QAEAAU?$default_delete@VRAMInfoDelegate@@@2@XZ 0041b850 f i protect.obj
 0001:0001a8b0       ?length@?$_Narrow_char_traits@DH@std@@SAIQBD@Z 0041b8b0 f i protect.obj
 0001:0001a910       ?max@?$numeric_limits@H@std@@SAHXZ 0041b910 f i protect.obj
 0001:0001a970       ?max_size@?$_Default_allocator_traits@V?$allocator@D@std@@@std@@SAIABV?$allocator@D@2@@Z 0041b970 f i protect.obj
 0001:0001a9c0       ?max_size@?$basic_string@DU?$char_traits@D@std@@V?$allocator@D@2@@std@@QBEIXZ 0041b9c0 f i protect.obj
 0001:0001aaf0       ?move@?$_Char_traits@DH@std@@SAPADQADQBDI@Z 0041baf0 f i protect.obj
 0001:0001ab60       ?release@?$unique_ptr@VCPUInfoDelegate@@U?$default_delete@VCPUInfoDelegate@@@std@@@std@@QAEPAVCPUInfoDelegate@@XZ 0041bb60 f i protect.obj
 0001:0001abe0       ?release@?$unique_ptr@VGPUInfoDelegate@@U?$default_delete@VGPUInfoDelegate@@@std@@@std@@QAEPAVGPUInfoDelegate@@XZ 0041bbe0 f i protect.obj
 0001:0001ac60       ?release@?$unique_ptr@VMotherboardInfoDelegate@@U?$default_delete@VMotherboardInfoDelegate@@@std@@@std@@QAEPAVMotherboardInfoDelegate@@XZ 0041bc60 f i protect.obj
 0001:0001ace0       ?release@?$unique_ptr@VOSInfoDelegate@@U?$default_delete@VOSInfoDelegate@@@std@@@std@@QAEPAVOSInfoDelegate@@XZ 0041bce0 f i protect.obj
 0001:0001ad60       ?release@?$unique_ptr@VRAMInfoDelegate@@U?$default_delete@VRAMInfoDelegate@@@std@@@std@@QAEPAVRAMInfoDelegate@@XZ 0041bd60 f i protect.obj
 0001:0001ade0       ?size@?$basic_string@DU?$char_traits@D@std@@V?$allocator@D@2@@std@@QBEIXZ 0041bde0 f i protect.obj
 0001:0001ae40       ?stoi@std@@YAHABV?$basic_string@DU?$char_traits@D@std@@V?$allocator@D@2@@1@PAIH@Z 0041be40 f i protect.obj
 0001:0001afa0       ?substr@?$basic_string@DU?$char_traits@D@std@@V?$allocator@D@2@@std@@QBE?AV12@II@Z 0041bfa0 f i protect.obj
 0001:0001b050       ?to_string@std@@YA?AV?$basic_string@DU?$char_traits@D@std@@V?$allocator@D@2@@1@H@Z 0041c050 f i protect.obj
 0001:0001b0e0       ?what@exception@std@@UBEPBDXZ 0041c0e0 f i protect.obj
 0001:0001b170       ?write_to_string@@YAIPAXII0@Z 0041c170 f   protect.obj
 0001:0001b250       ___local_stdio_printf_options 0041c250 f i protect.obj
 0001:0001b2b0       __vsnprintf_l              0041c2b0 f i protect.obj
 0001:0001b370       __vsprintf_l               0041c370 f i protect.obj
 0001:0001b450       _sprintf                   0041c450 f i protect.obj
 0001:0001b4d0       ??$?0$$V@?$_Compressed_pair@V?$allocator@V?$basic_string@DU?$char_traits@D@std@@V?$allocator@D@2@@std@@@std@@V?$_Vector_val@U?$_Simple_types@V?$basic_string@DU?$char_traits@D@std@@V?$allocator@D@2@@std@@@std@@@2@$00@std@@QAE@U_Zero_then_variadic_args_t@1@@Z 0041c4d0 f i systeminfo.obj
 0001:0001b540       ??$?0$$V@?$_Compressed_pair@V?$allocator@VCPUInfo@@@std@@V?$_Vector_val@U?$_Simple_types@VCPUInfo@@@std@@@2@$00@std@@QAE@U_Zero_then_variadic_args_t@1@@Z 0041c540 f i systeminfo.obj
 0001:0001b5b0       ??$?0$$V@?$_Compressed_pair@V?$allocator@VGPUInfo@@@std@@V?$_Vector_val@U?$_Simple_types@VGPUInfo@@@std@@@2@$00@std@@QAE@U_Zero_then_variadic_args_t@1@@Z 0041c5b0 f i systeminfo.obj
 0001:0001b620       ??$?0$$V@?$_Compressed_pair@V?$allocator@VMotherboardInfo@@@std@@V?$_Vector_val@U?$_Simple_types@VMotherboardInfo@@@std@@@2@$00@std@@QAE@U_Zero_then_variadic_args_t@1@@Z 0041c620 f i systeminfo.obj
 0001:0001b690       ??$?0$$V@?$_Compressed_pair@V?$allocator@VOSInfo@@@std@@V?$_Vector_val@U?$_Simple_types@VOSInfo@@@std@@@2@$00@std@@QAE@U_Zero_then_variadic_args_t@1@@Z 0041c690 f i systeminfo.obj
 0001:0001b700       ??$?0$$V@?$_Compressed_pair@V?$allocator@VRAMInfo@@@std@@V?$_Vector_val@U?$_Simple_types@VRAMInfo@@@std@@@2@$00@std@@QAE@U_Zero_then_variadic_args_t@1@@Z 0041c700 f i systeminfo.obj
 0001:0001b770       ??$?0AAPAV_Facet_base@std@@@?$_Compressed_pair@U?$default_delete@V_Facet_base@std@@@std@@PAV_Facet_base@2@$00@std@@QAE@U_Zero_then_variadic_args_t@1@AAPAV_Facet_base@1@@Z 0041c770 f i systeminfo.obj
 0001:0001b7e0       ??$?0AAV?$allocator@D@std@@$$V@?$_Compressed_pair@V?$allocator@D@std@@V?$_String_val@U?$_Simple_types@D@std@@@2@$00@std@@QAE@U_One_then_variadic_args_t@1@AAV?$allocator@D@1@@Z 0041c7e0 f i systeminfo.obj
 0001:0001b8d0       ??$?0ABV?$allocator@V?$basic_string@DU?$char_traits@D@std@@V?$allocator@D@2@@std@@@std@@$$V@?$_Compressed_pair@V?$allocator@V?$basic_string@DU?$char_traits@D@std@@V?$allocator@D@2@@std@@@std@@V?$_Vector_val@U?$_Simple_types@V?$basic_string@DU?$char_traits@D@std@@V?$allocator@D@2@@std@@@std@@@2@$00@std@@QAE@U_One_then_variadic_args_t@1@ABV?$allocator@V?$basic_string@DU?$char_traits@D@std@@V?$allocator@D@2@@std@@@1@@Z 0041c8d0 f i systeminfo.obj
 0001:0001b940       ??$?0U?$default_delete@V_Facet_base@std@@@std@@$0A@@?$unique_ptr@V_Facet_base@std@@U?$default_delete@V_Facet_base@std@@@2@@std@@QAE@PAV_Facet_base@1@@Z 0041c940 f i systeminfo.obj
 0001:0001bb00       ??$?0V?$allocator@V?$basic_string@DU?$char_traits@D@std@@V?$allocator@D@2@@std@@@std@@$$V@?$_Compressed_pair@V?$allocator@V?$basic_string@DU?$char_traits@D@std@@V?$allocator@D@2@@std@@@std@@V?$_Vector_val@U?$_Simple_types@V?$basic_string@DU?$char_traits@D@std@@V?$allocator@D@2@@std@@@std@@@2@$00@std@@QAE@U_One_then_variadic_args_t@1@$$QAV?$allocator@V?$basic_string@DU?$char_traits@D@std@@V?$allocator@D@2@@std@@@1@@Z 0041cb00 f i systeminfo.obj
 0001:0001bb70       ??$?0V?$allocator@VCPUInfo@@@std@@$$V@?$_Compressed_pair@V?$allocator@VCPUInfo@@@std@@V?$_Vector_val@U?$_Simple_types@VCPUInfo@@@std@@@2@$00@std@@QAE@U_One_then_variadic_args_t@1@$$QAV?$allocator@VCPUInfo@@@1@@Z 0041cb70 f i systeminfo.obj
 0001:0001bbe0       ??$?0V?$allocator@VGPUInfo@@@std@@$$V@?$_Compressed_pair@V?$allocator@VGPUInfo@@@std@@V?$_Vector_val@U?$_Simple_types@VGPUInfo@@@std@@@2@$00@std@@QAE@U_One_then_variadic_args_t@1@$$QAV?$allocator@VGPUInfo@@@1@@Z 0041cbe0 f i systeminfo.obj
 0001:0001bc50       ??$?0V?$allocator@VMotherboardInfo@@@std@@$$V@?$_Compressed_pair@V?$allocator@VMotherboardInfo@@@std@@V?$_Vector_val@U?$_Simple_types@VMotherboardInfo@@@std@@@2@$00@std@@QAE@U_One_then_variadic_args_t@1@$$QAV?$allocator@VMotherboardInfo@@@1@@Z 0041cc50 f i systeminfo.obj
 0001:0001bcc0       ??$?0V?$allocator@VOSInfo@@@std@@$$V@?$_Compressed_pair@V?$allocator@VOSInfo@@@std@@V?$_Vector_val@U?$_Simple_types@VOSInfo@@@std@@@2@$00@std@@QAE@U_One_then_variadic_args_t@1@$$QAV?$allocator@VOSInfo@@@1@@Z 0041ccc0 f i systeminfo.obj
 0001:0001bd30       ??$?0V?$allocator@VRAMInfo@@@std@@$$V@?$_Compressed_pair@V?$allocator@VRAMInfo@@@std@@V?$_Vector_val@U?$_Simple_types@VRAMInfo@@@std@@@2@$00@std@@QAE@U_One_then_variadic_args_t@1@$$QAV?$allocator@VRAMInfo@@@1@@Z 0041cd30 f i systeminfo.obj
 0001:0001bda0       ??$?0V?$basic_string@DU?$char_traits@D@std@@V?$allocator@D@2@@std@@@?$allocator@U_Container_proxy@std@@@std@@QAE@ABV?$allocator@V?$basic_string@DU?$char_traits@D@std@@V?$allocator@D@2@@std@@@1@@Z 0041cda0 f i systeminfo.obj
 0001:0001be00       ??$?5DU?$char_traits@D@std@@V?$allocator@D@1@@std@@YAAAV?$basic_istream@DU?$char_traits@D@std@@@0@$$QAV10@AAV?$basic_string@DU?$char_traits@D@std@@V?$allocator@D@2@@0@@Z 0041ce00 f i systeminfo.obj
 0001:0001c2d0       ??$?5DU?$char_traits@D@std@@V?$allocator@D@1@@std@@YAAAV?$basic_istream@DU?$char_traits@D@std@@@0@AAV10@AAV?$basic_string@DU?$char_traits@D@std@@V?$allocator@D@2@@0@@Z 0041d2d0 f i systeminfo.obj
 0001:0001c340       ??$?6DU?$char_traits@D@std@@V?$allocator@D@1@@std@@YAAAV?$basic_ostream@DU?$char_traits@D@std@@@0@AAV10@ABV?$basic_string@DU?$char_traits@D@std@@V?$allocator@D@2@@0@@Z 0041d340 f i systeminfo.obj
 0001:0001c3b0       ??$?8DU?$char_traits@D@std@@V?$allocator@D@1@@std@@YA_NABV?$basic_string@DU?$char_traits@D@std@@V?$allocator@D@2@@0@QBD@Z 0041d3b0 f i systeminfo.obj
 0001:0001c410       ??$?9DU?$char_traits@D@std@@V?$allocator@D@1@@std@@YA_NABV?$basic_string@DU?$char_traits@D@std@@V?$allocator@D@2@@0@QBD@Z 0041d410 f i systeminfo.obj
 0001:0001c4a0       ??$?HDU?$char_traits@D@std@@V?$allocator@D@1@@std@@YA?AV?$basic_string@DU?$char_traits@D@std@@V?$allocator@D@2@@0@$$QAV10@0@Z 0041d4a0 f i systeminfo.obj
 0001:0001c5d0       ??$?HDU?$char_traits@D@std@@V?$allocator@D@1@@std@@YA?AV?$basic_string@DU?$char_traits@D@std@@V?$allocator@D@2@@0@$$QAV10@QBD@Z 0041d5d0 f i systeminfo.obj
 0001:0001c670       ??$?HDU?$char_traits@D@std@@V?$allocator@D@1@@std@@YA?AV?$basic_string@DU?$char_traits@D@std@@V?$allocator@D@2@@0@ABV10@QBD@Z 0041d670 f i systeminfo.obj
 0001:0001c780       ??$_Allocators_equal@V?$allocator@D@std@@@std@@YA_NABV?$allocator@D@0@0@Z 0041d780 f i systeminfo.obj
 0001:0001c860       ??$_Const_cast@$$CBV?$basic_string@DU?$char_traits@D@std@@V?$allocator@D@2@@std@@@std@@YA@PBV?$basic_string@DU?$char_traits@D@std@@V?$allocator@D@2@@0@@Z 0041d860 f i systeminfo.obj
 0001:0001c8b0       ??$_Deallocate@$03$0A@@std@@YAXPAXI@Z 0041d8b0 f i systeminfo.obj
 0001:0001c970       ??$_Destroy_range@V?$allocator@V?$basic_string@DU?$char_traits@D@std@@V?$allocator@D@2@@std@@@std@@@std@@YAXPAV?$basic_string@DU?$char_traits@D@std@@V?$allocator@D@2@@0@QAV10@AAV?$allocator@V?$basic_string@DU?$char_traits@D@std@@V?$allocator@D@2@@std@@@0@@Z 0041d970 f i systeminfo.obj
 0001:0001ca30       ??$_Emplace_back@AAV?$basic_string@DU?$char_traits@D@std@@V?$allocator@D@2@@std@@@?$_Uninitialized_backout_al@V?$allocator@V?$basic_string@DU?$char_traits@D@std@@V?$allocator@D@2@@std@@@std@@@std@@QAEXAAV?$basic_string@DU?$char_traits@D@std@@V?$allocator@D@2@@1@@Z 0041da30 f i systeminfo.obj
 0001:0001cad0       ??$_Emplace_back@AAVCPUInfo@@@?$_Uninitialized_backout_al@V?$allocator@VCPUInfo@@@std@@@std@@QAEXAAVCPUInfo@@@Z 0041dad0 f i systeminfo.obj
 0001:0001cb80       ??$_Emplace_back@AAVGPUInfo@@@?$_Uninitialized_backout_al@V?$allocator@VGPUInfo@@@std@@@std@@QAEXAAVGPUInfo@@@Z 0041db80 f i systeminfo.obj
 0001:0001cc30       ??$_Emplace_back@AAVMotherboardInfo@@@?$_Uninitialized_backout_al@V?$allocator@VMotherboardInfo@@@std@@@std@@QAEXAAVMotherboardInfo@@@Z 0041dc30 f i systeminfo.obj
 0001:0001cce0       ??$_Emplace_back@AAVOSInfo@@@?$_Uninitialized_backout_al@V?$allocator@VOSInfo@@@std@@@std@@QAEXAAVOSInfo@@@Z 0041dce0 f i systeminfo.obj
 0001:0001cd90       ??$_Emplace_back@AAVRAMInfo@@@?$_Uninitialized_backout_al@V?$allocator@VRAMInfo@@@std@@@std@@QAEXAAVRAMInfo@@@Z 0041dd90 f i systeminfo.obj
 0001:0001ce40       ??$_Emplace_back@ABV?$basic_string@DU?$char_traits@D@std@@V?$allocator@D@2@@std@@@?$_Uninitialized_backout_al@V?$allocator@V?$basic_string@DU?$char_traits@D@std@@V?$allocator@D@2@@std@@@std@@@std@@QAEXABV?$basic_string@DU?$char_traits@D@std@@V?$allocator@D@2@@1@@Z 0041de40 f i systeminfo.obj
 0001:0001cee0       ??$_Emplace_back@V?$basic_string@DU?$char_traits@D@std@@V?$allocator@D@2@@std@@@?$_Uninitialized_backout_al@V?$allocator@V?$basic_string@DU?$char_traits@D@std@@V?$allocator@D@2@@std@@@std@@@std@@QAEX$$QAV?$basic_string@DU?$char_traits@D@std@@V?$allocator@D@2@@1@@Z 0041dee0 f i systeminfo.obj
 0001:0001cf80       ??$_Emplace_back@VCPUInfo@@@?$_Uninitialized_backout_al@V?$allocator@VCPUInfo@@@std@@@std@@QAEX$$QAVCPUInfo@@@Z 0041df80 f i systeminfo.obj
 0001:0001d030       ??$_Emplace_back@VGPUInfo@@@?$_Uninitialized_backout_al@V?$allocator@VGPUInfo@@@std@@@std@@QAEX$$QAVGPUInfo@@@Z 0041e030 f i systeminfo.obj
 0001:0001d0e0       ??$_Emplace_back@VMotherboardInfo@@@?$_Uninitialized_backout_al@V?$allocator@VMotherboardInfo@@@std@@@std@@QAEX$$QAVMotherboardInfo@@@Z 0041e0e0 f i systeminfo.obj
 0001:0001d190       ??$_Emplace_back@VOSInfo@@@?$_Uninitialized_backout_al@V?$allocator@VOSInfo@@@std@@@std@@QAEX$$QAVOSInfo@@@Z 0041e190 f i systeminfo.obj
 0001:0001d240       ??$_Emplace_back@VRAMInfo@@@?$_Uninitialized_backout_al@V?$allocator@VRAMInfo@@@std@@@std@@QAEX$$QAVRAMInfo@@@Z 0041e240 f i systeminfo.obj
 0001:0001d2f0       ??$_Emplace_back_with_unused_capacity@AAV?$vector@V?$basic_string@DU?$char_traits@D@std@@V?$allocator@D@2@@std@@V?$allocator@V?$basic_string@DU?$char_traits@D@std@@V?$allocator@D@2@@std@@@2@@std@@AAH@?$vector@VCPUInfo@@V?$allocator@VCPUInfo@@@std@@@std@@AAE@AAV?$vector@V?$basic_string@DU?$char_traits@D@std@@V?$allocator@D@2@@std@@V?$allocator@V?$basic_string@DU?$char_traits@D@std@@V?$allocator@D@2@@std@@@2@@1@AAH@Z 0041e2f0 f i systeminfo.obj
 0001:0001d3e0       ??$_Emplace_back_with_unused_capacity@AAV?$vector@V?$basic_string@DU?$char_traits@D@std@@V?$allocator@D@2@@std@@V?$allocator@V?$basic_string@DU?$char_traits@D@std@@V?$allocator@D@2@@std@@@2@@std@@AAH@?$vector@VGPUInfo@@V?$allocator@VGPUInfo@@@std@@@std@@AAE@AAV?$vector@V?$basic_string@DU?$char_traits@D@std@@V?$allocator@D@2@@std@@V?$allocator@V?$basic_string@DU?$char_traits@D@std@@V?$allocator@D@2@@std@@@2@@1@AAH@Z 0041e3e0 f i systeminfo.obj
 0001:0001d4d0       ??$_Emplace_back_with_unused_capacity@AAV?$vector@V?$basic_string@DU?$char_traits@D@std@@V?$allocator@D@2@@std@@V?$allocator@V?$basic_string@DU?$char_traits@D@std@@V?$allocator@D@2@@std@@@2@@std@@AAH@?$vector@VMotherboardInfo@@V?$allocator@VMotherboardInfo@@@std@@@std@@AAE@AAV?$vector@V?$basic_string@DU?$char_traits@D@std@@V?$allocator@D@2@@std@@V?$allocator@V?$basic_string@DU?$char_traits@D@std@@V?$allocator@D@2@@std@@@2@@1@AAH@Z 0041e4d0 f i systeminfo.obj
 0001:0001d5c0       ??$_Emplace_back_with_unused_capacity@AAV?$vector@V?$basic_string@DU?$char_traits@D@std@@V?$allocator@D@2@@std@@V?$allocator@V?$basic_string@DU?$char_traits@D@std@@V?$allocator@D@2@@std@@@2@@std@@AAH@?$vector@VOSInfo@@V?$allocator@VOSInfo@@@std@@@std@@AAE@AAV?$vector@V?$basic_string@DU?$char_traits@D@std@@V?$allocator@D@2@@std@@V?$allocator@V?$basic_string@DU?$char_traits@D@std@@V?$allocator@D@2@@std@@@2@@1@AAH@Z 0041e5c0 f i systeminfo.obj
 0001:0001d6b0       ??$_Emplace_back_with_unused_capacity@AAV?$vector@V?$basic_string@DU?$char_traits@D@std@@V?$allocator@D@2@@std@@V?$allocator@V?$basic_string@DU?$char_traits@D@std@@V?$allocator@D@2@@std@@@2@@std@@AAH@?$vector@VRAMInfo@@V?$allocator@VRAMInfo@@@std@@@std@@AAE@AAV?$vector@V?$basic_string@DU?$char_traits@D@std@@V?$allocator@D@2@@std@@V?$allocator@V?$basic_string@DU?$char_traits@D@std@@V?$allocator@D@2@@std@@@2@@1@AAH@Z 0041e6b0 f i systeminfo.obj
 0001:0001d7a0       ??$_Emplace_back_with_unused_capacity@ABV?$basic_string@DU?$char_traits@D@std@@V?$allocator@D@2@@std@@@?$vector@V?$basic_string@DU?$char_traits@D@std@@V?$allocator@D@2@@std@@V?$allocator@V?$basic_string@DU?$char_traits@D@std@@V?$allocator@D@2@@std@@@2@@std@@AAE@ABV?$basic_string@DU?$char_traits@D@std@@V?$allocator@D@2@@1@@Z 0041e7a0 f i systeminfo.obj
 0001:0001d880       ??$_Emplace_back_with_unused_capacity@V?$basic_string@DU?$char_traits@D@std@@V?$allocator@D@2@@std@@@?$vector@V?$basic_string@DU?$char_traits@D@std@@V?$allocator@D@2@@std@@V?$allocator@V?$basic_string@DU?$char_traits@D@std@@V?$allocator@D@2@@std@@@2@@std@@AAE@$$QAV?$basic_string@DU?$char_traits@D@std@@V?$allocator@D@2@@1@@Z 0041e880 f i systeminfo.obj
 0001:0001d960       ??$_Emplace_reallocate@AAV?$vector@V?$basic_string@DU?$char_traits@D@std@@V?$allocator@D@2@@std@@V?$allocator@V?$basic_string@DU?$char_traits@D@std@@V?$allocator@D@2@@std@@@2@@std@@AAH@?$vector@VCPUInfo@@V?$allocator@VCPUInfo@@@std@@@std@@QAEPAVCPUInfo@@QAV2@AAV?$vector@V?$basic_string@DU?$char_traits@D@std@@V?$allocator@D@2@@std@@V?$allocator@V?$basic_string@DU?$char_traits@D@std@@V?$allocator@D@2@@std@@@2@@1@AAH@Z 0041e960 f i systeminfo.obj
 0001:0001dc60       ??$_Emplace_reallocate@AAV?$vector@V?$basic_string@DU?$char_traits@D@std@@V?$allocator@D@2@@std@@V?$allocator@V?$basic_string@DU?$char_traits@D@std@@V?$allocator@D@2@@std@@@2@@std@@AAH@?$vector@VGPUInfo@@V?$allocator@VGPUInfo@@@std@@@std@@QAEPAVGPUInfo@@QAV2@AAV?$vector@V?$basic_string@DU?$char_traits@D@std@@V?$allocator@D@2@@std@@V?$allocator@V?$basic_string@DU?$char_traits@D@std@@V?$allocator@D@2@@std@@@2@@1@AAH@Z 0041ec60 f i systeminfo.obj
 0001:0001df60       ??$_Emplace_reallocate@AAV?$vector@V?$basic_string@DU?$char_traits@D@std@@V?$allocator@D@2@@std@@V?$allocator@V?$basic_string@DU?$char_traits@D@std@@V?$allocator@D@2@@std@@@2@@std@@AAH@?$vector@VMotherboardInfo@@V?$allocator@VMotherboardInfo@@@std@@@std@@QAEPAVMotherboardInfo@@QAV2@AAV?$vector@V?$basic_string@DU?$char_traits@D@std@@V?$allocator@D@2@@std@@V?$allocator@V?$basic_string@DU?$char_traits@D@std@@V?$allocator@D@2@@std@@@2@@1@AAH@Z 0041ef60 f i systeminfo.obj
 0001:0001e260       ??$_Emplace_reallocate@AAV?$vector@V?$basic_string@DU?$char_traits@D@std@@V?$allocator@D@2@@std@@V?$allocator@V?$basic_string@DU?$char_traits@D@std@@V?$allocator@D@2@@std@@@2@@std@@AAH@?$vector@VOSInfo@@V?$allocator@VOSInfo@@@std@@@std@@QAEPAVOSInfo@@QAV2@AAV?$vector@V?$basic_string@DU?$char_traits@D@std@@V?$allocator@D@2@@std@@V?$allocator@V?$basic_string@DU?$char_traits@D@std@@V?$allocator@D@2@@std@@@2@@1@AAH@Z 0041f260 f i systeminfo.obj
 0001:0001e560       ??$_Emplace_reallocate@AAV?$vector@V?$basic_string@DU?$char_traits@D@std@@V?$allocator@D@2@@std@@V?$allocator@V?$basic_string@DU?$char_traits@D@std@@V?$allocator@D@2@@std@@@2@@std@@AAH@?$vector@VRAMInfo@@V?$allocator@VRAMInfo@@@std@@@std@@QAEPAVRAMInfo@@QAV2@AAV?$vector@V?$basic_string@DU?$char_traits@D@std@@V?$allocator@D@2@@std@@V?$allocator@V?$basic_string@DU?$char_traits@D@std@@V?$allocator@D@2@@std@@@2@@1@AAH@Z 0041f560 f i systeminfo.obj
 0001:0001e860       ??$_Emplace_reallocate@ABV?$basic_string@DU?$char_traits@D@std@@V?$allocator@D@2@@std@@@?$vector@V?$basic_string@DU?$char_traits@D@std@@V?$allocator@D@2@@std@@V?$allocator@V?$basic_string@DU?$char_traits@D@std@@V?$allocator@D@2@@std@@@2@@std@@QAEPAV?$basic_string@DU?$char_traits@D@std@@V?$allocator@D@2@@1@QAV21@ABV21@@Z 0041f860 f i systeminfo.obj
 0001:0001eb30       ??$_Emplace_reallocate@V?$basic_string@DU?$char_traits@D@std@@V?$allocator@D@2@@std@@@?$vector@V?$basic_string@DU?$char_traits@D@std@@V?$allocator@D@2@@std@@V?$allocator@V?$basic_string@DU?$char_traits@D@std@@V?$allocator@D@2@@std@@@2@@std@@QAEPAV?$basic_string@DU?$char_traits@D@std@@V?$allocator@D@2@@1@QAV21@$$QAV21@@Z 0041fb30 f i systeminfo.obj
 0001:0001ee00       ??$_Fgetc@D@std@@YA_NAADPAU_iobuf@@@Z 0041fe00 f i systeminfo.obj
 0001:0001ee90       ??$_Fputc@D@std@@YA_NDPAU_iobuf@@@Z 0041fe90 f i systeminfo.obj
 0001:0001ef30       ??$_Get_size_of_n@$0BBM@@std@@YAII@Z 0041ff30 f i systeminfo.obj
 0001:0001efb0       ??$_Get_size_of_n@$0BIM@@std@@YAII@Z 0041ffb0 f i systeminfo.obj
 0001:0001f030       ??$_Get_size_of_n@$0BM@@std@@YAII@Z 00420030 f i systeminfo.obj
 0001:0001f0a0       ??$_Get_size_of_n@$0JA@@std@@YAII@Z 004200a0 f i systeminfo.obj
 0001:0001f120       ??$_Get_size_of_n@$0KM@@std@@YAII@Z 00420120 f i systeminfo.obj
 0001:0001f1a0       ??$_Get_size_of_n@$0OE@@std@@YAII@Z 004201a0 f i systeminfo.obj
 0001:0001f220       ??$_Get_unwrapped@ABQAV?$basic_string@DU?$char_traits@D@std@@V?$allocator@D@2@@std@@@std@@YA@ABQAV?$basic_string@DU?$char_traits@D@std@@V?$allocator@D@2@@0@@Z 00420220 f i systeminfo.obj
 0001:0001f280       ??$_Get_unwrapped@ABQAVCPUInfo@@@std@@YA@ABQAVCPUInfo@@@Z 00420280 f i systeminfo.obj
 0001:0001f2e0       ??$_Get_unwrapped@ABQAVGPUInfo@@@std@@YA@ABQAVGPUInfo@@@Z 004202e0 f i systeminfo.obj
 0001:0001f340       ??$_Get_unwrapped@ABQAVMotherboardInfo@@@std@@YA@ABQAVMotherboardInfo@@@Z 00420340 f i systeminfo.obj
 0001:0001f3a0       ??$_Get_unwrapped@ABQAVOSInfo@@@std@@YA@ABQAVOSInfo@@@Z 004203a0 f i systeminfo.obj
 0001:0001f400       ??$_Get_unwrapped@ABQAVRAMInfo@@@std@@YA@ABQAVRAMInfo@@@Z 00420400 f i systeminfo.obj
 0001:0001f460       ??$_Get_unwrapped@ABQBV?$basic_string@DU?$char_traits@D@std@@V?$allocator@D@2@@std@@@std@@YA@ABQBV?$basic_string@DU?$char_traits@D@std@@V?$allocator@D@2@@0@@Z 00420460 f i systeminfo.obj
 0001:0001f4c0       ??$_Insert_string@DU?$char_traits@D@std@@I@std@@YAAAV?$basic_ostream@DU?$char_traits@D@std@@@0@AAV10@QBDI@Z 004204c0 f i systeminfo.obj
 0001:0001fa20       ??$_Pocca@V?$allocator@D@std@@@std@@YAXAAV?$allocator@D@0@ABV10@@Z 00420a20 f i systeminfo.obj
 0001:0001fa70       ??$_Pocma@V?$allocator@D@std@@@std@@YAXAAV?$allocator@D@0@0@Z 00420a70 f i systeminfo.obj
 0001:0001fad0       ??$_Range_construct_or_tidy@PBV?$basic_string@DU?$char_traits@D@std@@V?$allocator@D@2@@std@@@?$vector@V?$basic_string@DU?$char_traits@D@std@@V?$allocator@D@2@@std@@V?$allocator@V?$basic_string@DU?$char_traits@D@std@@V?$allocator@D@2@@std@@@2@@std@@AAEXPBV?$basic_string@DU?$char_traits@D@std@@V?$allocator@D@2@@1@0Uforward_iterator_tag@1@@Z 00420ad0 f i systeminfo.obj
 0001:0001fc40       ??$_Reallocate_grow_by@V<lambda_15711c68e099a15a58f4d77303cb286d>@@D@?$basic_string@DU?$char_traits@D@std@@V?$allocator@D@2@@std@@AAEAAV01@IV<lambda_15711c68e099a15a58f4d77303cb286d>@@D@Z 00420c40 f i systeminfo.obj
 0001:0001fe50       ??$_Reallocate_grow_by@V<lambda_4d79bb85f269e6e8002a4599002d832c>@@IPBDI@?$basic_string@DU?$char_traits@D@std@@V?$allocator@D@2@@std@@AAEAAV01@IV<lambda_4d79bb85f269e6e8002a4599002d832c>@@IPBDI@Z 00420e50 f i systeminfo.obj
 0001:00020170       ??$_Traits_equal@U?$char_traits@D@std@@@std@@YA_NQBDI0I@Z 00421170 f i systeminfo.obj
 0001:00020210       ??$_Traits_find@U?$char_traits@D@std@@@std@@YAIQBDII0I@Z 00421210 f i systeminfo.obj
 0001:00020310       ??$_Ucopy@PAV?$basic_string@DU?$char_traits@D@std@@V?$allocator@D@2@@std@@@?$vector@V?$basic_string@DU?$char_traits@D@std@@V?$allocator@D@2@@std@@V?$allocator@V?$basic_string@DU?$char_traits@D@std@@V?$allocator@D@2@@std@@@2@@std@@AAEPAV?$basic_string@DU?$char_traits@D@std@@V?$allocator@D@2@@1@PAV21@00@Z 00421310 f i systeminfo.obj
 0001:00020390       ??$_Ucopy@PAVCPUInfo@@@?$vector@VCPUInfo@@V?$allocator@VCPUInfo@@@std@@@std@@AAEPAVCPUInfo@@PAV2@00@Z 00421390 f i systeminfo.obj
 0001:00020410       ??$_Ucopy@PAVGPUInfo@@@?$vector@VGPUInfo@@V?$allocator@VGPUInfo@@@std@@@std@@AAEPAVGPUInfo@@PAV2@00@Z 00421410 f i systeminfo.obj
 0001:00020490       ??$_Ucopy@PAVMotherboardInfo@@@?$vector@VMotherboardInfo@@V?$allocator@VMotherboardInfo@@@std@@@std@@AAEPAVMotherboardInfo@@PAV2@00@Z 00421490 f i systeminfo.obj
 0001:00020510       ??$_Ucopy@PAVOSInfo@@@?$vector@VOSInfo@@V?$allocator@VOSInfo@@@std@@@std@@AAEPAVOSInfo@@PAV2@00@Z 00421510 f i systeminfo.obj
 0001:00020590       ??$_Ucopy@PAVRAMInfo@@@?$vector@VRAMInfo@@V?$allocator@VRAMInfo@@@std@@@std@@AAEPAVRAMInfo@@PAV2@00@Z 00421590 f i systeminfo.obj
[...]
 0002:00013824       __ehfuncinfo$?_Move@?$_Func_impl_no_alloc@V<lambda_0d52666e0c538e4ee8ff2e885d6c0b16>@@V?$basic_string@DU?$char_traits@D@std@@V?$allocator@D@2@@std@@ABV23@@std@@EAEPAV?$_Func_base@V?$basic_string@DU?$char_traits@D@std@@V?$allocator@D@2@@std@@ABV12@@2@PAX@Z 004b7824     systeminfo.obj
 0002:0001384c       __unwindtable$??$_Uninitialized_copy@PBV?$basic_string@DU?$char_traits@D@std@@V?$allocator@D@2@@std@@V?$allocator@V?$basic_string@DU?$char_traits@D@std@@V?$allocator@D@2@@std@@@2@@std@@YAPAV?$basic_string@DU?$char_traits@D@std@@V?$allocator@D@2@@0@QBV10@0PAV10@AAV?$allocator@V?$basic_string@DU?$char_traits@D@std@@V?$allocator@D@2@@std@@@0@@Z 004b784c     systeminfo.obj
 0002:00013854       __ehfuncinfo$??$_Uninitialized_copy@PBV?$basic_string@DU?$char_traits@D@std@@V?$allocator@D@2@@std@@V?$allocator@V?$basic_string@DU?$char_traits@D@std@@V?$allocator@D@2@@std@@@2@@std@@YAPAV?$basic_string@DU?$char_traits@D@std@@V?$allocator@D@2@@0@QBV10@0PAV10@AAV?$allocator@V?$basic_string@DU?$char_traits@D@std@@V?$allocator@D@2@@std@@@0@@Z 004b7854     systeminfo.obj
 0002:0001387c       __ehfuncinfo$??$_Deallocate@$03$0A@@std@@YAXPAXI@Z 004b787c     systeminfo.obj
 0002:000138a4       __ehfuncinfo$??1_Sentry_base@?$basic_istream@DU?$char_traits@D@std@@@std@@QAE@XZ 004b78a4     systeminfo.obj
 0002:000138cc       __unwindtable$??0sentry@?$basic_istream@DU?$char_traits@D@std@@@std@@QAE@AAV12@_N@Z 004b78cc     systeminfo.obj
 0002:000138d4       __ehfuncinfo$??0sentry@?$basic_istream@DU?$char_traits@D@std@@@std@@QAE@AAV12@_N@Z 004b78d4     systeminfo.obj
 0002:00013940       __unwindtable$?_Facet_Register@std@@YAXPAV_Facet_base@1@@Z 004b7940     msvcprtd:locale0_implib.obj
 0002:00013948       __ehfuncinfo$?_Facet_Register@std@@YAXPAV_Facet_base@1@@Z 004b7948     msvcprtd:locale0_implib.obj
 0002:00013970       __sehtable$??_M@YGXPAXIIP6EX0@Z@Z 004b7970     MSVCRTD:ehvecdtr.obj
 0002:00013990       __sehtable$?__ArrayUnwind@@YGXPAXIIP6EX0@Z@Z 004b7990     MSVCRTD:ehvecdtr.obj
 0002:000139b0       __sehtable$___scrt_is_nonwritable_in_current_image 004b79b0     MSVCRTD:utility.obj
 0002:000139d0       __sehtable$?__scrt_common_main_seh@@YAHXZ 004b79d0     MSVCRTD:exe_winmain.obj
 0002:000139f0       __sehtable$?notify_debugger@@YAXABUtagEXCEPTION_VISUALCPP_DEBUG_INFO@@@Z 004b79f0     MSVCRTD:error.obj
 0003:00000068       ?if_prefix@?2??bindlocal@@9@9 004b8068     libcurl:connect.obj
 0003:0000006c       ?host_prefix@?2??bindlocal@@9@9 004b806c     libcurl:connect.obj
 0003:0000022c       ??_R0?AV<lambda_0d52666e0c538e4ee8ff2e885d6c0b16>@@@8 004b822c     systeminfo.obj
 0003:000006e8       ??_R0?AV?$_Func_impl_no_alloc@V<lambda_0d52666e0c538e4ee8ff2e885d6c0b16>@@V?$basic_string@DU?$char_traits@D@std@@V?$allocator@D@2@@std@@ABV23@@std@@@8 004b86e8     systeminfo.obj
 0003:0000144c       ?_Fac_head@std@@3PAU_Fac_node@1@A 004b944c     msvcprtd:locale0_implib.obj
 0003:00001450       ?_Fac_tidy_reg@std@@3U_Fac_tidy_reg_t@1@B 004b9450     msvcprtd:locale0_implib.obj
 0003:00001452       ?init@?1??_RTC_InitBase@@9@4_NA 004b9452     MSVCRTD:init.obj
 0003:0000145c       ?is_initialized_as_dll@@3_NA 004b945c     MSVCRTD:utility.obj
 0003:0000145d       ?module_local_atexit_table_initialized@@3_NA 004b945d     MSVCRTD:utility.obj
 0003:00001460       ?module_local_atexit_table@@3U_onexit_table_t@@A 004b9460     MSVCRTD:utility.obj
 0003:0000146c       ?module_local_at_quick_exit_table@@3U_onexit_table_t@@A 004b946c     MSVCRTD:utility.obj
 0003:00001488       _GS_ExceptionRecord        004b9488     MSVCRTD:gs_report.obj
 0003:000014d8       _GS_ContextRecord          004b94d8     MSVCRTD:gs_report.obj
 0003:00001844       ?_RTC_ErrorReportFunc@@3P6AHHPBDH00ZZA 004b9844     MSVCRTD:userapi.obj
 0003:00001848       ?_RTC_ErrorReportFuncW@@3P6AHHPB_WH00ZZA 004b9848     MSVCRTD:userapi.obj
 0003:0000187c       ?mspdb@@3PAUHINSTANCE__@@A 004b987c     MSVCRTD:pdblkup.obj
 0003:00001880       ?alreadyTried@?1??GetPdbDll@@YAPAUHINSTANCE__@@XZ@4_NA 004b9880     MSVCRTD:pdblkup.obj
 0003:00001881       ?PDBOK@?1??_RTC_GetSrcLine@@YAHPAEPA_WKPAH1K@Z@4_NA 004b9881     MSVCRTD:pdblkup.obj
 0003:00001884       _initialized               004b9884     libcurl:easy.obj
 0003:00001888       _init_flags                004b9888     libcurl:easy.obj
 0003:00001890       ?tv_zero@?1??multi_timeout@@9@9 004b9890     libcurl:multi.obj
 0003:000018a4       ?detectOsState@?1??Curl_sndbufset@@9@9 004b98a4     libcurl:connect.obj
 0003:000018ac       _s_hIpHlpApiDll            004b98ac     libcurl:system_win32.obj
 0003:000018b8       ?tv_zero@?1??Curl_splaygetbest@@9@9 004b98b8     libcurl:splay.obj
 0003:000018cc       ?randseed@?1??randit@@9@9  004b98cc     libcurl:rand.obj
 0003:000018d0       ?seeded@?1??randit@@9@9    004b98d0     libcurl:rand.obj
 0004:0000116e       .idata$6                   004bb16e     kernel32:KERNEL32.dll
 0004:000012ba       .idata$6                   004bb2ba     user32:USER32.dll
 0004:000012da       .idata$6                   004bb2da     gdi32:GDI32.dll
 0004:00001328       .idata$6                   004bb328     advapi32:ADVAPI32.dll
 0004:0000249e       .idata$6                   004bc49e     msvcprtd:MSVCP140D.dll
 0004:000024d8       .idata$6                   004bc4d8     d3d9:d3d9.dll
 0004:000024f4       .idata$6                   004bc4f4     d3dx9:d3dx9_43.dll
 0004:00002578       .idata$6                   004bc578     ws2_32:WS2_32.dll
 0004:00002584       .idata$6                   004bc584     wldap32:WLDAP32.dll
 0004:000026fa       .idata$6                   004bc6fa     vcruntimed:VCRUNTIME140D.dll
 0004:00002c54       .idata$6                   004bcc54     ucrtd:ucrtbased.dll
 0005:00000000       __7242C389_ctype@h         004be000     Main.obj
 0005:00000001       __90A1F774_basetsd@h       004be001     Main.obj
 0005:00000002       __367CC694_corecrt_memcpy_s@h 004be002     Main.obj
 0005:00000003       __35D7DDB3_corecrt_memory@h 004be003     Main.obj
 0005:00000004       __DC9673E3_corecrt_wstring@h 004be004     Main.obj
 0005:00000005       __A29A7DFB_string@h        004be005     Main.obj
 0005:00000006       __3C23D660_guiddef@h       004be006     Main.obj
 0005:00000007       __AF541008_winnt@h         004be007     Main.obj
 0005:00000008       __0D001789_processthreadsapi@h 004be008     Main.obj
 0005:00000009       __F972325D_memoryapi@h     004be009     Main.obj
 0005:0000000a       __76CD430D_winerror@h      004be00a     Main.obj
 0005:0000000b       __737D49DB_winbase@h       004be00b     Main.obj
 0005:0000000c       __1B9502AC_winuser@h       004be00c     Main.obj
 0005:0000000d       __376EBCA0_winioctl@h      004be00d     Main.obj
 0005:0000000e       __24E9E95F_stdlib@h        004be00e     Main.obj
 0005:0000000f       __2CCBBE23_propidl@h       004be00f     Main.obj
 0005:00000010       __AD360DAF_oleauto@h       004be010     Main.obj
 0005:00000011       __0396F1A5_stralign@h      004be011     Main.obj
 0005:00000012       __B47D56BF_vcruntime_new@h 004be012     Main.obj
 0005:00000013       __09340588_corecrt_math@h  004be013     Main.obj
 0005:00000014       __C21D4742_cstdlib         004be014     Main.obj
 0005:00000015       __E5A3C3E7_cmath           004be015     Main.obj
 0005:00000016       __F66CEB67_corecrt_stdio_config@h 004be016     Main.obj
 0005:00000017       __101834BA_corecrt_wstdio@h 004be017     Main.obj
 0005:00000018       __AD6A91B7_stdio@h         004be018     Main.obj
 0005:00000019       __5467428D_corecrt_wconio@h 004be019     Main.obj
 0005:0000001a       __4442441F_corecrt_wio@h   004be01a     Main.obj
 0005:0000001b       __45F4AF76_corecrt_wtime@h 004be01b     Main.obj
 0005:0000001c       __186FF47F_stat@h          004be01c     Main.obj
 0005:0000001d       __534C724A_wchar@h         004be01d     Main.obj
 0005:0000001e       __CF8711D5_type_traits     004be01e     Main.obj
 0005:0000001f       __17C09D42_xutility        004be01f     Main.obj
 0005:00000020       __B0C4CEA9_malloc@h        004be020     Main.obj
 0005:00000021       __4AA59CE7_vcruntime_exception@h 004be021     Main.obj
 0005:00000022       __2EFB0E87_exception       004be022     Main.obj
 0005:00000023       __4B0E324D_limits          004be023     Main.obj
 0005:00000024       __9F85A10A_xmemory         004be024     Main.obj
 0005:00000025       __EB562796_xstring         004be025     Main.obj
 0005:00000026       __A7B534DA_stdexcept       004be026     Main.obj
 0005:00000027       __1E2F7035_xcall_once@h    004be027     Main.obj
 0005:00000028       __8AA3BE86_time@h          004be028     Main.obj
 0005:00000029       __17D805AB_xthreads@h      004be029     Main.obj
 0005:0000002a       __203B6E8F_atomic          004be02a     Main.obj
 0005:0000002b       __A1726215_system_error    004be02b     Main.obj
 0005:0000002c       __6E3609D7_vcruntime_typeinfo@h 004be02c     Main.obj
 0005:0000002d       __671F6E5B_typeinfo        004be02d     Main.obj
 0005:0000002e       __F7A03EC3_memory          004be02e     Main.obj
 0005:0000002f       __DBE569CC_xfacet          004be02f     Main.obj
 0005:00000030       __78968D93_xlocinfo        004be030     Main.obj
 0005:00000031       __346853A7_xlocale         004be031     Main.obj
 0005:00000032       __4173FA80_xiosbase        004be032     Main.obj
 0005:00000033       __AAEF35B0_xlocnum         004be033     Main.obj
 0005:00000034       __6DB3A328_ios             004be034     Main.obj
 0005:00000035       __C617F180_d3dx9math@inl   004be035     Main.obj
 0005:00000036       __5E901DAD_d3dx9math@h     004be036     Main.obj
 0005:00000037       __F6190E33_d3dx9core@h     004be037     Main.obj
 0005:00000038       __8373B85F_string          004be038     Main.obj
 0005:00000039       __343F60E0_Main@cpp        004be039     Main.obj
 0005:0000003a       __44A8BC59_istream         004be03a     Main.obj
 0005:0000003b       __27788963_ostream         004be03b     Main.obj
 0005:0000003c       __A5158C66_streambuf       004be03c     Main.obj
 0005:0000003d       __87E7E7CB_iosfwd          004be03d     Main.obj
 0005:0000003e       __F510C2C9_utility         004be03e     Main.obj
 0005:0000003f       __066C2A02_iterator        004be03f     Main.obj
 0005:00000040       __020F55DB_xstddef         004be040     Main.obj
 0005:00000041       __24F78251_xatomic@h       004be041     Main.obj
 0005:0000004f       __7242C389_ctype@h         004be04f     protect.obj
 0005:00000050       __90A1F774_basetsd@h       004be050     protect.obj
 0005:00000051       __367CC694_corecrt_memcpy_s@h 004be051     protect.obj
 0005:00000052       __35D7DDB3_corecrt_memory@h 004be052     protect.obj
 0005:00000053       __DC9673E3_corecrt_wstring@h 004be053     protect.obj
 0005:00000054       __A29A7DFB_string@h        004be054     protect.obj
 0005:00000055       __3C23D660_guiddef@h       004be055     protect.obj
 0005:00000056       __AF541008_winnt@h         004be056     protect.obj
 0005:00000057       __0D001789_processthreadsapi@h 004be057     protect.obj
 0005:00000058       __F972325D_memoryapi@h     004be058     protect.obj
 0005:00000059       __76CD430D_winerror@h      004be059     protect.obj
 0005:0000005a       __737D49DB_winbase@h       004be05a     protect.obj
 0005:0000005b       __1B9502AC_winuser@h       004be05b     protect.obj
 0005:0000005c       __376EBCA0_winioctl@h      004be05c     protect.obj
 0005:0000005d       __24E9E95F_stdlib@h        004be05d     protect.obj
 0005:0000005e       __2CCBBE23_propidl@h       004be05e     protect.obj
 0005:0000005f       __AD360DAF_oleauto@h       004be05f     protect.obj
 0005:00000060       __0396F1A5_stralign@h      004be060     protect.obj
 0005:00000061       __B47D56BF_vcruntime_new@h 004be061     protect.obj
 0005:00000062       __F66CEB67_corecrt_stdio_config@h 004be062     protect.obj
 0005:00000063       __101834BA_corecrt_wstdio@h 004be063     protect.obj
 0005:00000064       __AD6A91B7_stdio@h         004be064     protect.obj
 0005:00000065       __5467428D_corecrt_wconio@h 004be065     protect.obj
 0005:00000066       __4442441F_corecrt_wio@h   004be066     protect.obj
 0005:00000067       __45F4AF76_corecrt_wtime@h 004be067     protect.obj
 0005:00000068       __186FF47F_stat@h          004be068     protect.obj
 0005:00000069       __534C724A_wchar@h         004be069     protect.obj
 0005:0000006a       __09340588_corecrt_math@h  004be06a     protect.obj
 0005:0000006b       __C21D4742_cstdlib         004be06b     protect.obj
 0005:0000006c       __4B0E324D_limits          004be06c     protect.obj
 0005:0000006d       __CF8711D5_type_traits     004be06d     protect.obj
 0005:0000006e       __B0C4CEA9_malloc@h        004be06e     protect.obj
 0005:0000006f       __4AA59CE7_vcruntime_exception@h 004be06f     protect.obj
 0005:00000070       __2EFB0E87_exception       004be070     protect.obj
 0005:00000071       __17C09D42_xutility        004be071     protect.obj
 0005:00000072       __9F85A10A_xmemory         004be072     protect.obj
 0005:00000073       __EB562796_xstring         004be073     protect.obj
 0005:00000074       __8373B85F_string          004be074     protect.obj
 0005:00000075       __E5A3C3E7_cmath           004be075     protect.obj
 0005:00000076       __A7B534DA_stdexcept       004be076     protect.obj
 0005:00000077       __1E2F7035_xcall_once@h    004be077     protect.obj
 0005:00000078       __8AA3BE86_time@h          004be078     protect.obj
 0005:00000079       __17D805AB_xthreads@h      004be079     protect.obj
 0005:0000007a       __203B6E8F_atomic          004be07a     protect.obj
 0005:0000007b       __A1726215_system_error    004be07b     protect.obj
 0005:0000007c       __6E3609D7_vcruntime_typeinfo@h 004be07c     protect.obj
 0005:0000007d       __671F6E5B_typeinfo        004be07d     protect.obj
 0005:0000007e       __F7A03EC3_memory          004be07e     protect.obj
 0005:0000007f       __DBE569CC_xfacet          004be07f     protect.obj
 0005:00000080       __78968D93_xlocinfo        004be080     protect.obj
 0005:00000081       __346853A7_xlocale         004be081     protect.obj
 0005:00000082       __4173FA80_xiosbase        004be082     protect.obj
 0005:00000083       __AAEF35B0_xlocnum         004be083     protect.obj
 0005:00000084       __6DB3A328_ios             004be084     protect.obj
 0005:00000085       __B2E0CCB0_fstream         004be085     protect.obj
 0005:00000086       __4380DAA6_tuple           004be086     protect.obj
 0005:00000087       __758B8440_functional      004be087     protect.obj
 0005:00000088       __CDE45619_systeminfo@h    004be088     protect.obj
 0005:00000089       __668A7CF6_protect@cpp     004be089     protect.obj
 0005:0000008a       __06A342AD_vector          004be08a     protect.obj
 0005:0000008b       __87067FD9_sstream         004be08b     protect.obj
 0005:0000008c       __F510C2C9_utility         004be08c     protect.obj
 0005:0000008d       __44A8BC59_istream         004be08d     protect.obj
 0005:0000008e       __27788963_ostream         004be08e     protect.obj
 0005:0000008f       __A5158C66_streambuf       004be08f     protect.obj
 0005:00000090       __066C2A02_iterator        004be090     protect.obj
 0005:00000091       __87E7E7CB_iosfwd          004be091     protect.obj
 0005:00000092       __020F55DB_xstddef         004be092     protect.obj
 0005:00000093       __24F78251_xatomic@h       004be093     protect.obj
 0005:000000a1       __09340588_corecrt_math@h  004be0a1     systeminfo.obj
 0005:000000a2       __24E9E95F_stdlib@h        004be0a2     systeminfo.obj
 0005:000000a3       __C21D4742_cstdlib         004be0a3     systeminfo.obj
 0005:000000a4       __F66CEB67_corecrt_stdio_config@h 004be0a4     systeminfo.obj
 0005:000000a5       __101834BA_corecrt_wstdio@h 004be0a5     systeminfo.obj
 0005:000000a6       __AD6A91B7_stdio@h         004be0a6     systeminfo.obj
 0005:000000a7       __367CC694_corecrt_memcpy_s@h 004be0a7     systeminfo.obj
 0005:000000a8       __5467428D_corecrt_wconio@h 004be0a8     systeminfo.obj
 0005:000000a9       __4442441F_corecrt_wio@h   004be0a9     systeminfo.obj
 0005:000000aa       __DC9673E3_corecrt_wstring@h 004be0aa     systeminfo.obj
 0005:000000ab       __45F4AF76_corecrt_wtime@h 004be0ab     systeminfo.obj
 0005:000000ac       __186FF47F_stat@h          004be0ac     systeminfo.obj
 0005:000000ad       __534C724A_wchar@h         004be0ad     systeminfo.obj
 0005:000000ae       __4B0E324D_limits          004be0ae     systeminfo.obj
 0005:000000af       __B47D56BF_vcruntime_new@h 004be0af     systeminfo.obj
 0005:000000b0       __CF8711D5_type_traits     004be0b0     systeminfo.obj
 0005:000000b1       __B0C4CEA9_malloc@h        004be0b1     systeminfo.obj
 0005:000000b2       __4AA59CE7_vcruntime_exception@h 004be0b2     systeminfo.obj
 0005:000000b3       __2EFB0E87_exception       004be0b3     systeminfo.obj
 0005:000000b4       __35D7DDB3_corecrt_memory@h 004be0b4     systeminfo.obj
 0005:000000b5       __A29A7DFB_string@h        004be0b5     systeminfo.obj
 0005:000000b6       __17C09D42_xutility        004be0b6     systeminfo.obj
 0005:000000b7       __9F85A10A_xmemory         004be0b7     systeminfo.obj
 0005:000000b8       __EB562796_xstring         004be0b8     systeminfo.obj
 0005:000000b9       __7242C389_ctype@h         004be0b9     systeminfo.obj
 0005:000000ba       __8373B85F_string          004be0ba     systeminfo.obj
 0005:000000bb       __E5A3C3E7_cmath           004be0bb     systeminfo.obj
 0005:000000bc       __A7B534DA_stdexcept       004be0bc     systeminfo.obj
 0005:000000bd       __1E2F7035_xcall_once@h    004be0bd     systeminfo.obj
 0005:000000be       __8AA3BE86_time@h          004be0be     systeminfo.obj
 0005:000000bf       __17D805AB_xthreads@h      004be0bf     systeminfo.obj
 0005:000000c0       __203B6E8F_atomic          004be0c0     systeminfo.obj
 0005:000000c1       __A1726215_system_error    004be0c1     systeminfo.obj
 0005:000000c2       __6E3609D7_vcruntime_typeinfo@h 004be0c2     systeminfo.obj
 0005:000000c3       __671F6E5B_typeinfo        004be0c3     systeminfo.obj
 0005:000000c4       __F7A03EC3_memory          004be0c4     systeminfo.obj
 0005:000000c5       __DBE569CC_xfacet          004be0c5     systeminfo.obj
 0005:000000c6       __78968D93_xlocinfo        004be0c6     systeminfo.obj
 0005:000000c7       __346853A7_xlocale         004be0c7     systeminfo.obj
 0005:000000c8       __4173FA80_xiosbase        004be0c8     systeminfo.obj
 0005:000000c9       __AAEF35B0_xlocnum         004be0c9     systeminfo.obj
 0005:000000ca       __6DB3A328_ios             004be0ca     systeminfo.obj
 0005:000000cb       __B2E0CCB0_fstream         004be0cb     systeminfo.obj
 0005:000000cc       __4380DAA6_tuple           004be0cc     systeminfo.obj
 0005:000000cd       __758B8440_functional      004be0cd     systeminfo.obj
 0005:000000ce       __CDE45619_systeminfo@h    004be0ce     systeminfo.obj
 0005:000000cf       __06A342AD_vector          004be0cf     systeminfo.obj
 0005:000000d0       __6A677716_systeminfo@cpp  004be0d0     systeminfo.obj
 0005:000000d1       __11D7B391_initializer_list 004be0d1     systeminfo.obj
 0005:000000d2       __87067FD9_sstream         004be0d2     systeminfo.obj
 0005:000000d3       __F510C2C9_utility         004be0d3     systeminfo.obj
 0005:000000d4       __44A8BC59_istream         004be0d4     systeminfo.obj
 0005:000000d5       __27788963_ostream         004be0d5     systeminfo.obj
 0005:000000d6       __A5158C66_streambuf       004be0d6     systeminfo.obj
 0005:000000d7       __87E7E7CB_iosfwd          004be0d7     systeminfo.obj
 0005:000000d8       __066C2A02_iterator        004be0d8     systeminfo.obj
 0005:000000d9       __020F55DB_xstddef         004be0d9     systeminfo.obj
 0005:000000da       __24F78251_xatomic@h       004be0da     systeminfo.obj
 0007:00000170       $R000000                   004c0170     * linker generated manifest res *
