 Warcraft III - External MapHack

 Timestamp is 609011ec (Mon May  3 18:08:28 2021)

 Preferred load address is 00400000

 Start         Length     Name                   Class
 0001:00000000 000009f0H .text$di                CODE
 0001:000009f0 00051c70H .text$mn                CODE
 0001:00052660 00001230H .text$x                 CODE
 0001:00053890 00001d41H .text$yd                CODE
 0002:00000000 000004a4H .idata$5                DATA
 0002:000004a4 00000004H .00cfg                  DATA
 0002:000004a8 00000004H .CRT$XCA                DATA
 0002:000004ac 00000004H .CRT$XCAA               DATA
 0002:000004b0 00000004H .CRT$XCL                DATA
 0002:000004b4 0000013cH .CRT$XCU                DATA
 0002:000005f0 00000004H .CRT$XCZ                DATA
 0002:000005f4 00000004H .CRT$XIA                DATA
 0002:000005f8 00000004H .CRT$XIAA               DATA
 0002:000005fc 00000004H .CRT$XIAC               DATA
 0002:00000600 00000004H .CRT$XIZ                DATA
 0002:00000604 00000004H .CRT$XPA                DATA
 0002:00000608 00000004H .CRT$XPZ                DATA
 0002:0000060c 00000004H .CRT$XTA                DATA
 0002:00000610 00000010H .CRT$XTZ                DATA
 0002:00000614 00000000H .gfids$y                DATA
 0002:00000620 000098a0H .rdata                  DATA
 0002:00009ec0 00000000H .rdata$CastGuardVftablesA DATA
 0002:00009ec0 00000000H .rdata$CastGuardVftablesC DATA
 0002:00009ec0 00000590H .rdata$r                DATA
 0002:0000a450 000000bcH .rdata$sxdata           DATA
 0002:0000a50c 000002ecH .rdata$zzzdbg           DATA
 0002:0000a7f8 00000004H .rtc$IAA                DATA
 0002:0000a7fc 00000004H .rtc$IZZ                DATA
 0002:0000a800 00000004H .rtc$TAA                DATA
 0002:0000a804 00000004H .rtc$TZZ                DATA
 0002:0000a808 0000127cH .xdata$x                DATA
 0002:0000ba84 00000000H .edata                  DATA
 0002:0000ba84 000001a4H .idata$2                DATA
 0002:0000bc28 00000014H .idata$3                DATA
 0002:0000bc3c 000004a4H .idata$4                DATA
 0002:0000c0e0 000019aaH .idata$6                DATA
 0003:00000000 000007a4H .data                   DATA
 0003:000007a4 000000b4H .data$r                 DATA
 0003:00000858 00000398H .data$rs                DATA
 0003:00000bf0 000004d0H .bss                    DATA
 0004:00000000 00000060H .rsrc$01                DATA
 0004:00000060 00000188H .rsrc$02                DATA

  Address         Publics by Value              Rva+Base       Lib:Object

 0000:00000000       ___hybrid_code_map_count   00000000     <absolute>
 0000:00000000       ___guard_check_icall_a64n_fptr 00000000     <absolute>
 0000:00000000       ___arm64x_redirection_metadata_count 00000000     <absolute>
 0000:00000000       ___hybrid_code_map         00000000     <absolute>
 0000:00000000       ___guard_iat_count         00000000     <absolute>
 0000:00000000       ___arm64x_native_entrypoint 00000000     <absolute>
 0000:00000000       ___guard_longjmp_count     00000000     <absolute>
 0000:00000000       ___arm64x_extra_rfe_table_size 00000000     <absolute>
 0000:00000000       ___guard_fids_count        00000000     <absolute>
 0000:00000000       ___enclave_config          00000000     <absolute>
 0000:00000000       ___x64_code_ranges_to_entry_points_count 00000000     <absolute>
 0000:00000000       ___arm64x_redirection_metadata 00000000     <absolute>
 0000:00000000       ___guard_fids_table        00000000     <absolute>
 0000:00000000       ___guard_eh_cont_table     00000000     <absolute>
 0000:00000000       ___guard_iat_table         00000000     <absolute>
 0000:00000000       ___guard_eh_cont_count     00000000     <absolute>
 0000:00000000       ___hybrid_auxiliary_iat    00000000     <absolute>
 0000:00000000       ___dynamic_value_reloc_table 00000000     <absolute>
 0000:00000000       ___AbsoluteZero            00000000     <absolute>
 0000:00000000       ___x64_code_ranges_to_entry_points 00000000     <absolute>
 0000:00000000       ___guard_longjmp_table     00000000     <absolute>
 0000:00000000       ___volatile_metadata       00000000     <absolute>
 0000:00000000       ___hybrid_auxiliary_iat_copy 00000000     <absolute>
 0000:00000000       ___arm64x_extra_rfe_table  00000000     <absolute>
 0000:0000002f       ___safe_se_handler_count   0000002f     <absolute>
 0000:00000100       ___guard_flags             00000100     <absolute>
 0000:00000000       ___ImageBase               00400000     <linker-defined>
 0001:000009f0       _WinMain@16                004019f0 f   Main.obj
 0001:00000ea0       ?Render@@YAXXZ             00401ea0 f   Main.obj
 0001:00001480       ?WndProc@@YGJPAUHWND__@@IIJ@Z 00402480 f   Main.obj
 0001:000014d0       ___local_stdio_printf_options 004024d0 f i protect.obj
 0001:000014e0       __vsnprintf_l              004024e0 f i protect.obj
 0001:00001520       _sprintf                   00402520 f i protect.obj
 0001:00001540       ??0exception@std@@QAE@ABV01@@Z 00402540 f i protect.obj
 0001:00001570       ?what@exception@std@@UBEPBDXZ 00402570 f i protect.obj
 0001:00001580       ??_Ebad_alloc@std@@UAEPAXI@Z 00402580 f i * CIL library *:* CIL module *
 0001:00001580       ??_Gbad_alloc@std@@UAEPAXI@Z 00402580 f i protect.obj
 0001:00001580       ??_Gbad_array_new_length@std@@UAEPAXI@Z 00402580 f i protect.obj
 0001:00001580       ??_Gexception@std@@UAEPAXI@Z 00402580 f i protect.obj
 0001:00001580       ??_Ebad_cast@std@@UAEPAXI@Z 00402580 f i * CIL library *:* CIL module *
 0001:00001580       ??_Eexception@std@@UAEPAXI@Z 00402580 f i * CIL library *:* CIL module *
 0001:00001580       ??_Gbad_cast@std@@UAEPAXI@Z 00402580 f i systeminfo.obj
 0001:00001580       ??_Ebad_array_new_length@std@@UAEPAXI@Z 00402580 f i * CIL library *:* CIL module *
 0001:000015c0       ??1bad_array_new_length@std@@UAE@XZ 004025c0 f i protect.obj
 0001:000015c0       ??1bad_cast@std@@UAE@XZ    004025c0 f i systeminfo.obj
 0001:000015c0       ??1bad_alloc@std@@UAE@XZ   004025c0 f i protect.obj
 0001:000015e0       ??0bad_array_new_length@std@@QAE@XZ 004025e0 f i protect.obj
 0001:00001600       ?__scrt_throw_std_bad_array_new_length@@YAXXZ 00402600 f i MSVCRT:throw_bad_alloc.obj
 0001:00001600       ?_Throw_bad_array_new_length@std@@YAXXZ 00402600 f i protect.obj
 0001:00001620       ??0bad_array_new_length@std@@QAE@ABV01@@Z 00402620 f i protect.obj
 0001:00001660       ??0bad_alloc@std@@QAE@ABV01@@Z 00402660 f i protect.obj
 0001:000016a0       ?_Xlen_string@std@@YAXXZ   004026a0 f i protect.obj
 0001:000016b0       ?Gen@@YAKV?$basic_string@DU?$char_traits@D@std@@V?$allocator@D@2@@std@@@Z 004026b0 f   protect.obj
 0001:00001720       ?Gen@@YAKH@Z               00402720 f   protect.obj
 0001:00001830       ?KEY@@YA?AV?$basic_string@DU?$char_traits@D@std@@V?$allocator@D@2@@std@@XZ 00402830 f   protect.obj
 0001:00005080       ?write_to_string@@YAIPAXII0@Z 00406080 f   protect.obj
 0001:00005190       ?IsValidTime@@YA_NHHH@Z    00406190 f   protect.obj
 0001:00005430       ??1?$unique_ptr@VOSInfoDelegate@@U?$default_delete@VOSInfoDelegate@@@std@@@std@@QAE@XZ 00406430 f i protect.obj
 0001:00005450       ??1?$unique_ptr@VGPUInfoDelegate@@U?$default_delete@VGPUInfoDelegate@@@std@@@std@@QAE@XZ 00406450 f i protect.obj
 0001:00005470       ??1?$unique_ptr@VRAMInfoDelegate@@U?$default_delete@VRAMInfoDelegate@@@std@@@std@@QAE@XZ 00406470 f i protect.obj
 0001:00005490       ??1?$unique_ptr@VMotherboardInfoDelegate@@U?$default_delete@VMotherboardInfoDelegate@@@std@@@std@@QAE@XZ 00406490 f i protect.obj
 0001:000054b0       ??1?$unique_ptr@VCPUInfoDelegate@@U?$default_delete@VCPUInfoDelegate@@@std@@@std@@QAE@XZ 004064b0 f i protect.obj
 0001:000054d0       ??1?$vector@VRAMInfo@@V?$allocator@VRAMInfo@@@std@@@std@@QAE@XZ 004064d0 f i protect.obj
 0001:000054e0       ??1?$vector@VOSInfo@@V?$allocator@VOSInfo@@@std@@@std@@QAE@XZ 004064e0 f i protect.obj
 0001:000054f0       ??1?$vector@VMotherboardInfo@@V?$allocator@VMotherboardInfo@@@std@@@std@@QAE@XZ 004064f0 f i protect.obj
 0001:00005500       ??1?$vector@VGPUInfo@@V?$allocator@VGPUInfo@@@std@@@std@@QAE@XZ 00406500 f i protect.obj
 0001:00005510       ??1?$vector@VCPUInfo@@V?$allocator@VCPUInfo@@@std@@@std@@QAE@XZ 00406510 f i protect.obj
 0001:00005520       ?c_str@?$basic_string@DU?$char_traits@D@std@@V?$allocator@D@2@@std@@QBEPBDXZ 00406520 f i protect.obj
 0001:00005530       ??Y?$basic_string@DU?$char_traits@D@std@@V?$allocator@D@2@@std@@QAEAAV01@QBD@Z 00406530 f i protect.obj
 0001:00005530       ?append@?$basic_string@DU?$char_traits@D@std@@V?$allocator@D@2@@std@@QAEAAV12@QBD@Z 00406530 f i protect.obj
 0001:000055a0       ??1?$basic_string@DU?$char_traits@D@std@@V?$allocator@D@2@@std@@QAE@XZ 004065a0 f i protect.obj
 0001:000055f0       ??1sentry@?$basic_ostream@DU?$char_traits@D@std@@@std@@QAE@XZ 004065f0 f i protect.obj
 0001:00005660       ?_Tidy@?$vector@VRAMInfo@@V?$allocator@VRAMInfo@@@std@@@std@@AAEXXZ 00406660 f i protect.obj
 0001:000056f0       ?_Tidy@?$vector@VOSInfo@@V?$allocator@VOSInfo@@@std@@@std@@AAEXXZ 004066f0 f i protect.obj
 0001:00005780       ?_Tidy@?$vector@VMotherboardInfo@@V?$allocator@VMotherboardInfo@@@std@@@std@@AAEXXZ 00406780 f i protect.obj
 0001:00005800       ?_Tidy@?$vector@VGPUInfo@@V?$allocator@VGPUInfo@@@std@@@std@@AAEXXZ 00406800 f i protect.obj
 0001:00005890       ?_Tidy@?$vector@VCPUInfo@@V?$allocator@VCPUInfo@@@std@@@std@@AAEXXZ 00406890 f i protect.obj
 0001:00005920       ?assign@?$basic_string@DU?$char_traits@D@std@@V?$allocator@D@2@@std@@QAEAAV12@QBDI@Z 00406920 f i protect.obj
 0001:00005a60       ??1_Sentry_base@?$basic_istream@DU?$char_traits@D@std@@@std@@QAE@XZ 00406a60 f i systeminfo.obj
 0001:00005a60       ??1_Sentry_base@?$basic_ostream@DU?$char_traits@D@std@@@std@@QAE@XZ 00406a60 f i protect.obj
 0001:00005ab0       ?_Destroy@?$vector@VRAMInfo@@V?$allocator@VRAMInfo@@@std@@@std@@AAEXPAVRAMInfo@@0@Z 00406ab0 f i protect.obj
 0001:00005ae0       ?deallocate@?$allocator@VRAMInfo@@@std@@QAEXQAVRAMInfo@@I@Z 00406ae0 f i protect.obj
 0001:00005b20       ?_Destroy@?$vector@VOSInfo@@V?$allocator@VOSInfo@@@std@@@std@@AAEXPAVOSInfo@@0@Z 00406b20 f i protect.obj
 0001:00005b50       ?deallocate@?$allocator@VOSInfo@@@std@@QAEXQAVOSInfo@@I@Z 00406b50 f i protect.obj
 0001:00005b90       ?_Destroy@?$vector@VMotherboardInfo@@V?$allocator@VMotherboardInfo@@@std@@@std@@AAEXPAVMotherboardInfo@@0@Z 00406b90 f i protect.obj
 0001:00005bc0       ?deallocate@?$allocator@VMotherboardInfo@@@std@@QAEXQAVMotherboardInfo@@I@Z 00406bc0 f i protect.obj
 0001:00005c00       ?_Destroy@?$vector@VGPUInfo@@V?$allocator@VGPUInfo@@@std@@@std@@AAEXPAVGPUInfo@@0@Z 00406c00 f i protect.obj
 0001:00005c30       ?deallocate@?$allocator@VGPUInfo@@@std@@QAEXQAVGPUInfo@@I@Z 00406c30 f i protect.obj
 0001:00005c70       ?_Destroy@?$vector@VCPUInfo@@V?$allocator@VCPUInfo@@@std@@@std@@AAEXPAVCPUInfo@@0@Z 00406c70 f i protect.obj
 0001:00005ca0       ?deallocate@?$allocator@VCPUInfo@@@std@@QAEXQAVCPUInfo@@I@Z 00406ca0 f i protect.obj
 0001:00005ce0       ?_Xran@?$_String_val@U?$_Simple_types@D@std@@@std@@SAXXZ 00406ce0 f i protect.obj
 0001:00005cf0       ??$?6U?$char_traits@D@std@@@std@@YAAAV?$basic_ostream@DU?$char_traits@D@std@@@0@AAV10@PBD@Z 00406cf0 f i protect.obj
 0001:00005f30       ??$endl@DU?$char_traits@D@std@@@std@@YAAAV?$basic_ostream@DU?$char_traits@D@std@@@0@AAV10@@Z 00406f30 f i protect.obj
 0001:00005f60       ??$_Reallocate_grow_by@V<lambda_ab246b20b9526e2ef7792587e4298a77>@@PBDI@?$basic_string@DU?$char_traits@D@std@@V?$allocator@D@2@@std@@AAEAAV01@IV<lambda_ab246b20b9526e2ef7792587e4298a77>@@PBDI@Z 00406f60 f i protect.obj
 0001:000060c0       ??1RAMInfo@@QAE@XZ         004070c0 f i protect.obj
 0001:00006320       ??1OSInfo@@QAE@XZ          00407320 f i protect.obj
 0001:00006780       ??1MotherboardInfo@@QAE@XZ 00407780 f i protect.obj
 0001:000068e0       ??1GPUInfo@@QAE@XZ         004078e0 f i protect.obj
 0001:00006bf0       ??1CPUInfo@@QAE@XZ         00407bf0 f i protect.obj
 0001:00006da0       ??0bad_cast@std@@QAE@XZ    00407da0 f i systeminfo.obj
 0001:00006dc0       ?_Throw_bad_cast@std@@YAXXZ 00407dc0 f i systeminfo.obj
 0001:00006de0       ??0bad_cast@std@@QAE@ABV01@@Z 00407de0 f i systeminfo.obj
 0001:00006e20       ??1locale@std@@QAE@XZ      00407e20 f i systeminfo.obj
 0001:00006e40       ??0CPUInfo@@QAE@ABV?$vector@V?$basic_string@DU?$char_traits@D@std@@V?$allocator@D@2@@std@@V?$allocator@V?$basic_string@DU?$char_traits@D@std@@V?$allocator@D@2@@std@@@2@@std@@H@Z 00407e40 f   systeminfo.obj
 0001:000076f0       ??1SystemCommand@@QAE@XZ   004086f0 f i systeminfo.obj
 0001:00007790       ?getArchitecture@CPUInfo@@ABE?AV?$basic_string@DU?$char_traits@D@std@@V?$allocator@D@2@@std@@AAV23@@Z 00408790 f   systeminfo.obj
 0001:000078b0       ??0CPUInfoDelegate@@QAE@XZ 004088b0 f   systeminfo.obj
 0001:00007b80       ??0GPUInfo@@QAE@ABV?$vector@V?$basic_string@DU?$char_traits@D@std@@V?$allocator@D@2@@std@@V?$allocator@V?$basic_string@DU?$char_traits@D@std@@V?$allocator@D@2@@std@@@2@@std@@H@Z 00408b80 f   systeminfo.obj
 0001:00008b40       ?getVideoArchitecture@GPUInfo@@ABE?AV?$basic_string@DU?$char_traits@D@std@@V?$allocator@D@2@@std@@ABV23@@Z 00409b40 f   systeminfo.obj
 0001:00008e50       ?getVideoMemoryType@GPUInfo@@ABE?AV?$basic_string@DU?$char_traits@D@std@@V?$allocator@D@2@@std@@ABV23@@Z 00409e50 f   systeminfo.obj
 0001:000090b0       ??0GPUInfoDelegate@@QAE@XZ 0040a0b0 f   systeminfo.obj
 0001:00009380       ??0MotherboardInfo@@QAE@ABV?$vector@V?$basic_string@DU?$char_traits@D@std@@V?$allocator@D@2@@std@@V?$allocator@V?$basic_string@DU?$char_traits@D@std@@V?$allocator@D@2@@std@@@2@@std@@H@Z 0040a380 f   systeminfo.obj
 0001:000097b0       ?determineChipset@MotherboardInfo@@AAEXXZ 0040a7b0 f   systeminfo.obj
 0001:000099f0       ??0MotherboardInfoDelegate@@QAE@XZ 0040a9f0 f   systeminfo.obj
 0001:00009cc0       ??0OSInfo@@QAE@ABV?$vector@V?$basic_string@DU?$char_traits@D@std@@V?$allocator@D@2@@std@@V?$allocator@V?$basic_string@DU?$char_traits@D@std@@V?$allocator@D@2@@std@@@2@@std@@H@Z 0040acc0 f   systeminfo.obj
 0001:0000b7e0       ?serialNumber@OSInfo@@QBE?AV?$basic_string@DU?$char_traits@D@std@@V?$allocator@D@2@@std@@XZ 0040c7e0 f   systeminfo.obj
 0001:0000b800       ?totalVirtualMemory@OSInfo@@QBE?AV?$basic_string@DU?$char_traits@D@std@@V?$allocator@D@2@@std@@XZ 0040c800 f   systeminfo.obj
 0001:0000b820       ?totalVisibleMemory@OSInfo@@QBE?AV?$basic_string@DU?$char_traits@D@std@@V?$allocator@D@2@@std@@XZ 0040c820 f   systeminfo.obj
 0001:0000b840       ?totalSwapSize@OSInfo@@QBE?AV?$basic_string@DU?$char_traits@D@std@@V?$allocator@D@2@@std@@XZ 0040c840 f   systeminfo.obj
 0001:0000b860       ??0OSInfoDelegate@@QAE@XZ  0040c860 f   systeminfo.obj
 0001:0000bb30       ??0RAMInfo@@QAE@ABV?$vector@V?$basic_string@DU?$char_traits@D@std@@V?$allocator@D@2@@std@@V?$allocator@V?$basic_string@DU?$char_traits@D@std@@V?$allocator@D@2@@std@@@2@@std@@H@Z 0040cb30 f   systeminfo.obj
 0001:0000cc00       ?getMemoryType@RAMInfo@@ABE?AV?$basic_string@DU?$char_traits@D@std@@V?$allocator@D@2@@std@@ABV23@@Z 0040dc00 f   systeminfo.obj
 0001:0000ce60       ?getFormFactor@RAMInfo@@ABE?AV?$basic_string@DU?$char_traits@D@std@@V?$allocator@D@2@@std@@ABV23@@Z 0040de60 f   systeminfo.obj
 0001:0000d0b0       ??0RAMInfoDelegate@@QAE@XZ 0040e0b0 f   systeminfo.obj
 0001:0000d380       ?stripAllFromString@SystemCommand@@AAE?AV?$basic_string@DU?$char_traits@D@std@@V?$allocator@D@2@@std@@ABV23@0@Z 0040e380 f   systeminfo.obj
 0001:0000d510       ?stripFromString@SystemCommand@@AAE?AV?$basic_string@DU?$char_traits@D@std@@V?$allocator@D@2@@std@@ABV23@0@Z 0040e510 f   systeminfo.obj
 0001:0000d7d0       ?stripPipeFromCommand@SystemCommand@@AAEXXZ 0040e7d0 f   systeminfo.obj
 0001:0000d980       ?systemCommandLaunch@SystemCommand@@AAEX_N@Z 0040e980 f   systeminfo.obj
 0001:0000e0d0       ??1?$function@$$A6A?AV?$basic_string@DU?$char_traits@D@std@@V?$allocator@D@2@@std@@ABV12@@Z@std@@QAE@XZ 0040f0d0 f i systeminfo.obj
 0001:0000e100       ??0?$vector@VRAMInfo@@V?$allocator@VRAMInfo@@@std@@@std@@QAE@ABV01@@Z 0040f100 f i systeminfo.obj
 0001:0000e2e0       ??0?$vector@VMotherboardInfo@@V?$allocator@VMotherboardInfo@@@std@@@std@@QAE@ABV01@@Z 0040f2e0 f i systeminfo.obj
 0001:0000e480       ??0?$vector@VGPUInfo@@V?$allocator@VGPUInfo@@@std@@@std@@QAE@ABV01@@Z 0040f480 f i systeminfo.obj
 0001:0000e690       ??0?$vector@VCPUInfo@@V?$allocator@VCPUInfo@@@std@@@std@@QAE@ABV01@@Z 0040f690 f i systeminfo.obj
 0001:0000e840       ?seekpos@?$basic_stringbuf@DU?$char_traits@D@std@@V?$allocator@D@2@@std@@MAE?AV?$fpos@U_Mbstatet@@@2@V32@H@Z 0040f840 f i systeminfo.obj
 0001:0000e950       ?seekoff@?$basic_stringbuf@DU?$char_traits@D@std@@V?$allocator@D@2@@std@@MAE?AV?$fpos@U_Mbstatet@@@2@_JHH@Z 0040f950 f i systeminfo.obj
 0001:0000eae0       ?underflow@?$basic_stringbuf@DU?$char_traits@D@std@@V?$allocator@D@2@@std@@MAEHXZ 0040fae0 f i systeminfo.obj
 0001:0000eb40       ?pbackfail@?$basic_stringbuf@DU?$char_traits@D@std@@V?$allocator@D@2@@std@@MAEHH@Z 0040fb40 f i systeminfo.obj
 0001:0000eba0       ?overflow@?$basic_stringbuf@DU?$char_traits@D@std@@V?$allocator@D@2@@std@@MAEHH@Z 0040fba0 f i systeminfo.obj
 0001:0000ed60       ??1?$basic_stringbuf@DU?$char_traits@D@std@@V?$allocator@D@2@@std@@UAE@XZ 0040fd60 f i systeminfo.obj
 0001:0000ee10       ??1?$vector@V?$basic_string@DU?$char_traits@D@std@@V?$allocator@D@2@@std@@V?$allocator@V?$basic_string@DU?$char_traits@D@std@@V?$allocator@D@2@@std@@@2@@std@@QAE@XZ 0040fe10 f i systeminfo.obj
 0001:0000ee20       ??0?$vector@V?$basic_string@DU?$char_traits@D@std@@V?$allocator@D@2@@std@@V?$allocator@V?$basic_string@DU?$char_traits@D@std@@V?$allocator@D@2@@std@@@2@@std@@QAE@ABV01@@Z 0040fe20 f i systeminfo.obj
 0001:0000ef30       ?imbue@?$basic_filebuf@DU?$char_traits@D@std@@@std@@MAEXABVlocale@2@@Z 0040ff30 f i systeminfo.obj
 0001:0000f050       ?sync@?$basic_filebuf@DU?$char_traits@D@std@@@std@@MAEHXZ 00410050 f i systeminfo.obj
 0001:0000f080       ?setbuf@?$basic_filebuf@DU?$char_traits@D@std@@@std@@MAEPAV?$basic_streambuf@DU?$char_traits@D@std@@@2@PAD_J@Z 00410080 f i systeminfo.obj
 0001:0000f170       ?seekpos@?$basic_filebuf@DU?$char_traits@D@std@@@std@@MAE?AV?$fpos@U_Mbstatet@@@2@V32@H@Z 00410170 f i systeminfo.obj
 0001:0000f250       ?seekoff@?$basic_filebuf@DU?$char_traits@D@std@@@std@@MAE?AV?$fpos@U_Mbstatet@@@2@_JHH@Z 00410250 f i systeminfo.obj
 0001:0000f370       ?xsputn@?$basic_filebuf@DU?$char_traits@D@std@@@std@@MAE_JPBD_J@Z 00410370 f i systeminfo.obj
 0001:0000f460       ?xsgetn@?$basic_filebuf@DU?$char_traits@D@std@@@std@@MAE_JPAD_J@Z 00410460 f i systeminfo.obj
 0001:0000f590       ?uflow@?$basic_filebuf@DU?$char_traits@D@std@@@std@@MAEHXZ 00410590 f i systeminfo.obj
 0001:0000f7e0       ?underflow@?$basic_filebuf@DU?$char_traits@D@std@@@std@@MAEHXZ 004107e0 f i systeminfo.obj
 0001:0000f820       ?pbackfail@?$basic_filebuf@DU?$char_traits@D@std@@@std@@MAEHH@Z 00410820 f i systeminfo.obj
 0001:0000f8d0       ?overflow@?$basic_filebuf@DU?$char_traits@D@std@@@std@@MAEHH@Z 004108d0 f i systeminfo.obj
 0001:0000fa20       ?_Unlock@?$basic_filebuf@DU?$char_traits@D@std@@@std@@UAEXXZ 00410a20 f i systeminfo.obj
 0001:0000fa30       ?_Lock@?$basic_filebuf@DU?$char_traits@D@std@@@std@@UAEXXZ 00410a30 f i systeminfo.obj
 0001:0000fa40       ??1?$basic_filebuf@DU?$char_traits@D@std@@@std@@UAE@XZ 00410a40 f i systeminfo.obj
 0001:0000fb00       ??0?$basic_ifstream@DU?$char_traits@D@std@@@std@@QAE@XZ 00410b00 f i systeminfo.obj
 0001:0000fbe0       ?find@?$basic_string@DU?$char_traits@D@std@@V?$allocator@D@2@@std@@QBEIABV12@I@Z 00410be0 f i systeminfo.obj
 0001:0000fd00       ??4?$basic_string@DU?$char_traits@D@std@@V?$allocator@D@2@@std@@QAEAAV01@$$QAV01@@Z 00410d00 f i systeminfo.obj
 0001:0000fd80       ??0?$basic_string@DU?$char_traits@D@std@@V?$allocator@D@2@@std@@QAE@ABV01@@Z 00410d80 f i systeminfo.obj
 0001:0000fe50       ??_G?$basic_stringbuf@DU?$char_traits@D@std@@V?$allocator@D@2@@std@@UAEPAXI@Z 00410e50 f i systeminfo.obj
 0001:0000fe50       ??_E?$basic_stringbuf@DU?$char_traits@D@std@@V?$allocator@D@2@@std@@UAEPAXI@Z 00410e50 f i * CIL library *:* CIL module *
 0001:0000fe80       ??_G?$basic_stringstream@DU?$char_traits@D@std@@V?$allocator@D@2@@std@@UAEPAXI@Z 00410e80 f i systeminfo.obj
 0001:0000fe80       ??_E?$basic_stringstream@DU?$char_traits@D@std@@V?$allocator@D@2@@std@@UAEPAXI@Z 00410e80 f i * CIL library *:* CIL module *
 0001:0000fee0       ??_E?$basic_filebuf@DU?$char_traits@D@std@@@std@@UAEPAXI@Z 00410ee0 f i * CIL library *:* CIL module *
 0001:0000fee0       ??_G?$basic_filebuf@DU?$char_traits@D@std@@@std@@UAEPAXI@Z 00410ee0 f i systeminfo.obj
 0001:0000ff10       ??_G?$basic_ifstream@DU?$char_traits@D@std@@@std@@UAEPAXI@Z 00410f10 f i systeminfo.obj
 0001:0000ff10       ??_E?$basic_ifstream@DU?$char_traits@D@std@@@std@@UAEPAXI@Z 00410f10 f i * CIL library *:* CIL module *
 0001:0000ff70       ??_D?$basic_stringstream@DU?$char_traits@D@std@@V?$allocator@D@2@@std@@QAEXXZ 00410f70 f i systeminfo.obj
 0001:0000ffb0       ??1?$_Tidy_guard@V?$vector@V?$basic_string@DU?$char_traits@D@std@@V?$allocator@D@2@@std@@V?$allocator@V?$basic_string@DU?$char_traits@D@std@@V?$allocator@D@2@@std@@@2@@std@@@std@@QAE@XZ 00410fb0 f i systeminfo.obj
 0001:0000ffc0       ??1?$_Tidy_guard@V?$vector@VCPUInfo@@V?$allocator@VCPUInfo@@@std@@@std@@@std@@QAE@XZ 00410fc0 f i systeminfo.obj
 0001:0000ffd0       ??1?$_Tidy_guard@V?$vector@VGPUInfo@@V?$allocator@VGPUInfo@@@std@@@std@@@std@@QAE@XZ 00410fd0 f i systeminfo.obj
 0001:0000ffe0       ??1?$_Tidy_guard@V?$vector@VMotherboardInfo@@V?$allocator@VMotherboardInfo@@@std@@@std@@@std@@QAE@XZ 00410fe0 f i systeminfo.obj
 0001:0000fff0       ??1?$_Tidy_guard@V?$vector@VOSInfo@@V?$allocator@VOSInfo@@@std@@@std@@@std@@QAE@XZ 00410ff0 f i systeminfo.obj
 0001:00010000       ??1?$_Tidy_guard@V?$vector@VRAMInfo@@V?$allocator@VRAMInfo@@@std@@@std@@@std@@QAE@XZ 00411000 f i systeminfo.obj
 0001:00010010       ?_Tidy@?$vector@V?$basic_string@DU?$char_traits@D@std@@V?$allocator@D@2@@std@@V?$allocator@V?$basic_string@DU?$char_traits@D@std@@V?$allocator@D@2@@std@@@2@@std@@AAEXXZ 00411010 f i systeminfo.obj
 0001:00010090       ?_Destroy@?$vector@V?$basic_string@DU?$char_traits@D@std@@V?$allocator@D@2@@std@@V?$allocator@V?$basic_string@DU?$char_traits@D@std@@V?$allocator@D@2@@std@@@2@@std@@AAEXPAV?$basic_string@DU?$char_traits@D@std@@V?$allocator@D@2@@2@0@Z 00411090 f i systeminfo.obj
 0001:000100b0       ?_Endwrite@?$basic_filebuf@DU?$char_traits@D@std@@@std@@IAE_NXZ 004110b0 f i systeminfo.obj
 0001:00010180       ?allocate@?$allocator@V?$basic_string@DU?$char_traits@D@std@@V?$allocator@D@2@@std@@@std@@QAEPAV?$basic_string@DU?$char_traits@D@std@@V?$allocator@D@2@@2@I@Z 00411180 f i systeminfo.obj
 0001:000101e0       ?deallocate@?$allocator@V?$basic_string@DU?$char_traits@D@std@@V?$allocator@D@2@@std@@@std@@QAEXQAV?$basic_string@DU?$char_traits@D@std@@V?$allocator@D@2@@2@I@Z 004111e0 f i systeminfo.obj
 0001:00010220       ??$use_facet@V?$ctype@D@std@@@std@@YAABV?$ctype@D@0@ABVlocale@0@@Z 00411220 f i systeminfo.obj
 0001:00010320       ??$?HDU?$char_traits@D@std@@V?$allocator@D@1@@std@@YA?AV?$basic_string@DU?$char_traits@D@std@@V?$allocator@D@2@@0@ABV10@QBD@Z 00411320 f i systeminfo.obj
 0001:00010440       ??$?8DU?$char_traits@D@std@@V?$allocator@D@1@@std@@YA_NABV?$basic_string@DU?$char_traits@D@std@@V?$allocator@D@2@@0@QBD@Z 00411440 f i systeminfo.obj
 0001:000104d0       ??$_Emplace_reallocate@AAV?$vector@V?$basic_string@DU?$char_traits@D@std@@V?$allocator@D@2@@std@@V?$allocator@V?$basic_string@DU?$char_traits@D@std@@V?$allocator@D@2@@std@@@2@@std@@AAH@?$vector@VCPUInfo@@V?$allocator@VCPUInfo@@@std@@@std@@QAEPAVCPUInfo@@QAV2@AAV?$vector@V?$basic_string@DU?$char_traits@D@std@@V?$allocator@D@2@@std@@V?$allocator@V?$basic_string@DU?$char_traits@D@std@@V?$allocator@D@2@@std@@@2@@1@AAH@Z 004114d0 f i systeminfo.obj
 0001:00010720       ??$toString@_J@OSInfo@@ABE?AV?$basic_string@DU?$char_traits@D@std@@V?$allocator@D@2@@std@@AB_J@Z 00411720 f i systeminfo.obj
 0001:00010720       ??$toString@_J@GPUInfo@@ABE?AV?$basic_string@DU?$char_traits@D@std@@V?$allocator@D@2@@std@@AB_J@Z 00411720 f i systeminfo.obj
 0001:00010720       ??$toString@_J@RAMInfo@@ABE?AV?$basic_string@DU?$char_traits@D@std@@V?$allocator@D@2@@std@@AB_J@Z 00411720 f i systeminfo.obj
 0001:000108c0       ??$_Emplace_reallocate@AAV?$vector@V?$basic_string@DU?$char_traits@D@std@@V?$allocator@D@2@@std@@V?$allocator@V?$basic_string@DU?$char_traits@D@std@@V?$allocator@D@2@@std@@@2@@std@@AAH@?$vector@VGPUInfo@@V?$allocator@VGPUInfo@@@std@@@std@@QAEPAVGPUInfo@@QAV2@AAV?$vector@V?$basic_string@DU?$char_traits@D@std@@V?$allocator@D@2@@std@@V?$allocator@V?$basic_string@DU?$char_traits@D@std@@V?$allocator@D@2@@std@@@2@@1@AAH@Z 004118c0 f i systeminfo.obj
 0001:00010b10       ??$_Emplace_reallocate@AAV?$vector@V?$basic_string@DU?$char_traits@D@std@@V?$allocator@D@2@@std@@V?$allocator@V?$basic_string@DU?$char_traits@D@std@@V?$allocator@D@2@@std@@@2@@std@@AAH@?$vector@VMotherboardInfo@@V?$allocator@VMotherboardInfo@@@std@@@std@@QAEPAVMotherboardInfo@@QAV2@AAV?$vector@V?$basic_string@DU?$char_traits@D@std@@V?$allocator@D@2@@std@@V?$allocator@V?$basic_string@DU?$char_traits@D@std@@V?$allocator@D@2@@std@@@2@@1@AAH@Z 00411b10 f i systeminfo.obj
 0001:00010d30       ??$_Emplace_reallocate@AAV?$vector@V?$basic_string@DU?$char_traits@D@std@@V?$allocator@D@2@@std@@V?$allocator@V?$basic_string@DU?$char_traits@D@std@@V?$allocator@D@2@@std@@@2@@std@@AAH@?$vector@VOSInfo@@V?$allocator@VOSInfo@@@std@@@std@@QAEPAVOSInfo@@QAV2@AAV?$vector@V?$basic_string@DU?$char_traits@D@std@@V?$allocator@D@2@@std@@V?$allocator@V?$basic_string@DU?$char_traits@D@std@@V?$allocator@D@2@@std@@@2@@1@AAH@Z 00411d30 f i systeminfo.obj
 0001:00010fe0       ??$_Emplace_reallocate@AAV?$vector@V?$basic_string@DU?$char_traits@D@std@@V?$allocator@D@2@@std@@V?$allocator@V?$basic_string@DU?$char_traits@D@std@@V?$allocator@D@2@@std@@@2@@std@@AAH@?$vector@VRAMInfo@@V?$allocator@VRAMInfo@@@std@@@std@@QAEPAVRAMInfo@@QAV2@AAV?$vector@V?$basic_string@DU?$char_traits@D@std@@V?$allocator@D@2@@std@@V?$allocator@V?$basic_string@DU?$char_traits@D@std@@V?$allocator@D@2@@std@@@2@@1@AAH@Z 00411fe0 f i systeminfo.obj
 0001:00011230       ??$_Emplace_reallocate@V?$basic_string@DU?$char_traits@D@std@@V?$allocator@D@2@@std@@@?$vector@V?$basic_string@DU?$char_traits@D@std@@V?$allocator@D@2@@std@@V?$allocator@V?$basic_string@DU?$char_traits@D@std@@V?$allocator@D@2@@std@@@2@@std@@QAEPAV?$basic_string@DU?$char_traits@D@std@@V?$allocator@D@2@@1@QAV21@$$QAV21@@Z 00412230 f i systeminfo.obj
 0001:000113c0       ??$_Emplace_reallocate@ABV?$basic_string@DU?$char_traits@D@std@@V?$allocator@D@2@@std@@@?$vector@V?$basic_string@DU?$char_traits@D@std@@V?$allocator@D@2@@std@@V?$allocator@V?$basic_string@DU?$char_traits@D@std@@V?$allocator@D@2@@std@@@2@@std@@QAEPAV?$basic_string@DU?$char_traits@D@std@@V?$allocator@D@2@@1@QAV21@ABV21@@Z 004123c0 f i systeminfo.obj
 0001:00011580       ??$_Destroy_range@V?$allocator@V?$basic_string@DU?$char_traits@D@std@@V?$allocator@D@2@@std@@@std@@@std@@YAXPAV?$basic_string@DU?$char_traits@D@std@@V?$allocator@D@2@@0@QAV10@AAV?$allocator@V?$basic_string@DU?$char_traits@D@std@@V?$allocator@D@2@@std@@@0@@Z 00412580 f i systeminfo.obj
 0001:000115f0       ??$_Reallocate_grow_by@V<lambda_15711c68e099a15a58f4d77303cb286d>@@D@?$basic_string@DU?$char_traits@D@std@@V?$allocator@D@2@@std@@AAEAAV01@IV<lambda_15711c68e099a15a58f4d77303cb286d>@@D@Z 004125f0 f i systeminfo.obj
 0001:00011730       ??1?$unique_ptr@V_Facet_base@std@@U?$default_delete@V_Facet_base@std@@@2@@std@@QAE@XZ 00412730 f i systeminfo.obj
 0001:00011740       ?_Xlength@?$vector@VCPUInfo@@V?$allocator@VCPUInfo@@@std@@@std@@CAXXZ 00412740 f i systeminfo.obj
 0001:00011740       ?_Xlength@?$vector@VOSInfo@@V?$allocator@VOSInfo@@@std@@@std@@CAXXZ 00412740 f i systeminfo.obj
 0001:00011740       ?_Xlength@?$vector@VRAMInfo@@V?$allocator@VRAMInfo@@@std@@@std@@CAXXZ 00412740 f i systeminfo.obj
 0001:00011740       ?_Xlength@?$vector@VMotherboardInfo@@V?$allocator@VMotherboardInfo@@@std@@@std@@CAXXZ 00412740 f i systeminfo.obj
 0001:00011740       ?_Xlength@?$vector@VGPUInfo@@V?$allocator@VGPUInfo@@@std@@@std@@CAXXZ 00412740 f i systeminfo.obj
 0001:00011740       ?_Xlength@?$vector@V?$basic_string@DU?$char_traits@D@std@@V?$allocator@D@2@@std@@V?$allocator@V?$basic_string@DU?$char_traits@D@std@@V?$allocator@D@2@@std@@@2@@std@@CAXXZ 00412740 f i systeminfo.obj
 0001:00011750       ??0?$basic_string@DU?$char_traits@D@std@@V?$allocator@D@2@@std@@QAE@U_String_constructor_concat_tag@1@AAV01@1@Z 00412750 f i systeminfo.obj
 0001:00011930       ??$_Insert_string@DU?$char_traits@D@std@@I@std@@YAAAV?$basic_ostream@DU?$char_traits@D@std@@@0@AAV10@QBDI@Z 00412930 f i systeminfo.obj
 0001:00011b30       ??$_Uninitialized_copy@PAVOSInfo@@V?$allocator@VOSInfo@@@std@@@std@@YAPAVOSInfo@@QAV1@0PAV1@AAV?$allocator@VOSInfo@@@0@@Z 00412b30 f i systeminfo.obj
 0001:00011ce0       ??$_Uninitialized_move@PAVRAMInfo@@V?$allocator@VRAMInfo@@@std@@@std@@YAPAVRAMInfo@@QAV1@0PAV1@AAV?$allocator@VRAMInfo@@@0@@Z 00412ce0 f i systeminfo.obj
 0001:00011f30       ??$_Uninitialized_move@PAVMotherboardInfo@@V?$allocator@VMotherboardInfo@@@std@@@std@@YAPAVMotherboardInfo@@QAV1@0PAV1@AAV?$allocator@VMotherboardInfo@@@0@@Z 00412f30 f i systeminfo.obj
 0001:00012090       ??$_Uninitialized_move@PAVGPUInfo@@V?$allocator@VGPUInfo@@@std@@@std@@YAPAVGPUInfo@@QAV1@0PAV1@AAV?$allocator@VGPUInfo@@@0@@Z 00413090 f i systeminfo.obj
 0001:00012300       ??$_Uninitialized_move@PAVCPUInfo@@V?$allocator@VCPUInfo@@@std@@@std@@YAPAVCPUInfo@@QAV1@0PAV1@AAV?$allocator@VCPUInfo@@@0@@Z 00413300 f i systeminfo.obj
 0001:000124c0       ??$_Uninitialized_move@PAV?$basic_string@DU?$char_traits@D@std@@V?$allocator@D@2@@std@@V?$allocator@V?$basic_string@DU?$char_traits@D@std@@V?$allocator@D@2@@std@@@2@@std@@YAPAV?$basic_string@DU?$char_traits@D@std@@V?$allocator@D@2@@0@QAV10@0PAV10@AAV?$allocator@V?$basic_string@DU?$char_traits@D@std@@V?$allocator@D@2@@std@@@0@@Z 004134c0 f i systeminfo.obj
 0001:00012520       ??1?$_Uninitialized_backout_al@V?$allocator@V?$basic_string@DU?$char_traits@D@std@@V?$allocator@D@2@@std@@@std@@@std@@QAE@XZ 00413520 f i systeminfo.obj
 0001:00012530       ??1?$_Uninitialized_backout_al@V?$allocator@VCPUInfo@@@std@@@std@@QAE@XZ 00413530 f i systeminfo.obj
 0001:00012560       ??1?$_Uninitialized_backout_al@V?$allocator@VGPUInfo@@@std@@@std@@QAE@XZ 00413560 f i systeminfo.obj
 0001:00012590       ??1?$_Uninitialized_backout_al@V?$allocator@VMotherboardInfo@@@std@@@std@@QAE@XZ 00413590 f i systeminfo.obj
 0001:000125c0       ??1?$_Uninitialized_backout_al@V?$allocator@VOSInfo@@@std@@@std@@QAE@XZ 004135c0 f i systeminfo.obj
 0001:000125f0       ??1?$_Uninitialized_backout_al@V?$allocator@VRAMInfo@@@std@@@std@@QAE@XZ 004135f0 f i systeminfo.obj
 0001:00012690       ??$?5DU?$char_traits@D@std@@V?$allocator@D@1@@std@@YAAAV?$basic_istream@DU?$char_traits@D@std@@@0@$$QAV10@AAV?$basic_string@DU?$char_traits@D@std@@V?$allocator@D@2@@0@@Z 00413690 f i systeminfo.obj
 0001:00012890       ??1sentry@?$basic_istream@DU?$char_traits@D@std@@@std@@QAE@XZ 00413890 f i systeminfo.obj
 0001:000128f0       ??0OSInfo@@QAE@$$QAV0@@Z   004138f0 f i systeminfo.obj
 0001:00012cab       ??_E?$basic_stringstream@DU?$char_traits@D@std@@V?$allocator@D@2@@std@@$4PPPPPPPM@A@AEPAXI@Z 00413cab f i systeminfo.obj
 0001:00012cb3       ??_E?$basic_ifstream@DU?$char_traits@D@std@@@std@@$4PPPPPPPM@A@AEPAXI@Z 00413cb3 f i systeminfo.obj
 0001:00012cbb       ??1_Fac_node@std@@QAE@XZ   00413cbb f i msvcprt:locale0_implib.obj
 0001:00012cec       ??1_Fac_tidy_reg_t@std@@QAE@XZ 00413cec f i msvcprt:locale0_implib.obj
 0001:00012d13       ?_Facet_Register@std@@YAXPAV_Facet_base@1@@Z 00413d13 f   msvcprt:locale0_implib.obj
 0001:00012d3f       ?_Lock@?$basic_streambuf@DU?$char_traits@D@std@@@std@@UAEXXZ 00413d3f f   msvcprt:MSVCP140.dll
 0001:00012d45       ?_Unlock@?$basic_streambuf@DU?$char_traits@D@std@@@std@@UAEXXZ 00413d45 f   msvcprt:MSVCP140.dll
 0001:00012d4b       ?showmanyc@?$basic_streambuf@DU?$char_traits@D@std@@@std@@MAE_JXZ 00413d4b f   msvcprt:MSVCP140.dll
 0001:00012d51       ?uflow@?$basic_streambuf@DU?$char_traits@D@std@@@std@@MAEHXZ 00413d51 f   msvcprt:MSVCP140.dll
 0001:00012d57       ?xsgetn@?$basic_streambuf@DU?$char_traits@D@std@@@std@@MAE_JPAD_J@Z 00413d57 f   msvcprt:MSVCP140.dll
 0001:00012d5d       ?xsputn@?$basic_streambuf@DU?$char_traits@D@std@@@std@@MAE_JPBD_J@Z 00413d5d f   msvcprt:MSVCP140.dll
 0001:00012d63       ?setbuf@?$basic_streambuf@DU?$char_traits@D@std@@@std@@MAEPAV12@PAD_J@Z 00413d63 f   msvcprt:MSVCP140.dll
 0001:00012d69       ?sync@?$basic_streambuf@DU?$char_traits@D@std@@@std@@MAEHXZ 00413d69 f   msvcprt:MSVCP140.dll
 0001:00012d6f       ?imbue@?$basic_streambuf@DU?$char_traits@D@std@@@std@@MAEXABVlocale@2@@Z 00413d6f f   msvcprt:MSVCP140.dll
 0001:00012d75       @__security_check_cookie@4 00413d75 f   MSVCRT:secchk.obj
 0001:00012d86       ??2@YAPAXI@Z               00413d86 f   MSVCRT:new_scalar.obj
 0001:00012db6       ??3@YAXPAXI@Z              00413db6 f   MSVCRT:delete_scalar_size.obj
 0001:00012dc4       ??_Gtype_info@@UAEPAXI@Z   00413dc4 f i MSVCRT:std_type_info_static.obj
 0001:00012dc4       ??_Etype_info@@UAEPAXI@Z   00413dc4 f i MSVCRT:std_type_info_static.obj
 0001:00012de7       ??_M@YGXPAXIIP6EX0@Z@Z     00413de7 f   MSVCRT:ehvecdtr.obj
 0001:00012e6c       ?__ArrayUnwind@@YGXPAXIIP6EX0@Z@Z 00413e6c f   MSVCRT:ehvecdtr.obj
 0001:00012f40       ___scrt_acquire_startup_lock 00413f40 f   MSVCRT:utility.obj
 0001:00012f72       ___scrt_initialize_crt     00413f72 f   MSVCRT:utility.obj
 0001:00012fab       ___scrt_initialize_onexit_tables 00413fab f   MSVCRT:utility.obj
 0001:00013032       ___scrt_is_nonwritable_in_current_image 00414032 f   MSVCRT:utility.obj
 0001:000130c6       ___scrt_release_startup_lock 004140c6 f   MSVCRT:utility.obj
 0001:000130e3       ___scrt_uninitialize_crt   004140e3 f   MSVCRT:utility.obj
 0001:0001310b       __onexit                   0041410b f   MSVCRT:utility.obj
 0001:00013138       _atexit                    00414138 f   MSVCRT:utility.obj
 0001:0001338e       _WinMainCRTStartup         0041438e f   MSVCRT:exe_winmain.obj
 0001:00013398       __initialize_denormal_control 00414398 f i MSVCRT:denormal_control.obj
 0001:00013398       @_guard_check_icall_nop@4  00414398 f i MSVCRT:guard_support.obj
 0001:00013398       __initialize_invalid_parameter_handler 00414398 f i MSVCRT:invalid_parameter_handler.obj
 0001:0001339b       ___raise_securityfailure   0041439b f   MSVCRT:gs_report.obj
 0001:000133c3       ___report_gsfailure        004143c3 f   MSVCRT:gs_report.obj
 0001:000134bd       ___report_rangecheckfailure 004144bd f   MSVCRT:gs_report.obj
 0001:000134c9       ___report_securityfailure  004144c9 f   MSVCRT:gs_report.obj
 0001:00013598       ??0bad_alloc@std@@QAE@XZ   00414598 f i MSVCRT:throw_bad_alloc.obj
 0001:000135b0       ?__scrt_throw_std_bad_alloc@@YAXXZ 004145b0 f   MSVCRT:throw_bad_alloc.obj
 0001:000135cd       ??3@YAXPAX@Z               004145cd f   MSVCRT:delete_scalar.obj
 0001:000135e0       __SEH_prolog4              004145e0 f   MSVCRT:sehprolg4.obj
 0001:00013626       __except_handler4          00414626 f   MSVCRT:chandler4gs.obj
 0001:00013655       ___isa_available_init      00414655 f   MSVCRT:cpu_disp.obj
 0001:00013826       __get_startup_argv_mode    00414826 f   MSVCRT:argv_mode.obj
 0001:0001382a       ___scrt_is_ucrt_dll_in_use 0041482a f   MSVCRT:ucrt_detection.obj
 0001:00013836       ___scrt_fastfail           00414836 f   MSVCRT:utility_desktop.obj
 0001:00013951       ___scrt_get_show_window_mode 00414951 f   MSVCRT:utility_desktop.obj
 0001:00013982       ___scrt_initialize_mta     00414982 f   MSVCRT:utility_desktop.obj
 0001:00013990       __get_startup_thread_locale_mode 00414990 f   MSVCRT:thread_locale.obj
 0001:00013990       _Curl_if2ip                00414990 f   libcurl:if2ip.obj
 0001:00013990       _Curl_posttransfer         00414990 f   libcurl:transfer.obj
 0001:00013990       ___scrt_stub_for_initialize_mta 00414990 f   MSVCRT:utility_desktop.obj
 0001:00013990       __get_startup_commit_mode  00414990 f   MSVCRT:commit_mode.obj
 0001:00013990       ___scrt_exe_initialize_mta 00414990 f   MSVCRT:utility_desktop.obj
 0001:00013990       __get_startup_new_mode     00414990 f   MSVCRT:new_mode.obj
 0001:00013990       ___scrt_initialize_winrt   00414990 f   MSVCRT:utility_desktop.obj
 0001:00013990       _Curl_ssl_backend          00414990 f   libcurl:vtls.obj
 0001:00013990       _Curl_resolver_global_init 00414990 f   libcurl:asyn-thread.obj
 0001:00013990       __matherr                  00414990 f   MSVCRT:matherr.obj
 0001:00013993       ___scrt_is_managed_app     00414993 f   MSVCRT:utility_desktop.obj
 0001:000139d6       ___scrt_set_unhandled_exception_filter 004149d6 f   MSVCRT:utility_desktop.obj
 0001:000139e2       ___scrt_unhandled_exception_filter@4 004149e2 f   MSVCRT:utility_desktop.obj
 0001:00013a38       __crt_debugger_hook        00414a38 f   MSVCRT:utility_desktop.obj
 0001:00013a8d       ___security_init_cookie    00414a8d f   MSVCRT:gs_support.obj
 0001:00013ad8       __get_startup_file_mode    00414ad8 f   MSVCRT:file_mode.obj
 0001:00013ade       ?__scrt_initialize_type_info@@YAXXZ 00414ade f   MSVCRT:tncleanup.obj
 0001:00013af0       _Curl_auth_is_ntlm_supported 00414af0 f   libcurl:ntlm.obj
 0001:00013af0       _Curl_auth_is_digest_supported 00414af0 f   libcurl:digest.obj
 0001:00013af0       __should_initialize_environment 00414af0 f   MSVCRT:env_mode.obj
 0001:00013af0       ___acrt_initialize         00414af0 f   MSVCRT:ucrt_stubs.obj
 0001:00013af0       ___scrt_stub_for_acrt_uninitialize 00414af0 f   MSVCRT:ucrt_stubs.obj
 0001:00013af0       ___vcrt_uninitialize       00414af0 f   MSVCRT:ucrt_stubs.obj
 0001:00013af0       ___acrt_uninitialize       00414af0 f   MSVCRT:ucrt_stubs.obj
 0001:00013af0       ___scrt_stub_for_acrt_initialize 00414af0 f   MSVCRT:ucrt_stubs.obj
 0001:00013af0       ___vcrt_initialize         00414af0 f   MSVCRT:ucrt_stubs.obj
 0001:00013af3       __initialize_default_precision 00414af3 f   MSVCRT:default_precision.obj
 0001:00013b14       ___local_stdio_scanf_options 00414b14 f i MSVCRT:default_local_stdio_options.obj
 0001:00013b1a       ___scrt_initialize_default_local_stdio_options 00414b1a f   MSVCRT:default_local_stdio_options.obj
 0001:00013b37       ___scrt_is_user_matherr_present 00414b37 f   MSVCRT:matherr_detection.obj
 0001:00013b43       ___scrt_get_dyn_tls_init_callback 00414b43 f   MSVCRT:dyn_tls_init.obj
 0001:00013b49       ___scrt_get_dyn_tls_dtor_callback 00414b49 f   MSVCRT:dyn_tls_dtor.obj
 0001:00013b4f       __RTC_Initialize           00414b4f f   MSVCRT:initsect.obj
 0001:00013b7b       __RTC_Terminate            00414b7b f   MSVCRT:initsect.obj
 0001:00013bb0       _curl_easy_cleanup         00414bb0 f   libcurl:easy.obj
 0001:00013bd0       _curl_easy_init            00414bd0 f   libcurl:easy.obj
 0001:00013c10       _curl_easy_perform         00414c10 f   libcurl:easy.obj
 0001:00013c30       _curl_global_init          00414c30 f   libcurl:easy.obj
 0001:00013e50       _Curl_setblobopt           00414e50 f   libcurl:setopt.obj
 0001:00013ef0       _Curl_setstropt            00414ef0 f   libcurl:setopt.obj
 0001:00013f60       _Curl_vsetopt              00414f60 f   libcurl:setopt.obj
 0001:00016bd0       _curl_easy_setopt          00417bd0 f   libcurl:setopt.obj
 0001:00016cc0       _Curl_slist_append_nodup   00417cc0 f   libcurl:slist.obj
 0001:00016d00       _curl_slist_append         00417d00 f   libcurl:slist.obj
 0001:00016d40       _curl_slist_free_all       00417d40 f   libcurl:slist.obj
 0001:00016da0       _Curl_attach_connnection   00417da0 f   libcurl:multi.obj
 0001:00016dd0       _Curl_detach_connnection   00417dd0 f   libcurl:multi.obj
 0001:00016e00       _Curl_expire               00417e00 f   libcurl:multi.obj
 0001:00016f60       _Curl_expire_clear         00417f60 f   libcurl:multi.obj
 0001:00017000       _Curl_expire_done          00418000 f   libcurl:multi.obj
 0001:00017010       _Curl_multi_closed         00418010 f   libcurl:multi.obj
 0001:00017070       _Curl_multi_handle         00418070 f   libcurl:multi.obj
 0001:000171c0       _Curl_multi_max_host_connections 004181c0 f   libcurl:multi.obj
 0001:000171e0       _Curl_multi_max_total_connections 004181e0 f   libcurl:multi.obj
 0001:00017200       _Curl_multiplex_wanted     00418200 f   libcurl:multi.obj
 0001:00017220       _Curl_preconnect           00418220 f   libcurl:multi.obj
 0001:00017260       _Curl_set_in_callback      00418260 f   libcurl:multi.obj
 0001:00017290       _Curl_update_timer         00418290 f   libcurl:multi.obj
 0001:000174c0       _curl_multi_add_handle     004184c0 f   libcurl:multi.obj
 0001:00017650       _curl_multi_cleanup        00418650 f   libcurl:multi.obj
 0001:00017750       _curl_multi_info_read      00418750 f   libcurl:multi.obj
 0001:000177c0       _curl_multi_perform        004187c0 f   libcurl:multi.obj
 0001:000178d0       _curl_multi_poll           004188d0 f   libcurl:multi.obj
 0001:000178f0       _curl_multi_remove_handle  004188f0 f   libcurl:multi.obj
 0001:00017ac0       _curl_multi_setopt         00418ac0 f   libcurl:multi.obj
 0001:00017c30       _curl_multi_timeout        00418c30 f   libcurl:multi.obj
 0001:00019860       _Curl_resolver_cleanup     0041a860 f   libcurl:asyn-thread.obj
 0001:00019ba0       _Curl_free_idnconverted_hostname 0041aba0 f   libcurl:url.obj
 0001:00019c40       _Curl_cookie_add           0041ac40 f   libcurl:cookie.obj
 0001:0001a970       _Curl_cookie_cleanup       0041b970 f   libcurl:cookie.obj
 0001:0001a9c0       _Curl_cookie_clearall      0041b9c0 f   libcurl:cookie.obj
 0001:0001aa00       _Curl_cookie_clearsess     0041ba00 f   libcurl:cookie.obj
 0001:0001aa80       _Curl_cookie_freelist      0041ba80 f   libcurl:cookie.obj
 0001:0001aab0       _Curl_cookie_getlist       0041bab0 f   libcurl:cookie.obj
 0001:0001ac20       _Curl_cookie_init          0041bc20 f   libcurl:cookie.obj
 0001:0001ae00       _Curl_cookie_loadfiles     0041be00 f   libcurl:cookie.obj
 0001:0001ae80       _Curl_flush_cookies        0041be80 f   libcurl:cookie.obj
 0001:0001b8d0       _sscanf                    0041c8d0 f i libcurl:cookie.obj
 0001:0001b980       _Curl_resolver_cancel      0041c980 f   libcurl:asyn-thread.obj
 0001:0001b990       _Curl_resolver_getaddrinfo 0041c990 f   libcurl:asyn-thread.obj
 0001:0001ba50       _Curl_resolver_getsock     0041ca50 f   libcurl:asyn-thread.obj
 0001:0001bb10       _Curl_resolver_init        0041cb10 f   libcurl:asyn-thread.obj
 0001:0001bb40       _Curl_resolver_is_resolved 0041cb40 f   libcurl:asyn-thread.obj
 0001:0001bc90       _Curl_resolver_kill        0041cc90 f   libcurl:asyn-thread.obj
 0001:0001bcc0       _Curl_resolver_wait_resolv 0041ccc0 f   libcurl:asyn-thread.obj
 0001:0001c150       _Curl_dyn_add              0041d150 f   libcurl:dynbuf.obj
 0001:0001c180       _Curl_dyn_addf             0041d180 f   libcurl:dynbuf.obj
 0001:0001c1a0       _Curl_dyn_addn             0041d1a0 f   libcurl:dynbuf.obj
 0001:0001c1b0       _Curl_dyn_free             0041d1b0 f   libcurl:dynbuf.obj
 0001:0001c1e0       _Curl_dyn_init             0041d1e0 f   libcurl:dynbuf.obj
 0001:0001c210       _Curl_dyn_len              0041d210 f   libcurl:dynbuf.obj
 0001:0001c220       _Curl_dyn_ptr              0041d220 f   libcurl:dynbuf.obj
 0001:0001c220       _Curl_dyn_uptr             0041d220 f   libcurl:dynbuf.obj
 0001:0001c230       _Curl_dyn_reset            0041d230 f   libcurl:dynbuf.obj
 0001:0001c250       _Curl_dyn_vaddf            0041d250 f   libcurl:dynbuf.obj
 0001:0001c820       _Curl_mime_add_header      0041d820 f   libcurl:mime.obj
 0001:0001c880       _Curl_mime_cleanpart       0041d880 f   libcurl:mime.obj
 0001:0001c8f0       _Curl_mime_contenttype     0041d8f0 f   libcurl:mime.obj
 0001:0001c960       _Curl_mime_initpart        0041d960 f   libcurl:mime.obj
 0001:0001c9a0       _Curl_mime_prepare_headers 0041d9a0 f   libcurl:mime.obj
 0001:0001ccb0       _Curl_mime_read            0041dcb0 f   libcurl:mime.obj
 0001:0001cce0       _Curl_mime_rewind          0041dce0 f   libcurl:mime.obj
 0001:0001cd00       _Curl_mime_set_subparts    0041dd00 f   libcurl:mime.obj
 0001:0001cdd0       _Curl_mime_size            0041ddd0 f   libcurl:mime.obj
 0001:0001cfe0       _curl_mime_addpart         0041dfe0 f   libcurl:mime.obj
 0001:0001d040       _curl_mime_data            0041e040 f   libcurl:mime.obj
 0001:0001d0e0       _curl_mime_data_cb         0041e0e0 f   libcurl:mime.obj
 0001:0001d130       _curl_mime_filedata        0041e130 f   libcurl:mime.obj
 0001:0001d250       _curl_mime_filename        0041e250 f   libcurl:mime.obj
 0001:0001d2a0       _curl_mime_free            0041e2a0 f   libcurl:mime.obj
 0001:0001d2f0       _curl_mime_headers         0041e2f0 f   libcurl:mime.obj
 0001:0001d340       _curl_mime_init            0041e340 f   libcurl:mime.obj
 0001:0001d3c0       _curl_mime_name            0041e3c0 f   libcurl:mime.obj
 0001:0001d410       _curl_mime_subparts        0041e410 f   libcurl:mime.obj
 0001:0001d430       _curl_mime_type            0041e430 f   libcurl:mime.obj
 0001:0001e0c0       _Curl_conncache_add_conn   0041f0c0 f   libcurl:conncache.obj
 0001:0001e1c0       _Curl_conncache_close_all_connections 0041f1c0 f   libcurl:conncache.obj
 0001:0001e270       _Curl_conncache_destroy    0041f270 f   libcurl:conncache.obj
 0001:0001e290       _Curl_conncache_extract_bundle 0041f290 f   libcurl:conncache.obj
 0001:0001e340       _Curl_conncache_extract_oldest 0041f340 f   libcurl:conncache.obj
 0001:0001e470       _Curl_conncache_find_bundle 0041f470 f   libcurl:conncache.obj
 0001:0001e510       _Curl_conncache_foreach    0041f510 f   libcurl:conncache.obj
 0001:0001e5e0       _Curl_conncache_init       0041f5e0 f   libcurl:conncache.obj
 0001:0001e650       _Curl_conncache_remove_conn 0041f650 f   libcurl:conncache.obj
 0001:0001e6e0       _Curl_conncache_return_conn 0041f6e0 f   libcurl:conncache.obj
 0001:0001e760       _Curl_conncache_size       0041f760 f   libcurl:conncache.obj
 0001:0001f220       _Curl_builtin_scheme       00420220 f   libcurl:url.obj
 0001:0001f260       _Curl_close                00420260 f   libcurl:url.obj
 0001:0001f5e0       _Curl_connect              004205e0 f   libcurl:url.obj
 0001:0001f6a0       _Curl_disconnect           004206a0 f   libcurl:url.obj
 0001:0001f730       _Curl_free_request_state   00420730 f   libcurl:url.obj
 0001:0001f7a0       _Curl_freeset              004207a0 f   libcurl:url.obj
 0001:0001f870       _Curl_idnconvert_hostname  00420870 f   libcurl:url.obj
 0001:0001f8a0       _Curl_init_do              004208a0 f   libcurl:url.obj
 0001:0001f970       _Curl_init_userdefined     00420970 f   libcurl:url.obj
 0001:0001fbc0       _Curl_is_ASCII_name        00420bc0 f   libcurl:url.obj
 0001:0001fbf0       _Curl_open                 00420bf0 f   libcurl:url.obj
 0001:0001fcd0       _Curl_parse_login_details  00420cd0 f   libcurl:url.obj
 0001:0001fef0       _Curl_setup_conn           00420ef0 f   libcurl:url.obj
 0001:0001fff0       _Curl_uc_to_curlcode       00420ff0 f   libcurl:url.obj
 0001:00020030       _Curl_verboseconnect       00421030 f   libcurl:url.obj
 0001:00023020       _Curl_initinfo             00424020 f   libcurl:getinfo.obj
 0001:000231c0       _Curl_memdup               004241c0 f   libcurl:strdup.obj
 0001:000231f0       _Curl_saferealloc          004241f0 f   libcurl:strdup.obj
 0001:00023220       _Curl_client_write         00424220 f   libcurl:sendf.obj
 0001:00023250       _Curl_debug                00424250 f   libcurl:sendf.obj
 0001:000232e0       _Curl_failf                004242e0 f   libcurl:sendf.obj
 0001:000233a0       _Curl_infof                004243a0 f   libcurl:sendf.obj
 0001:00023460       _Curl_read                 00424460 f   libcurl:sendf.obj
 0001:000234d0       _Curl_read_plain           004244d0 f   libcurl:sendf.obj
 0001:00023520       _Curl_recv_has_postponed_data 00424520 f   libcurl:sendf.obj
 0001:00023550       _Curl_recv_plain           00424550 f   libcurl:sendf.obj
 0001:00023650       _Curl_send_plain           00424650 f   libcurl:sendf.obj
 0001:00023740       _Curl_write                00424740 f   libcurl:sendf.obj
 0001:000237b0       _Curl_write_plain          004247b0 f   libcurl:sendf.obj
 0001:00023b70       _Curl_addr2string          00424b70 f   libcurl:connect.obj
 0001:00023c10       _Curl_closesocket          00424c10 f   libcurl:connect.obj
 0001:00023c90       _Curl_conn_data_pending    00424c90 f   libcurl:connect.obj
 0001:00023ce0       _Curl_connalive            00424ce0 f   libcurl:connect.obj
 0001:00023d20       _Curl_conncontrol          00424d20 f   libcurl:connect.obj
 0001:00023d70       _Curl_connecthost          00424d70 f   libcurl:connect.obj
 0001:00023ee0       _Curl_conninfo_local       00424ee0 f   libcurl:connect.obj
 0001:00023fc0       _Curl_conninfo_remote      00424fc0 f   libcurl:connect.obj
 0001:000240c0       _Curl_is_connected         004250c0 f   libcurl:connect.obj
 0001:000245f0       _Curl_persistconninfo      004255f0 f   libcurl:connect.obj
 0001:000246c0       _Curl_sndbufset            004256c0 f   libcurl:connect.obj
 0001:00024760       _Curl_socket               00425760 f   libcurl:connect.obj
 0001:00024880       _Curl_timeleft             00425880 f   libcurl:connect.obj
 0001:00024a00       _Curl_updateconninfo       00425a00 f   libcurl:connect.obj
 0001:000257d0       _curlx_read                004267d0 f   libcurl:warnless.obj
 0001:000257f0       _curlx_sltosi              004267f0 f   libcurl:warnless.obj
 0001:000257f0       _curlx_uztosi              004267f0 f   libcurl:warnless.obj
 0001:000257f0       _curlx_uztosz              004267f0 f   libcurl:warnless.obj
 0001:00025800       _curlx_uztoui              00426800 f   libcurl:warnless.obj
 0001:00025800       _curlx_sltoui              00426800 f   libcurl:warnless.obj
 0001:00025800       _curlx_sotouz              00426800 f   libcurl:warnless.obj
 0001:00025810       _curlx_sltous              00426810 f   libcurl:warnless.obj
 0001:00025810       _curlx_ultous              00426810 f   libcurl:warnless.obj
 0001:00025810       _curlx_uitous              00426810 f   libcurl:warnless.obj
 0001:00025820       _curlx_ultouc              00426820 f   libcurl:warnless.obj
 0001:00025830       _curlx_write               00426830 f   libcurl:warnless.obj
 0001:00025850       _Curl_http_auth_cleanup_digest 00426850 f   libcurl:http_digest.obj
 0001:00025880       _Curl_input_digest         00426880 f   libcurl:http_digest.obj
 0001:000258f0       _Curl_output_digest        004268f0 f   libcurl:http_digest.obj
 0001:00025a50       _Curl_load_library         00426a50 f   libcurl:system_win32.obj
 0001:00025ba0       _Curl_win32_init           00426ba0 f   libcurl:system_win32.obj
 0001:00025c60       _Curl_alpnid2str           00426c60 f   libcurl:altsvc.obj
 0001:00025c90       _Curl_altsvc_cleanup       00426c90 f   libcurl:altsvc.obj
 0001:00025ce0       _Curl_altsvc_ctrl          00426ce0 f   libcurl:altsvc.obj
 0001:00025d00       _Curl_altsvc_init          00426d00 f   libcurl:altsvc.obj
 0001:00025d30       _Curl_altsvc_load          00426d30 f   libcurl:altsvc.obj
 0001:00025d40       _Curl_altsvc_lookup        00426d40 f   libcurl:altsvc.obj
 0001:00025de0       _Curl_altsvc_parse         00426de0 f   libcurl:altsvc.obj
 0001:000262c0       _Curl_altsvc_save          004272c0 f   libcurl:altsvc.obj
 0001:00026900       _Curl_raw_toupper          00427900 f   libcurl:strcase.obj
 0001:00026920       _Curl_safe_strcasecompare  00427920 f   libcurl:strcase.obj
 0001:00026950       _Curl_strcasecompare       00427950 f   libcurl:strcase.obj
 0001:000269c0       _Curl_strncasecompare      004279c0 f   libcurl:strcase.obj
 0001:00026a50       _Curl_strntolower          00427a50 f   libcurl:strcase.obj
 0001:00026a90       _Curl_strntoupper          00427a90 f   libcurl:strcase.obj
 0001:00026ad0       _curl_strequal             00427ad0 f   libcurl:strcase.obj
 0001:00026ae0       _curl_strnequal            00427ae0 f   libcurl:strcase.obj
 0001:00026be0       _Curl_all_content_encodings 00427be0 f   libcurl:content_encoding.obj
 0001:00026ce0       _Curl_build_unencoding_stack 00427ce0 f   libcurl:content_encoding.obj
 0001:00026df0       _Curl_unencode_cleanup     00427df0 f   libcurl:content_encoding.obj
 0001:00026e30       _Curl_unencode_write       00427e30 f   libcurl:content_encoding.obj
 0001:00026f10       _Curl_share_lock           00427f10 f   libcurl:share.obj
 0001:00026f50       _Curl_share_unlock         00427f50 f   libcurl:share.obj
 0001:00026fa0       _Curl_now                  00427fa0 f   libcurl:timeval.obj
 0001:00027040       _Curl_timediff             00428040 f   libcurl:timeval.obj
 0001:000270d0       _Curl_timediff_us          004280d0 f   libcurl:timeval.obj
 0001:00027140       _Curl_llist_count          00428140 f   libcurl:llist.obj
 0001:00027140       _Curl_ftp_parselist_geterror 00428140 f   libcurl:ftplistparser.obj
 0001:00027150       _Curl_llist_destroy        00428150 f   libcurl:llist.obj
 0001:00027180       _Curl_llist_init           00428180 f   libcurl:llist.obj
 0001:000271b0       _Curl_llist_insert_next    004281b0 f   libcurl:llist.obj
 0001:00027230       _Curl_llist_remove         00428230 f   libcurl:llist.obj
 0001:000272b0       _Curl_hash_add             004282b0 f   libcurl:hash.obj
 0001:00027340       _Curl_hash_clean           00428340 f   libcurl:hash.obj
 0001:00027360       _Curl_hash_clean_with_criterium 00428360 f   libcurl:hash.obj
 0001:000273e0       _Curl_hash_delete          004283e0 f   libcurl:hash.obj
 0001:00027460       _Curl_hash_destroy         00428460 f   libcurl:hash.obj
 0001:000274b0       _Curl_hash_init            004284b0 f   libcurl:hash.obj
 0001:00027540       _Curl_hash_next_element    00428540 f   libcurl:hash.obj
 0001:000275b0       _Curl_hash_pick            004285b0 f   libcurl:hash.obj
 0001:00027620       _Curl_hash_start_iterate   00428620 f   libcurl:hash.obj
 0001:00027640       _Curl_hash_str             00428640 f   libcurl:hash.obj
 0001:00027690       _Curl_str_key_compare      00428690 f   libcurl:hash.obj
 0001:00027780       _Curl_ipv6works            00428780 f   libcurl:hostip6.obj
 0001:000277d0       _Curl_ipvalid              004287d0 f   libcurl:hostip6.obj
 0001:000277f0       _Curl_cache_addr           004287f0 f   libcurl:hostip.obj
 0001:00027910       _Curl_fetch_addr           00428910 f   libcurl:hostip.obj
 0001:00027960       _Curl_hostcache_clean      00428960 f   libcurl:hostip.obj
 0001:000279b0       _Curl_hostcache_prune      004289b0 f   libcurl:hostip.obj
 0001:00027a20       _Curl_loadhostpairs        00428a20 f   libcurl:hostip.obj
 0001:00027eb0       _Curl_mk_dnscache          00428eb0 f   libcurl:hostip.obj
 0001:00027ee0       _Curl_num_addresses        00428ee0 f   libcurl:hostip.obj
 0001:00027f00       _Curl_once_resolved        00428f00 f   libcurl:hostip.obj
 0001:00027f60       _Curl_printable_address    00428f60 f   libcurl:hostip.obj
 0001:00027fb0       _Curl_resolv               00428fb0 f   libcurl:hostip.obj
 0001:000281e0       _Curl_resolv_check         004291e0 f   libcurl:hostip.obj
 0001:00028210       _Curl_resolv_getsock       00429210 f   libcurl:hostip.obj
 0001:00028230       _Curl_resolv_timeout       00429230 f   libcurl:hostip.obj
 0001:00028270       _Curl_resolv_unlock        00429270 f   libcurl:hostip.obj
 0001:000282c0       _Curl_resolver_error       004292c0 f   libcurl:hostip.obj
 0001:000286e0       _Curl_splay                004296e0 f   libcurl:splay.obj
 0001:00028840       _Curl_splaygetbest         00429840 f   libcurl:splay.obj
 0001:000288f0       _Curl_splayinsert          004298f0 f   libcurl:splay.obj
 0001:000289f0       _Curl_splayremove          004299f0 f   libcurl:splay.obj
 0001:00028bb0       _Curl_http                 00429bb0 f   libcurl:http.obj
 0001:00029180       _Curl_http_done            0042a180 f   libcurl:http.obj
 0001:00029260       _Curl_http_connect         0042a260 f   libcurl:http.obj
 0001:000292e0       _Curl_add_custom_headers   0042a2e0 f   libcurl:http.obj
 0001:00029610       _Curl_add_timecondition    0042a610 f   libcurl:http.obj
 0001:00029750       _Curl_buffer_send          0042a750 f   libcurl:http.obj
 0001:000299d0       _Curl_checkProxyheaders    0042a9d0 f   libcurl:http.obj
 0001:00029a50       _Curl_compareheader        0042aa50 f   libcurl:http.obj
 0001:00029b20       _Curl_copy_header_value    0042ab20 f   libcurl:http.obj
 0001:00029bf0       _Curl_http_auth_act        0042abf0 f   libcurl:http.obj
 0001:00029e00       _Curl_http_body            0042ae00 f   libcurl:http.obj
 0001:00029fe0       _Curl_http_bodysend        0042afe0 f   libcurl:http.obj
 0001:0002a720       _Curl_http_compile_trailers 0042b720 f   libcurl:http.obj
 0001:0002a7b0       _Curl_http_cookies         0042b7b0 f   libcurl:http.obj
 0001:0002a940       _Curl_http_firstwrite      0042b940 f   libcurl:http.obj
 0001:0002aa50       _Curl_http_header          0042ba50 f   libcurl:http.obj
 0001:0002b120       _Curl_http_host            0042c120 f   libcurl:http.obj
 0001:0002b350       _Curl_http_input_auth      0042c350 f   libcurl:http.obj
 0001:0002b520       _Curl_http_method          0042c520 f   libcurl:http.obj
 0001:0002b5d0       _Curl_http_output_auth     0042c5d0 f   libcurl:http.obj
 0001:0002b720       _Curl_http_range           0042c720 f   libcurl:http.obj
 0001:0002b860       _Curl_http_readwrite_headers 0042c860 f   libcurl:http.obj
 0001:0002c100       _Curl_http_resume          0042d100 f   libcurl:http.obj
 0001:0002c2f0       _Curl_http_statusline      0042d2f0 f   libcurl:http.obj
 0001:0002c410       _Curl_http_target          0042d410 f   libcurl:http.obj
 0001:0002c600       _Curl_http_useragent       0042d600 f   libcurl:http.obj
 0001:0002d040       _Curl_wildcard_dtor        0042e040 f   libcurl:wildcard.obj
 0001:0002d0b0       _Curl_wildcard_init        0042e0b0 f   libcurl:wildcard.obj
 0001:0002d0f0       _Curl_socketpair           0042e0f0 f   libcurl:socketpair.obj
 0001:0002d2e0       _Curl_checkheaders         0042e2e0 f   libcurl:transfer.obj
 0001:0002d340       _Curl_done_sending         0042e340 f   libcurl:transfer.obj
 0001:0002d370       _Curl_fillreadbuffer       0042e370 f   libcurl:transfer.obj
 0001:0002d730       _Curl_follow               0042e730 f   libcurl:transfer.obj
 0001:0002da90       _Curl_get_upload_buffer    0042ea90 f   libcurl:transfer.obj
 0001:0002dad0       _Curl_init_CONNECT         0042ead0 f   libcurl:transfer.obj
 0001:0002daf0       _Curl_meets_timecondition  0042eaf0 f   libcurl:transfer.obj
 0001:0002db60       _Curl_pretransfer          0042eb60 f   libcurl:transfer.obj
 0001:0002de80       _Curl_readrewind           0042ee80 f   libcurl:transfer.obj
 0001:0002dff0       _Curl_readwrite            0042eff0 f   libcurl:transfer.obj
 0001:0002e310       _Curl_retry_request        0042f310 f   libcurl:transfer.obj
 0001:0002e470       _Curl_setup_transfer       0042f470 f   libcurl:transfer.obj
 0001:0002e610       _Curl_single_getsock       0042f610 f   libcurl:transfer.obj
 0001:0002f190       _curlx_nonblock            00430190 f   libcurl:nonblock.obj
 0001:0002f1c0       _Curl_pgrsDone             004301c0 f   libcurl:progress.obj
 0001:0002f220       _Curl_pgrsLimitWaitTime    00430220 f   libcurl:progress.obj
 0001:0002f2f0       _Curl_pgrsResetTransferSizes 004302f0 f   libcurl:progress.obj
 0001:0002f310       _Curl_pgrsSetDownloadCounter 00430310 f   libcurl:progress.obj
 0001:0002f330       _Curl_pgrsSetDownloadSize  00430330 f   libcurl:progress.obj
 0001:0002f380       _Curl_pgrsSetUploadCounter 00430380 f   libcurl:progress.obj
 0001:0002f3a0       _Curl_pgrsSetUploadSize    004303a0 f   libcurl:progress.obj
 0001:0002f3f0       _Curl_pgrsStartNow         004303f0 f   libcurl:progress.obj
 0001:0002f490       _Curl_pgrsTime             00430490 f   libcurl:progress.obj
 0001:0002f600       _Curl_pgrsUpdate           00430600 f   libcurl:progress.obj
 0001:0002f790       _Curl_ratelimit            00430790 f   libcurl:progress.obj
 0001:00030390       _Curl_poll                 00431390 f   libcurl:select.obj
 0001:00030640       _Curl_socket_check         00431640 f   libcurl:select.obj
 0001:00030750       _Curl_wait_ms              00431750 f   libcurl:select.obj
 0001:000308d0       _Curl_speedcheck           004318d0 f   libcurl:speedcheck.obj
 0001:000309d0       _Curl_speedinit            004319d0 f   libcurl:speedcheck.obj
 0001:00031360       _Curl_connect_complete     00432360 f   libcurl:http_proxy.obj
 0001:00031380       _Curl_connect_free         00432380 f   libcurl:http_proxy.obj
 0001:000313b0       _Curl_connect_ongoing      004323b0 f   libcurl:http_proxy.obj
 0001:000313d0       _Curl_proxyCONNECT         004323d0 f   libcurl:http_proxy.obj
 0001:00031430       _Curl_proxy_connect        00432430 f   libcurl:http_proxy.obj
 0001:00031630       _Curl_SOCKS4               00432630 f   libcurl:socks.obj
 0001:00031cb0       _Curl_SOCKS5               00432cb0 f   libcurl:socks.obj
 0001:00032880       _Curl_SOCKS_getsock        00433880 f   libcurl:socks.obj
 0001:00032900       _Curl_dyn_vprintf          00433900 f   libcurl:mprintf.obj
 0001:000329c0       _curl_maprintf             004339c0 f   libcurl:mprintf.obj
 0001:000329e0       _curl_mfprintf             004339e0 f   libcurl:mprintf.obj
 0001:00032a00       _curl_msnprintf            00433a00 f   libcurl:mprintf.obj
 0001:00032a20       _curl_mvaprintf            00433a20 f   libcurl:mprintf.obj
 0001:00032aa0       _curl_mvsnprintf           00433aa0 f   libcurl:mprintf.obj
 0001:00033e80       _curlx_win32_access        00434e80 f   libcurl:curl_multibyte.obj
 0001:00033e90       _curlx_win32_fopen         00434e90 f   libcurl:curl_multibyte.obj
 0001:00033ea0       _curlx_win32_open          00434ea0 f   libcurl:curl_multibyte.obj
 0001:00033ed0       _curlx_win32_stat          00434ed0 f   libcurl:curl_multibyte.obj
 0001:00033ee0       _Curl_strtok_r             00434ee0 f   libcurl:strtok.obj
 0001:00033f60       _curlx_strtoofft           00434f60 f   libcurl:strtoofft.obj
 0001:00034020       _Curl_get_line             00435020 f   libcurl:curl_get_line.obj
 0001:00034090       _Curl_memrchr              00435090 f   libcurl:curl_memrchr.obj
 0001:000340c0       _Curl_inet_pton            004350c0 f   libcurl:inet_pton.obj
 0001:000343d0       _Curl_getdate_capped       004353d0 f   libcurl:parsedate.obj
 0001:00034440       _Curl_gmtime               00435440 f   libcurl:parsedate.obj
 0001:00034b00       _Curl_rand                 00435b00 f   libcurl:rand.obj
 0001:00034b60       _Curl_rand_hex             00435b60 f   libcurl:rand.obj
 0001:00034ca0       _Curl_rename               00435ca0 f   libcurl:rename.obj
 0001:00034d80       _Curl_freeaddrinfo         00435d80 f   libcurl:curl_addrinfo.obj
 0001:00034db0       _Curl_getaddrinfo_ex       00435db0 f   libcurl:curl_addrinfo.obj
 0001:00034f40       _Curl_he2ai                00435f40 f   libcurl:curl_addrinfo.obj
 0001:00035080       _Curl_ip2addr              00436080 f   libcurl:curl_addrinfo.obj
 0001:00035150       _Curl_str2addr             00436150 f   libcurl:curl_addrinfo.obj
 0001:000351e0       _Curl_unix2addr            004361e0 f   libcurl:curl_addrinfo.obj
 0001:00035290       _Curl_addrinfo_callback    00436290 f   libcurl:hostasyn.obj
 0001:00035320       _Curl_getaddrinfo          00436320 f   libcurl:hostasyn.obj
 0001:00035330       _Curl_thread_create        00436330 f   libcurl:curl_threads.obj
 0001:00035360       _Curl_thread_destroy       00436360 f   libcurl:curl_threads.obj
 0001:00035370       _Curl_thread_join          00436370 f   libcurl:curl_threads.obj
 0001:000378a0       _Curl_pop3_write           004388a0 f   libcurl:pop3.obj
 0001:00038ac0       _Curl_smtp_escape_eob      00439ac0 f   libcurl:smtp.obj
 0001:0003acf0       _Curl_GetFTPResponse       0043bcf0 f   libcurl:ftp.obj
 0001:00044270       _Curl_rtsp_parseheader     00445270 f   libcurl:rtsp.obj
 0001:000461f0       _curl_getenv               004471f0 f   libcurl:getenv.obj
 0001:00046200       _Curl_is_absolute_url      00447200 f   libcurl:urlapi.obj
 0001:00046610       _curl_url                  00447610 f   libcurl:urlapi.obj
 0001:00046620       _curl_url_cleanup          00447620 f   libcurl:urlapi.obj
 0001:00046640       _curl_url_dup              00447640 f   libcurl:urlapi.obj
 0001:00046760       _curl_url_get              00447760 f   libcurl:urlapi.obj
 0001:00046c70       _curl_url_set              00447c70 f   libcurl:urlapi.obj
 0001:00047d80       _Curl_isalnum              00448d80 f   libcurl:curl_ctype.obj
 0001:00047da0       _Curl_isalpha              00448da0 f   libcurl:curl_ctype.obj
 0001:00047dc0       _Curl_iscntrl              00448dc0 f   libcurl:curl_ctype.obj
 0001:00047de0       _Curl_isdigit              00448de0 f   libcurl:curl_ctype.obj
 0001:00047e00       _Curl_isgraph              00448e00 f   libcurl:curl_ctype.obj
 0001:00047e20       _Curl_islower              00448e20 f   libcurl:curl_ctype.obj
 0001:00047e40       _Curl_isprint              00448e40 f   libcurl:curl_ctype.obj
 0001:00047e60       _Curl_isspace              00448e60 f   libcurl:curl_ctype.obj
 0001:00047e80       _Curl_isupper              00448e80 f   libcurl:curl_ctype.obj
 0001:00047ea0       _Curl_isxdigit             00448ea0 f   libcurl:curl_ctype.obj
 0001:00047ec0       _Curl_parsenetrc           00448ec0 f   libcurl:netrc.obj
 0001:00048420       _Curl_clone_primary_ssl_config 00449420 f   libcurl:vtls.obj
 0001:000485c0       _Curl_free_primary_ssl_config 004495c0 f   libcurl:vtls.obj
 0001:00048670       _Curl_ssl_config_matches   00449670 f   libcurl:vtls.obj
 0001:00048890       _Curl_isunreserved         00449890 f   libcurl:escape.obj
 0001:00048920       _Curl_urldecode            00449920 f   libcurl:escape.obj
 0001:00048a40       _Curl_http_auth_cleanup_ntlm 00449a40 f   libcurl:http_ntlm.obj
 0001:00048a70       _Curl_input_ntlm           00449a70 f   libcurl:http_ntlm.obj
 0001:00048b80       _Curl_output_ntlm          00449b80 f   libcurl:http_ntlm.obj
 0001:00048d90       _Curl_strerror             00449d90 f   libcurl:strerror.obj
 0001:00048ea0       _curl_easy_strerror        00449ea0 f   libcurl:strerror.obj
 0001:000496c0       _Curl_ipv6_scope           0044a6c0 f   libcurl:if2ip.obj
 0001:00049760       _Curl_inet_ntop            0044a760 f   libcurl:inet_ntop.obj
 0001:00049a90       _curlx_verify_windows_version 0044aa90 f   libcurl:version_win32.obj
 0001:00049bf0       _Curl_auth_create_digest_http_message 0044abf0 f   libcurl:digest.obj
 0001:00049c60       _Curl_auth_create_digest_md5_message 0044ac60 f   libcurl:digest.obj
 0001:0004a1b0       _Curl_auth_decode_digest_http_message 0044b1b0 f   libcurl:digest.obj
 0001:0004a670       _Curl_auth_digest_cleanup  0044b670 f   libcurl:digest.obj
 0001:0004a6f0       _Curl_auth_digest_get_pair 0044b6f0 f   libcurl:digest.obj
 0001:0004afd0       _Curl_chunked_strerror     0044bfd0 f   libcurl:http_chunks.obj
 0001:0004b030       _Curl_httpchunk_init       0044c030 f   libcurl:http_chunks.obj
 0001:0004b060       _Curl_httpchunk_read       0044c060 f   libcurl:http_chunks.obj
 0001:0004b3f0       _Curl_doh                  0044c3f0 f   libcurl:doh.obj
 0001:0004b510       _Curl_doh_is_resolved      0044c510 f   libcurl:doh.obj
 0001:0004c960       _Curl_getformdata          0044d960 f   libcurl:formdata.obj
 0001:0004cc90       _Curl_base64_decode        0044dc90 f   libcurl:base64.obj
 0001:0004cd90       _Curl_base64_encode        0044dd90 f   libcurl:base64.obj
 0001:0004cdc0       _Curl_base64url_encode     0044ddc0 f   libcurl:base64.obj
 0001:0004d060       _Curl_auth_cleanup_ntlm    0044e060 f   libcurl:ntlm.obj
 0001:0004d090       _Curl_auth_create_ntlm_type1_message 0044e090 f   libcurl:ntlm.obj
 0001:0004d140       _Curl_auth_create_ntlm_type3_message 0044e140 f   libcurl:ntlm.obj
 0001:0004d6e0       _Curl_auth_decode_ntlm_type2_message 0044e6e0 f   libcurl:ntlm.obj
 0001:0004d900       _Curl_output_aws_sigv4     0044e900 f   libcurl:http_aws_sigv4.obj
 0001:0004e310       _Curl_fileinfo_alloc       0044f310 f   libcurl:fileinfo.obj
 0001:0004e320       _Curl_fileinfo_cleanup     0044f320 f   libcurl:fileinfo.obj
 0001:0004e350       _Curl_pp_disconnect        0044f350 f   libcurl:pingpong.obj
 0001:0004e380       _Curl_pp_flushsend         0044f380 f   libcurl:pingpong.obj
 0001:0004e400       _Curl_pp_getsock           0044f400 f   libcurl:pingpong.obj
 0001:0004e430       _Curl_pp_init              0044f430 f   libcurl:pingpong.obj
 0001:0004e470       _Curl_pp_moredata          0044f470 f   libcurl:pingpong.obj
 0001:0004e4a0       _Curl_pp_readresp          0044f4a0 f   libcurl:pingpong.obj
 0001:0004e760       _Curl_pp_sendf             0044f760 f   libcurl:pingpong.obj
 0001:0004e780       _Curl_pp_setup             0044f780 f   libcurl:pingpong.obj
 0001:0004e7a0       _Curl_pp_state_timeout     0044f7a0 f   libcurl:pingpong.obj
 0001:0004e870       _Curl_pp_statemach         0044f870 f   libcurl:pingpong.obj
 0001:0004e9c0       _Curl_pp_vsendf            0044f9c0 f   libcurl:pingpong.obj
 0001:0004eac0       _Curl_sasl_can_authenticate 0044fac0 f   libcurl:curl_sasl.obj
 0001:0004eaf0       _Curl_sasl_cleanup         0044faf0 f   libcurl:curl_sasl.obj
 0001:0004eb10       _Curl_sasl_continue        0044fb10 f   libcurl:curl_sasl.obj
 0001:0004efc0       _Curl_sasl_decode_mech     0044ffc0 f   libcurl:curl_sasl.obj
 0001:0004f0c0       _Curl_sasl_init            004500c0 f   libcurl:curl_sasl.obj
 0001:0004f100       _Curl_sasl_parse_url_auth_option 00450100 f   libcurl:curl_sasl.obj
 0001:0004f180       _Curl_sasl_start           00450180 f   libcurl:curl_sasl.obj
 0001:0004f610       _Curl_MD5_final            00450610 f   libcurl:md5.obj
 0001:0004f640       _Curl_MD5_init             00450640 f   libcurl:md5.obj
 0001:0004f690       _Curl_HMAC_update          00450690 f   libcurl:hmac.obj
 0001:0004f690       _Curl_MD5_update           00450690 f   libcurl:md5.obj
 0001:0004f6b0       _Curl_md5it                004506b0 f   libcurl:md5.obj
 0001:0004f6f0       _Curl_gethostname          004506f0 f   libcurl:curl_gethostname.obj
 0001:0004f730       _Curl_ftp_parselist        00450730 f   libcurl:ftplistparser.obj
 0001:000502d0       _Curl_ftp_parselist_data_alloc 004512d0 f   libcurl:ftplistparser.obj
 0001:000502e0       _Curl_ftp_parselist_data_free 004512e0 f   libcurl:ftplistparser.obj
 0001:00050560       _Curl_range                00451560 f   libcurl:curl_range.obj
 0001:000506c0       _Curl_ntlm_core_lm_resp    004516c0 f   libcurl:curl_ntlm_core.obj
 0001:00050700       _Curl_ntlm_core_mk_lm_hash 00451700 f   libcurl:curl_ntlm_core.obj
 0001:000507b0       _Curl_ntlm_core_mk_lmv2_resp 004517b0 f   libcurl:curl_ntlm_core.obj
 0001:00050830       _Curl_ntlm_core_mk_nt_hash 00451830 f   libcurl:curl_ntlm_core.obj
 0001:000508c0       _Curl_ntlm_core_mk_ntlmv2_hash 004518c0 f   libcurl:curl_ntlm_core.obj
 0001:00050950       _Curl_ntlm_core_mk_ntlmv2_resp 00451950 f   libcurl:curl_ntlm_core.obj
 0001:00050cb0       _Curl_read16_be            00451cb0 f   libcurl:curl_endian.obj
 0001:00050cd0       _Curl_read16_le            00451cd0 f   libcurl:curl_endian.obj
 0001:00050cf0       _Curl_read32_le            00451cf0 f   libcurl:curl_endian.obj
 0001:00050d20       _Curl_dedotdotify          00451d20 f   libcurl:dotdot.obj
 0001:00050fa0       _Curl_auth_build_spn       00451fa0 f   libcurl:vauth.obj
 0001:000510a0       _Curl_sha256it             004520a0 f   libcurl:sha256.obj
 0001:000510e0       _Curl_HMAC_final           004520e0 f   libcurl:hmac.obj
 0001:00051130       _Curl_HMAC_init            00452130 f   libcurl:hmac.obj
 0001:00051240       _Curl_hmacit               00452240 f   libcurl:hmac.obj
 0001:00051290       _Curl_auth_create_external_message 00452290 f   libcurl:cleartext.obj
 0001:000512a0       _Curl_auth_create_login_message 004522a0 f   libcurl:cleartext.obj
 0001:00051310       _Curl_auth_create_plain_message 00452310 f   libcurl:cleartext.obj
 0001:00051420       _Curl_auth_create_cram_md5_message 00452420 f   libcurl:cram.obj
 0001:00051570       _Curl_auth_decode_cram_md5_message 00452570 f   libcurl:cram.obj
 0001:000515c0       _Curl_auth_create_oauth_bearer_message 004525c0 f   libcurl:oauth2.obj
 0001:00051640       _Curl_auth_create_xoauth_bearer_message 00452640 f   libcurl:oauth2.obj
 0001:000516a0       _Curl_fnmatch              004526a0 f   libcurl:curl_fnmatch.obj
 0001:00051fc0       _Curl_des_set_odd_parity   00452fc0 f   libcurl:curl_des.obj
 0001:00052010       _Curl_md4it                00453010 f   libcurl:md4.obj
 0001:00052093       ___WSAFDIsSet@8            00453093 f   ws2_32:WS2_32.dll
 0001:00052099       ___CxxFrameHandler3        00453099 f   vcruntime:VCRUNTIME140.dll
 0001:0005209f       ___std_terminate           0045309f f   vcruntime:VCRUNTIME140.dll
 0001:000520a5       ___current_exception       004530a5 f   vcruntime:VCRUNTIME140.dll
 0001:000520ab       ___current_exception_context 004530ab f   vcruntime:VCRUNTIME140.dll
 0001:000520b1       __CxxThrowException@8      004530b1 f   vcruntime:VCRUNTIME140.dll
 0001:000520b7       __except_handler4_common   004530b7 f   vcruntime:VCRUNTIME140.dll
 0001:000520bd       _memset                    004530bd f   vcruntime:VCRUNTIME140.dll
 0001:000520c3       _memcpy                    004530c3 f   vcruntime:VCRUNTIME140.dll
 0001:000520c9       _memmove                   004530c9 f   vcruntime:VCRUNTIME140.dll
 0001:000520cf       _memchr                    004530cf f   vcruntime:VCRUNTIME140.dll
 0001:000520d5       __callnewh                 004530d5 f   ucrt:api-ms-win-crt-heap-l1-1-0.dll
 0001:000520db       _malloc                    004530db f   ucrt:api-ms-win-crt-heap-l1-1-0.dll
 0001:000520e1       _terminate                 004530e1 f   ucrt:api-ms-win-crt-runtime-l1-1-0.dll
 0001:000520e7       __configure_narrow_argv    004530e7 f   ucrt:api-ms-win-crt-runtime-l1-1-0.dll
 0001:000520ed       __initialize_narrow_environment 004530ed f   ucrt:api-ms-win-crt-runtime-l1-1-0.dll
 0001:000520f3       __initialize_onexit_table  004530f3 f   ucrt:api-ms-win-crt-runtime-l1-1-0.dll
 0001:000520f9       __register_onexit_function 004530f9 f   ucrt:api-ms-win-crt-runtime-l1-1-0.dll
 0001:000520ff       __crt_atexit               004530ff f   ucrt:api-ms-win-crt-runtime-l1-1-0.dll
 0001:00052105       __cexit                    00453105 f   ucrt:api-ms-win-crt-runtime-l1-1-0.dll
 0001:0005210b       __seh_filter_exe           0045310b f   ucrt:api-ms-win-crt-runtime-l1-1-0.dll
 0001:00052111       __set_app_type             00453111 f   ucrt:api-ms-win-crt-runtime-l1-1-0.dll
 0001:00052117       ___setusermatherr          00453117 f   ucrt:api-ms-win-crt-math-l1-1-0.dll
 0001:0005211d       __get_narrow_winmain_command_line 0045311d f   ucrt:api-ms-win-crt-runtime-l1-1-0.dll
 0001:00052123       __initterm                 00453123 f   ucrt:api-ms-win-crt-runtime-l1-1-0.dll
 0001:00052129       __initterm_e               00453129 f   ucrt:api-ms-win-crt-runtime-l1-1-0.dll
 0001:0005212f       _exit                      0045312f f   ucrt:api-ms-win-crt-runtime-l1-1-0.dll
 0001:00052135       __exit                     00453135 f   ucrt:api-ms-win-crt-runtime-l1-1-0.dll
 0001:0005213b       __set_fmode                0045313b f   ucrt:api-ms-win-crt-stdio-l1-1-0.dll
 0001:00052141       __c_exit                   00453141 f   ucrt:api-ms-win-crt-runtime-l1-1-0.dll
 0001:00052147       __register_thread_local_exe_atexit_callback 00453147 f   ucrt:api-ms-win-crt-runtime-l1-1-0.dll
 0001:0005214d       __configthreadlocale       0045314d f   ucrt:api-ms-win-crt-locale-l1-1-0.dll
 0001:00052153       __set_new_mode             00453153 f   ucrt:api-ms-win-crt-heap-l1-1-0.dll
 0001:00052159       ___p__commode              00453159 f   ucrt:api-ms-win-crt-stdio-l1-1-0.dll
 0001:0005215f       _free                      0045315f f   ucrt:api-ms-win-crt-heap-l1-1-0.dll
 0001:00052165       __controlfp_s              00453165 f   ucrt:api-ms-win-crt-runtime-l1-1-0.dll
 0001:0005216b       _realloc                   0045316b f   ucrt:api-ms-win-crt-heap-l1-1-0.dll
 0001:00052171       _calloc                    00453171 f   ucrt:api-ms-win-crt-heap-l1-1-0.dll
 0001:00052180       __alldiv                   00453180 f   MSVCRT:lldiv.obj
 0001:00052230       __alloca_probe             00453230 f   MSVCRT:chkstk.obj
 0001:00052230       __chkstk                   00453230 f   MSVCRT:chkstk.obj
 0001:00052260       __dtol3                    00453260 f   MSVCRT:ftol3.obj
 0001:00052310       __ltod3                    00453310 f   MSVCRT:ftol3.obj
 0001:00052360       __alldvrm                  00453360 f   MSVCRT:lldvrm.obj
 0001:00052440       __allmul                   00453440 f   MSVCRT:llmul.obj
 0001:00052480       __allrem                   00453480 f   MSVCRT:llrem.obj
 0001:00052540       __aulldvrm                 00453540 f   MSVCRT:ulldvrm.obj
 0001:000525d5       _strdup                    004535d5 f   ucrt:api-ms-win-crt-string-l1-1-0.dll
 0001:000525d5       __strdup                   004535d5 f   ucrt:api-ms-win-crt-string-l1-1-0.dll
 0001:000525db       __filter_x86_sse2_floating_point_exception_default 004535db f   MSVCRT:x86_exception_filter.obj
 0001:000525db       __filter_x86_sse2_floating_point_exception 004535db f   MSVCRT:x86_exception_filter.obj
 0002:00000000       __imp__AdjustTokenPrivileges@24 00457000     advapi32:ADVAPI32.dll
 0002:00000004       __imp__CryptImportKey@24   00457004     advapi32:ADVAPI32.dll
 0002:00000008       __imp__CryptDestroyKey@4   00457008     advapi32:ADVAPI32.dll
 0002:0000000c       __imp__CryptDestroyHash@4  0045700c     advapi32:ADVAPI32.dll
 0002:00000010       __imp__CryptHashData@16    00457010     advapi32:ADVAPI32.dll
 0002:00000014       __imp__CryptCreateHash@20  00457014     advapi32:ADVAPI32.dll
 0002:00000018       __imp__CryptGetHashParam@20 00457018     advapi32:ADVAPI32.dll
 0002:0000001c       __imp__CryptReleaseContext@8 0045701c     advapi32:ADVAPI32.dll
 0002:00000020       __imp__CryptAcquireContextA@20 00457020     advapi32:ADVAPI32.dll
 0002:00000024       __imp__CryptEncrypt@28     00457024     advapi32:ADVAPI32.dll
 0002:00000028       __imp__LookupPrivilegeValueA@12 00457028     advapi32:ADVAPI32.dll
 0002:0000002c       __imp__OpenProcessToken@12 0045702c     advapi32:ADVAPI32.dll
 0002:00000030       \177ADVAPI32_NULL_THUNK_DATA 00457030     advapi32:ADVAPI32.dll
 0002:00000034       __imp__CreateSolidBrush@4  00457034     gdi32:GDI32.dll
 0002:00000038       \177GDI32_NULL_THUNK_DATA  00457038     gdi32:GDI32.dll
 0002:0000003c       __imp__GetCurrentThreadId@0 0045703c     kernel32:KERNEL32.dll
 0002:00000040       __imp__GetSystemTimeAsFileTime@4 00457040     kernel32:KERNEL32.dll
 0002:00000044       __imp__InitializeSListHead@4 00457044     kernel32:KERNEL32.dll
 0002:00000048       __imp__EnterCriticalSection@4 00457048     kernel32:KERNEL32.dll
 0002:0000004c       __imp__LeaveCriticalSection@4 0045704c     kernel32:KERNEL32.dll
 0002:00000050       __imp__GetCurrentProcessId@0 00457050     kernel32:KERNEL32.dll
 0002:00000054       __imp__DeleteCriticalSection@4 00457054     kernel32:KERNEL32.dll
[...]
 0002:0000b45c       __ehfuncinfo$??0?$vector@V?$basic_string@DU?$char_traits@D@std@@V?$allocator@D@2@@std@@V?$allocator@V?$basic_string@DU?$char_traits@D@std@@V?$allocator@D@2@@std@@@2@@std@@QAE@ABV01@@Z 0046245c     systeminfo.obj
 0002:0000b480       __unwindtable$??0?$vector@V?$basic_string@DU?$char_traits@D@std@@V?$allocator@D@2@@std@@V?$allocator@V?$basic_string@DU?$char_traits@D@std@@V?$allocator@D@2@@std@@@2@@std@@QAE@ABV01@@Z 00462480     systeminfo.obj
 0002:0000b490       __ehfuncinfo$?imbue@?$basic_filebuf@DU?$char_traits@D@std@@@std@@MAEXABVlocale@2@@Z 00462490     systeminfo.obj
 0002:0000b4b4       __unwindtable$?imbue@?$basic_filebuf@DU?$char_traits@D@std@@@std@@MAEXABVlocale@2@@Z 004624b4     systeminfo.obj
 0002:0000b4c4       __ehfuncinfo$?uflow@?$basic_filebuf@DU?$char_traits@D@std@@@std@@MAEHXZ 004624c4     systeminfo.obj
 0002:0000b4e8       __unwindtable$?uflow@?$basic_filebuf@DU?$char_traits@D@std@@@std@@MAEHXZ 004624e8     systeminfo.obj
 0002:0000b4f0       __ehfuncinfo$??0?$basic_ifstream@DU?$char_traits@D@std@@@std@@QAE@XZ 004624f0     systeminfo.obj
 0002:0000b514       __unwindtable$??0?$basic_ifstream@DU?$char_traits@D@std@@@std@@QAE@XZ 00462514     systeminfo.obj
 0002:0000b52c       __ehfuncinfo$??$use_facet@V?$ctype@D@std@@@std@@YAABV?$ctype@D@0@ABVlocale@0@@Z 0046252c     systeminfo.obj
 0002:0000b550       __unwindtable$??$use_facet@V?$ctype@D@std@@@std@@YAABV?$ctype@D@0@ABVlocale@0@@Z 00462550     systeminfo.obj
 0002:0000b560       __ehfuncinfo$??$_Emplace_reallocate@AAV?$vector@V?$basic_string@DU?$char_traits@D@std@@V?$allocator@D@2@@std@@V?$allocator@V?$basic_string@DU?$char_traits@D@std@@V?$allocator@D@2@@std@@@2@@std@@AAH@?$vector@VCPUInfo@@V?$allocator@VCPUInfo@@@std@@@std@@QAEPAVCPUInfo@@QAV2@AAV?$vector@V?$basic_string@DU?$char_traits@D@std@@V?$allocator@D@2@@std@@V?$allocator@V?$basic_string@DU?$char_traits@D@std@@V?$allocator@D@2@@std@@@2@@1@AAH@Z 00462560     systeminfo.obj
 0002:0000b584       __unwindtable$??$_Emplace_reallocate@AAV?$vector@V?$basic_string@DU?$char_traits@D@std@@V?$allocator@D@2@@std@@V?$allocator@V?$basic_string@DU?$char_traits@D@std@@V?$allocator@D@2@@std@@@2@@std@@AAH@?$vector@VCPUInfo@@V?$allocator@VCPUInfo@@@std@@@std@@QAEPAVCPUInfo@@QAV2@AAV?$vector@V?$basic_string@DU?$char_traits@D@std@@V?$allocator@D@2@@std@@V?$allocator@V?$basic_string@DU?$char_traits@D@std@@V?$allocator@D@2@@std@@@2@@1@AAH@Z 00462584     systeminfo.obj
 0002:0000b594       __tryblocktable$??$_Emplace_reallocate@AAV?$vector@V?$basic_string@DU?$char_traits@D@std@@V?$allocator@D@2@@std@@V?$allocator@V?$basic_string@DU?$char_traits@D@std@@V?$allocator@D@2@@std@@@2@@std@@AAH@?$vector@VCPUInfo@@V?$allocator@VCPUInfo@@@std@@@std@@QAEPAVCPUInfo@@QAV2@AAV?$vector@V?$basic_string@DU?$char_traits@D@std@@V?$allocator@D@2@@std@@V?$allocator@V?$basic_string@DU?$char_traits@D@std@@V?$allocator@D@2@@std@@@2@@1@AAH@Z 00462594     systeminfo.obj
 0002:0000b5a8       __catchsym$??$_Emplace_reallocate@AAV?$vector@V?$basic_string@DU?$char_traits@D@std@@V?$allocator@D@2@@std@@V?$allocator@V?$basic_string@DU?$char_traits@D@std@@V?$allocator@D@2@@std@@@2@@std@@AAH@?$vector@VCPUInfo@@V?$allocator@VCPUInfo@@@std@@@std@@QAEPAVCPUInfo@@QAV2@AAV?$vector@V?$basic_string@DU?$char_traits@D@std@@V?$allocator@D@2@@std@@V?$allocator@V?$basic_string@DU?$char_traits@D@std@@V?$allocator@D@2@@std@@@2@@1@AAH@Z$2 004625a8     systeminfo.obj
 0002:0000b5b8       __ehfuncinfo$??$toString@_J@GPUInfo@@ABE?AV?$basic_string@DU?$char_traits@D@std@@V?$allocator@D@2@@std@@AB_J@Z 004625b8     systeminfo.obj
 0002:0000b5b8       __ehfuncinfo$??$toString@_J@OSInfo@@ABE?AV?$basic_string@DU?$char_traits@D@std@@V?$allocator@D@2@@std@@AB_J@Z 004625b8     systeminfo.obj
 0002:0000b5b8       __ehfuncinfo$??$toString@_J@RAMInfo@@ABE?AV?$basic_string@DU?$char_traits@D@std@@V?$allocator@D@2@@std@@AB_J@Z 004625b8     systeminfo.obj
 0002:0000b5dc       __unwindtable$??$toString@_J@GPUInfo@@ABE?AV?$basic_string@DU?$char_traits@D@std@@V?$allocator@D@2@@std@@AB_J@Z 004625dc     systeminfo.obj
 0002:0000b5dc       __unwindtable$??$toString@_J@OSInfo@@ABE?AV?$basic_string@DU?$char_traits@D@std@@V?$allocator@D@2@@std@@AB_J@Z 004625dc     systeminfo.obj
 0002:0000b5dc       __unwindtable$??$toString@_J@RAMInfo@@ABE?AV?$basic_string@DU?$char_traits@D@std@@V?$allocator@D@2@@std@@AB_J@Z 004625dc     systeminfo.obj
 0002:0000b5fc       __ehfuncinfo$??$_Emplace_reallocate@AAV?$vector@V?$basic_string@DU?$char_traits@D@std@@V?$allocator@D@2@@std@@V?$allocator@V?$basic_string@DU?$char_traits@D@std@@V?$allocator@D@2@@std@@@2@@std@@AAH@?$vector@VGPUInfo@@V?$allocator@VGPUInfo@@@std@@@std@@QAEPAVGPUInfo@@QAV2@AAV?$vector@V?$basic_string@DU?$char_traits@D@std@@V?$allocator@D@2@@std@@V?$allocator@V?$basic_string@DU?$char_traits@D@std@@V?$allocator@D@2@@std@@@2@@1@AAH@Z 004625fc     systeminfo.obj
 0002:0000b620       __unwindtable$??$_Emplace_reallocate@AAV?$vector@V?$basic_string@DU?$char_traits@D@std@@V?$allocator@D@2@@std@@V?$allocator@V?$basic_string@DU?$char_traits@D@std@@V?$allocator@D@2@@std@@@2@@std@@AAH@?$vector@VGPUInfo@@V?$allocator@VGPUInfo@@@std@@@std@@QAEPAVGPUInfo@@QAV2@AAV?$vector@V?$basic_string@DU?$char_traits@D@std@@V?$allocator@D@2@@std@@V?$allocator@V?$basic_string@DU?$char_traits@D@std@@V?$allocator@D@2@@std@@@2@@1@AAH@Z 00462620     systeminfo.obj
 0002:0000b630       __tryblocktable$??$_Emplace_reallocate@AAV?$vector@V?$basic_string@DU?$char_traits@D@std@@V?$allocator@D@2@@std@@V?$allocator@V?$basic_string@DU?$char_traits@D@std@@V?$allocator@D@2@@std@@@2@@std@@AAH@?$vector@VGPUInfo@@V?$allocator@VGPUInfo@@@std@@@std@@QAEPAVGPUInfo@@QAV2@AAV?$vector@V?$basic_string@DU?$char_traits@D@std@@V?$allocator@D@2@@std@@V?$allocator@V?$basic_string@DU?$char_traits@D@std@@V?$allocator@D@2@@std@@@2@@1@AAH@Z 00462630     systeminfo.obj
 0002:0000b644       __catchsym$??$_Emplace_reallocate@AAV?$vector@V?$basic_string@DU?$char_traits@D@std@@V?$allocator@D@2@@std@@V?$allocator@V?$basic_string@DU?$char_traits@D@std@@V?$allocator@D@2@@std@@@2@@std@@AAH@?$vector@VGPUInfo@@V?$allocator@VGPUInfo@@@std@@@std@@QAEPAVGPUInfo@@QAV2@AAV?$vector@V?$basic_string@DU?$char_traits@D@std@@V?$allocator@D@2@@std@@V?$allocator@V?$basic_string@DU?$char_traits@D@std@@V?$allocator@D@2@@std@@@2@@1@AAH@Z$2 00462644     systeminfo.obj
 0002:0000b654       __ehfuncinfo$??$_Emplace_reallocate@AAV?$vector@V?$basic_string@DU?$char_traits@D@std@@V?$allocator@D@2@@std@@V?$allocator@V?$basic_string@DU?$char_traits@D@std@@V?$allocator@D@2@@std@@@2@@std@@AAH@?$vector@VMotherboardInfo@@V?$allocator@VMotherboardInfo@@@std@@@std@@QAEPAVMotherboardInfo@@QAV2@AAV?$vector@V?$basic_string@DU?$char_traits@D@std@@V?$allocator@D@2@@std@@V?$allocator@V?$basic_string@DU?$char_traits@D@std@@V?$allocator@D@2@@std@@@2@@1@AAH@Z 00462654     systeminfo.obj
 0002:0000b678       __unwindtable$??$_Emplace_reallocate@AAV?$vector@V?$basic_string@DU?$char_traits@D@std@@V?$allocator@D@2@@std@@V?$allocator@V?$basic_string@DU?$char_traits@D@std@@V?$allocator@D@2@@std@@@2@@std@@AAH@?$vector@VMotherboardInfo@@V?$allocator@VMotherboardInfo@@@std@@@std@@QAEPAVMotherboardInfo@@QAV2@AAV?$vector@V?$basic_string@DU?$char_traits@D@std@@V?$allocator@D@2@@std@@V?$allocator@V?$basic_string@DU?$char_traits@D@std@@V?$allocator@D@2@@std@@@2@@1@AAH@Z 00462678     systeminfo.obj
 0002:0000b688       __tryblocktable$??$_Emplace_reallocate@AAV?$vector@V?$basic_string@DU?$char_traits@D@std@@V?$allocator@D@2@@std@@V?$allocator@V?$basic_string@DU?$char_traits@D@std@@V?$allocator@D@2@@std@@@2@@std@@AAH@?$vector@VMotherboardInfo@@V?$allocator@VMotherboardInfo@@@std@@@std@@QAEPAVMotherboardInfo@@QAV2@AAV?$vector@V?$basic_string@DU?$char_traits@D@std@@V?$allocator@D@2@@std@@V?$allocator@V?$basic_string@DU?$char_traits@D@std@@V?$allocator@D@2@@std@@@2@@1@AAH@Z 00462688     systeminfo.obj
 0002:0000b69c       __catchsym$??$_Emplace_reallocate@AAV?$vector@V?$basic_string@DU?$char_traits@D@std@@V?$allocator@D@2@@std@@V?$allocator@V?$basic_string@DU?$char_traits@D@std@@V?$allocator@D@2@@std@@@2@@std@@AAH@?$vector@VMotherboardInfo@@V?$allocator@VMotherboardInfo@@@std@@@std@@QAEPAVMotherboardInfo@@QAV2@AAV?$vector@V?$basic_string@DU?$char_traits@D@std@@V?$allocator@D@2@@std@@V?$allocator@V?$basic_string@DU?$char_traits@D@std@@V?$allocator@D@2@@std@@@2@@1@AAH@Z$2 0046269c     systeminfo.obj
 0002:0000b6ac       __ehfuncinfo$??$_Emplace_reallocate@AAV?$vector@V?$basic_string@DU?$char_traits@D@std@@V?$allocator@D@2@@std@@V?$allocator@V?$basic_string@DU?$char_traits@D@std@@V?$allocator@D@2@@std@@@2@@std@@AAH@?$vector@VOSInfo@@V?$allocator@VOSInfo@@@std@@@std@@QAEPAVOSInfo@@QAV2@AAV?$vector@V?$basic_string@DU?$char_traits@D@std@@V?$allocator@D@2@@std@@V?$allocator@V?$basic_string@DU?$char_traits@D@std@@V?$allocator@D@2@@std@@@2@@1@AAH@Z 004626ac     systeminfo.obj
 0002:0000b6d0       __unwindtable$??$_Emplace_reallocate@AAV?$vector@V?$basic_string@DU?$char_traits@D@std@@V?$allocator@D@2@@std@@V?$allocator@V?$basic_string@DU?$char_traits@D@std@@V?$allocator@D@2@@std@@@2@@std@@AAH@?$vector@VOSInfo@@V?$allocator@VOSInfo@@@std@@@std@@QAEPAVOSInfo@@QAV2@AAV?$vector@V?$basic_string@DU?$char_traits@D@std@@V?$allocator@D@2@@std@@V?$allocator@V?$basic_string@DU?$char_traits@D@std@@V?$allocator@D@2@@std@@@2@@1@AAH@Z 004626d0     systeminfo.obj
 0002:0000b6e0       __tryblocktable$??$_Emplace_reallocate@AAV?$vector@V?$basic_string@DU?$char_traits@D@std@@V?$allocator@D@2@@std@@V?$allocator@V?$basic_string@DU?$char_traits@D@std@@V?$allocator@D@2@@std@@@2@@std@@AAH@?$vector@VOSInfo@@V?$allocator@VOSInfo@@@std@@@std@@QAEPAVOSInfo@@QAV2@AAV?$vector@V?$basic_string@DU?$char_traits@D@std@@V?$allocator@D@2@@std@@V?$allocator@V?$basic_string@DU?$char_traits@D@std@@V?$allocator@D@2@@std@@@2@@1@AAH@Z 004626e0     systeminfo.obj
 0002:0000b6f4       __catchsym$??$_Emplace_reallocate@AAV?$vector@V?$basic_string@DU?$char_traits@D@std@@V?$allocator@D@2@@std@@V?$allocator@V?$basic_string@DU?$char_traits@D@std@@V?$allocator@D@2@@std@@@2@@std@@AAH@?$vector@VOSInfo@@V?$allocator@VOSInfo@@@std@@@std@@QAEPAVOSInfo@@QAV2@AAV?$vector@V?$basic_string@DU?$char_traits@D@std@@V?$allocator@D@2@@std@@V?$allocator@V?$basic_string@DU?$char_traits@D@std@@V?$allocator@D@2@@std@@@2@@1@AAH@Z$2 004626f4     systeminfo.obj
 0002:0000b704       __ehfuncinfo$??$_Emplace_reallocate@AAV?$vector@V?$basic_string@DU?$char_traits@D@std@@V?$allocator@D@2@@std@@V?$allocator@V?$basic_string@DU?$char_traits@D@std@@V?$allocator@D@2@@std@@@2@@std@@AAH@?$vector@VRAMInfo@@V?$allocator@VRAMInfo@@@std@@@std@@QAEPAVRAMInfo@@QAV2@AAV?$vector@V?$basic_string@DU?$char_traits@D@std@@V?$allocator@D@2@@std@@V?$allocator@V?$basic_string@DU?$char_traits@D@std@@V?$allocator@D@2@@std@@@2@@1@AAH@Z 00462704     systeminfo.obj
 0002:0000b728       __unwindtable$??$_Emplace_reallocate@AAV?$vector@V?$basic_string@DU?$char_traits@D@std@@V?$allocator@D@2@@std@@V?$allocator@V?$basic_string@DU?$char_traits@D@std@@V?$allocator@D@2@@std@@@2@@std@@AAH@?$vector@VRAMInfo@@V?$allocator@VRAMInfo@@@std@@@std@@QAEPAVRAMInfo@@QAV2@AAV?$vector@V?$basic_string@DU?$char_traits@D@std@@V?$allocator@D@2@@std@@V?$allocator@V?$basic_string@DU?$char_traits@D@std@@V?$allocator@D@2@@std@@@2@@1@AAH@Z 00462728     systeminfo.obj
 0002:0000b738       __tryblocktable$??$_Emplace_reallocate@AAV?$vector@V?$basic_string@DU?$char_traits@D@std@@V?$allocator@D@2@@std@@V?$allocator@V?$basic_string@DU?$char_traits@D@std@@V?$allocator@D@2@@std@@@2@@std@@AAH@?$vector@VRAMInfo@@V?$allocator@VRAMInfo@@@std@@@std@@QAEPAVRAMInfo@@QAV2@AAV?$vector@V?$basic_string@DU?$char_traits@D@std@@V?$allocator@D@2@@std@@V?$allocator@V?$basic_string@DU?$char_traits@D@std@@V?$allocator@D@2@@std@@@2@@1@AAH@Z 00462738     systeminfo.obj
 0002:0000b74c       __catchsym$??$_Emplace_reallocate@AAV?$vector@V?$basic_string@DU?$char_traits@D@std@@V?$allocator@D@2@@std@@V?$allocator@V?$basic_string@DU?$char_traits@D@std@@V?$allocator@D@2@@std@@@2@@std@@AAH@?$vector@VRAMInfo@@V?$allocator@VRAMInfo@@@std@@@std@@QAEPAVRAMInfo@@QAV2@AAV?$vector@V?$basic_string@DU?$char_traits@D@std@@V?$allocator@D@2@@std@@V?$allocator@V?$basic_string@DU?$char_traits@D@std@@V?$allocator@D@2@@std@@@2@@1@AAH@Z$2 0046274c     systeminfo.obj
 0002:0000b75c       __ehfuncinfo$??$_Emplace_reallocate@ABV?$basic_string@DU?$char_traits@D@std@@V?$allocator@D@2@@std@@@?$vector@V?$basic_string@DU?$char_traits@D@std@@V?$allocator@D@2@@std@@V?$allocator@V?$basic_string@DU?$char_traits@D@std@@V?$allocator@D@2@@std@@@2@@std@@QAEPAV?$basic_string@DU?$char_traits@D@std@@V?$allocator@D@2@@1@QAV21@ABV21@@Z 0046275c     systeminfo.obj
 0002:0000b780       __unwindtable$??$_Emplace_reallocate@ABV?$basic_string@DU?$char_traits@D@std@@V?$allocator@D@2@@std@@@?$vector@V?$basic_string@DU?$char_traits@D@std@@V?$allocator@D@2@@std@@V?$allocator@V?$basic_string@DU?$char_traits@D@std@@V?$allocator@D@2@@std@@@2@@std@@QAEPAV?$basic_string@DU?$char_traits@D@std@@V?$allocator@D@2@@1@QAV21@ABV21@@Z 00462780     systeminfo.obj
 0002:0000b790       __tryblocktable$??$_Emplace_reallocate@ABV?$basic_string@DU?$char_traits@D@std@@V?$allocator@D@2@@std@@@?$vector@V?$basic_string@DU?$char_traits@D@std@@V?$allocator@D@2@@std@@V?$allocator@V?$basic_string@DU?$char_traits@D@std@@V?$allocator@D@2@@std@@@2@@std@@QAEPAV?$basic_string@DU?$char_traits@D@std@@V?$allocator@D@2@@1@QAV21@ABV21@@Z 00462790     systeminfo.obj
 0002:0000b7a4       __catchsym$??$_Emplace_reallocate@ABV?$basic_string@DU?$char_traits@D@std@@V?$allocator@D@2@@std@@@?$vector@V?$basic_string@DU?$char_traits@D@std@@V?$allocator@D@2@@std@@V?$allocator@V?$basic_string@DU?$char_traits@D@std@@V?$allocator@D@2@@std@@@2@@std@@QAEPAV?$basic_string@DU?$char_traits@D@std@@V?$allocator@D@2@@1@QAV21@ABV21@@Z$2 004627a4     systeminfo.obj
 0002:0000b7b4       __ehfuncinfo$??$_Insert_string@DU?$char_traits@D@std@@I@std@@YAAAV?$basic_ostream@DU?$char_traits@D@std@@@0@AAV10@QBDI@Z 004627b4     systeminfo.obj
 0002:0000b7d8       __unwindtable$??$_Insert_string@DU?$char_traits@D@std@@I@std@@YAAAV?$basic_ostream@DU?$char_traits@D@std@@@0@AAV10@QBDI@Z 004627d8     systeminfo.obj
 0002:0000b808       __tryblocktable$??$_Insert_string@DU?$char_traits@D@std@@I@std@@YAAAV?$basic_ostream@DU?$char_traits@D@std@@@0@AAV10@QBDI@Z 00462808     systeminfo.obj
 0002:0000b81c       __catchsym$??$_Insert_string@DU?$char_traits@D@std@@I@std@@YAAAV?$basic_ostream@DU?$char_traits@D@std@@@0@AAV10@QBDI@Z$6 0046281c     systeminfo.obj
 0002:0000b830       __ehfuncinfo$??$_Uninitialized_copy@PAVOSInfo@@V?$allocator@VOSInfo@@@std@@@std@@YAPAVOSInfo@@QAV1@0PAV1@AAV?$allocator@VOSInfo@@@0@@Z 00462830     systeminfo.obj
 0002:0000b858       __unwindtable$??$_Uninitialized_copy@PAVOSInfo@@V?$allocator@VOSInfo@@@std@@@std@@YAPAVOSInfo@@QAV1@0PAV1@AAV?$allocator@VOSInfo@@@0@@Z 00462858     systeminfo.obj
 0002:0000b8c8       __ehfuncinfo$??$?5DU?$char_traits@D@std@@V?$allocator@D@1@@std@@YAAAV?$basic_istream@DU?$char_traits@D@std@@@0@$$QAV10@AAV?$basic_string@DU?$char_traits@D@std@@V?$allocator@D@2@@0@@Z 004628c8     systeminfo.obj
 0002:0000b8ec       __unwindtable$??$?5DU?$char_traits@D@std@@V?$allocator@D@1@@std@@YAAAV?$basic_istream@DU?$char_traits@D@std@@@0@$$QAV10@AAV?$basic_string@DU?$char_traits@D@std@@V?$allocator@D@2@@0@@Z 004628ec     systeminfo.obj
 0002:0000b91c       __tryblocktable$??$?5DU?$char_traits@D@std@@V?$allocator@D@1@@std@@YAAAV?$basic_istream@DU?$char_traits@D@std@@@0@$$QAV10@AAV?$basic_string@DU?$char_traits@D@std@@V?$allocator@D@2@@0@@Z 0046291c     systeminfo.obj
 0002:0000b930       __catchsym$??$?5DU?$char_traits@D@std@@V?$allocator@D@1@@std@@YAAAV?$basic_istream@DU?$char_traits@D@std@@@0@$$QAV10@AAV?$basic_string@DU?$char_traits@D@std@@V?$allocator@D@2@@0@@Z$7 00462930     systeminfo.obj
 0002:0000b940       __sehtable$??_M@YGXPAXIIP6EX0@Z@Z 00462940     MSVCRT:ehvecdtr.obj
 0002:0000b960       __sehtable$?__ArrayUnwind@@YGXPAXIIP6EX0@Z@Z 00462960     MSVCRT:ehvecdtr.obj
 0002:0000b980       __sehtable$___scrt_is_nonwritable_in_current_image 00462980     MSVCRT:utility.obj
 0002:0000b9a0       __sehtable$?__scrt_common_main_seh@@YAHXZ 004629a0     MSVCRT:exe_winmain.obj
 0002:0000c166       .idata$6                   00463166     kernel32:KERNEL32.dll
 0002:0000c2b2       .idata$6                   004632b2     user32:USER32.dll
 0002:0000c2d2       .idata$6                   004632d2     gdi32:GDI32.dll
 0002:0000c320       .idata$6                   00463320     advapi32:ADVAPI32.dll
 0002:0000ceea       .idata$6                   00463eea     msvcprt:MSVCP140.dll
 0002:0000cf0a       .idata$6                   00463f0a     d3d9:d3d9.dll
 0002:0000cf26       .idata$6                   00463f26     d3dx9:d3dx9_43.dll
 0002:0000cfaa       .idata$6                   00463faa     ws2_32:WS2_32.dll
 0002:0000cfb6       .idata$6                   00463fb6     wldap32:WLDAP32.dll
 0002:0000d0c6       .idata$6                   004640c6     vcruntime:VCRUNTIME140.dll
 0002:0000d53e       .idata$6                   0046453e     ucrt:api-ms-win-crt-stdio-l1-1-0.dll
 0002:0000d55e       .idata$6                   0046455e     ucrt:api-ms-win-crt-runtime-l1-1-0.dll
 0002:0000d580       .idata$6                   00464580     ucrt:api-ms-win-crt-convert-l1-1-0.dll
 0002:0000d5a2       .idata$6                   004645a2     ucrt:api-ms-win-crt-time-l1-1-0.dll
 0002:0000d5c2       .idata$6                   004645c2     ucrt:api-ms-win-crt-filesystem-l1-1-0.dll
 0002:0000d5e8       .idata$6                   004645e8     ucrt:api-ms-win-crt-heap-l1-1-0.dll
 0002:0000d608       .idata$6                   00464608     ucrt:api-ms-win-crt-math-l1-1-0.dll
 0002:0000d628       .idata$6                   00464628     ucrt:api-ms-win-crt-locale-l1-1-0.dll
 0002:0000d64a       .idata$6                   0046464a     ucrt:api-ms-win-crt-string-l1-1-0.dll
 0002:0000d66c       .idata$6                   0046466c     ucrt:api-ms-win-crt-utility-l1-1-0.dll
 0002:0000d68e       .idata$6                   0046468e     ucrt:api-ms-win-crt-multibyte-l1-1-0.dll
 0003:0000002c       ?if_prefix@?2??bindlocal@@9@9 0046502c     libcurl:connect.obj
 0003:00000030       ?host_prefix@?2??bindlocal@@9@9 00465030     libcurl:connect.obj
 0003:00000820       ??_R0?AV<lambda_b5565d269da327e336800d80f472b553>@@@8 00465820     systeminfo.obj
 0003:00000a48       ??_R0?AV?$_Func_impl_no_alloc@V<lambda_b5565d269da327e336800d80f472b553>@@V?$basic_string@DU?$char_traits@D@std@@V?$allocator@D@2@@std@@ABV23@@std@@@8 00465a48     systeminfo.obj
 0003:00000bf0       ?_Fac_head@std@@3PAU_Fac_node@1@A 00465bf0     msvcprt:locale0_implib.obj
 0003:00000bf4       ?_Fac_tidy_reg@std@@3U_Fac_tidy_reg_t@1@B 00465bf4     msvcprt:locale0_implib.obj
 0003:00000c00       ?is_initialized_as_dll@@3_NA 00465c00     MSVCRT:utility.obj
 0003:00000c01       ?module_local_atexit_table_initialized@@3_NA 00465c01     MSVCRT:utility.obj
 0003:00000c04       ?module_local_atexit_table@@3U_onexit_table_t@@A 00465c04     MSVCRT:utility.obj
 0003:00000c10       ?module_local_at_quick_exit_table@@3U_onexit_table_t@@A 00465c10     MSVCRT:utility.obj
 0003:00000c20       _GS_ExceptionRecord        00465c20     MSVCRT:gs_report.obj
 0003:00000c70       _GS_ContextRecord          00465c70     MSVCRT:gs_report.obj
 0003:00000f58       _initialized               00465f58     libcurl:easy.obj
 0003:00000f5c       _init_flags                00465f5c     libcurl:easy.obj
 0003:00000f60       ?tv_zero@?1??multi_timeout@@9@9 00465f60     libcurl:multi.obj
 0003:00000f70       ?detectOsState@?1??Curl_sndbufset@@9@9 00465f70     libcurl:connect.obj
 0003:00000f78       _s_hIpHlpApiDll            00465f78     libcurl:system_win32.obj
 0003:00000f80       ?tv_zero@?1??Curl_splaygetbest@@9@9 00465f80     libcurl:splay.obj
 0003:00000f90       ?randseed@?1??randit@@9@9  00465f90     libcurl:rand.obj
 0003:00000f94       ?seeded@?1??randit@@9@9    00465f94     libcurl:rand.obj
 0004:00000060       $R000000                   00467060     * linker generated manifest res *
