 Warcraft III - External MapHack

 Timestamp is 6091c0ea (Wed May  5 00:47:22 2021)

 Preferred load address is 00400000

 Start         Length     Name                   Class
 0001:00000000 000009f0H .text$di                CODE
 0001:000009f0 00051dc0H .text$mn                CODE
 0001:000527b0 00001230H .text$x                 CODE
 0001:000539e0 00001d41H .text$yd                CODE
 0002:00000000 000004a8H .idata$5                DATA
 0002:000004a8 00000004H .00cfg                  DATA
 0002:000004ac 00000004H .CRT$XCA                DATA
 0002:000004b0 00000004H .CRT$XCAA               DATA
 0002:000004b4 00000004H .CRT$XCL                DATA
 0002:000004b8 0000013cH .CRT$XCU                DATA
 0002:000005f4 00000004H .CRT$XCZ                DATA
 0002:000005f8 00000004H .CRT$XIA                DATA
 0002:000005fc 00000004H .CRT$XIAA               DATA
 0002:00000600 00000004H .CRT$XIAC               DATA
 0002:00000604 00000004H .CRT$XIZ                DATA
 0002:00000608 00000004H .CRT$XPA                DATA
 0002:0000060c 00000004H .CRT$XPZ                DATA
 0002:00000610 00000004H .CRT$XTA                DATA
 0002:00000614 0000000cH .CRT$XTZ                DATA
 0002:00000618 00000000H .gfids$y                DATA
 0002:00000620 000098e0H .rdata                  DATA
 0002:00009f00 00000000H .rdata$CastGuardVftablesA DATA
 0002:00009f00 00000000H .rdata$CastGuardVftablesC DATA
 0002:00009f00 00000590H .rdata$r                DATA
 0002:0000a490 000000bcH .rdata$sxdata           DATA
 0002:0000a54c 000002ecH .rdata$zzzdbg           DATA
 0002:0000a838 00000004H .rtc$IAA                DATA
 0002:0000a83c 00000004H .rtc$IZZ                DATA
 0002:0000a840 00000004H .rtc$TAA                DATA
 0002:0000a844 00000004H .rtc$TZZ                DATA
 0002:0000a848 0000127cH .xdata$x                DATA
 0002:0000bac4 00000000H .edata                  DATA
 0002:0000bac4 000001a4H .idata$2                DATA
 0002:0000bc68 00000014H .idata$3                DATA
 0002:0000bc7c 000004a8H .idata$4                DATA
 0002:0000c124 000019bcH .idata$6                DATA
 0003:00000000 000007a4H .data                   DATA
 0003:000007a4 000000b4H .data$r                 DATA
 0003:00000858 00000398H .data$rs                DATA
 0003:00000bf0 000004d0H .bss                    DATA
 0004:00000000 00000060H .rsrc$01                DATA
 0004:00000060 00000188H .rsrc$02                DATA

  Address         Publics by Value              Rva+Base       Lib:Object

 0000:00000000       ___volatile_metadata       00000000     <absolute>
 0000:00000000       ___arm64x_redirection_metadata 00000000     <absolute>
 0000:00000000       ___guard_longjmp_count     00000000     <absolute>
 0000:00000000       ___guard_iat_count         00000000     <absolute>
 0000:00000000       ___guard_longjmp_table     00000000     <absolute>
 0000:00000000       ___x64_code_ranges_to_entry_points 00000000     <absolute>
 0000:00000000       ___hybrid_code_map         00000000     <absolute>
 0000:00000000       ___guard_iat_table         00000000     <absolute>
 0000:00000000       ___arm64x_native_entrypoint 00000000     <absolute>
 0000:00000000       ___arm64x_extra_rfe_table_size 00000000     <absolute>
 0000:00000000       ___enclave_config          00000000     <absolute>
 0000:00000000       ___arm64x_redirection_metadata_count 00000000     <absolute>
 0000:00000000       ___guard_check_icall_a64n_fptr 00000000     <absolute>
 0000:00000000       ___hybrid_code_map_count   00000000     <absolute>
 0000:00000000       ___guard_fids_table        00000000     <absolute>
 0000:00000000       ___arm64x_extra_rfe_table  00000000     <absolute>
 0000:00000000       ___guard_fids_count        00000000     <absolute>
 0000:00000000       ___x64_code_ranges_to_entry_points_count 00000000     <absolute>
 0000:00000000       ___hybrid_auxiliary_iat    00000000     <absolute>
 0000:00000000       ___dynamic_value_reloc_table 00000000     <absolute>
 0000:00000000       ___guard_eh_cont_count     00000000     <absolute>
 0000:00000000       ___AbsoluteZero            00000000     <absolute>
 0000:00000000       ___hybrid_auxiliary_iat_copy 00000000     <absolute>
 0000:00000000       ___guard_eh_cont_table     00000000     <absolute>
 0000:0000002f       ___safe_se_handler_count   0000002f     <absolute>
 0000:00000100       ___guard_flags             00000100     <absolute>
 0000:00000000       ___ImageBase               00400000     <linker-defined>
 0001:000009f0       _WinMain@16                004019f0 f   Main.obj
 0001:00000ea0       ?Render@@YAXXZ             00401ea0 f   Main.obj
 0001:000015c0       ?WndProc@@YGJPAUHWND__@@IIJ@Z 004025c0 f   Main.obj
 0001:00001610       ___local_stdio_printf_options 00402610 f i protect.obj
 0001:00001620       __vsnprintf_l              00402620 f i protect.obj
 0001:00001660       _sprintf                   00402660 f i protect.obj
 0001:00001680       ??0exception@std@@QAE@ABV01@@Z 00402680 f i protect.obj
 0001:000016b0       ?what@exception@std@@UBEPBDXZ 004026b0 f i protect.obj
 0001:000016c0       ??_Ebad_array_new_length@std@@UAEPAXI@Z 004026c0 f i * CIL library *:* CIL module *
 0001:000016c0       ??_Ebad_alloc@std@@UAEPAXI@Z 004026c0 f i * CIL library *:* CIL module *
 0001:000016c0       ??_Gexception@std@@UAEPAXI@Z 004026c0 f i protect.obj
 0001:000016c0       ??_Ebad_cast@std@@UAEPAXI@Z 004026c0 f i * CIL library *:* CIL module *
 0001:000016c0       ??_Gbad_cast@std@@UAEPAXI@Z 004026c0 f i systeminfo.obj
 0001:000016c0       ??_Eexception@std@@UAEPAXI@Z 004026c0 f i * CIL library *:* CIL module *
 0001:000016c0       ??_Gbad_alloc@std@@UAEPAXI@Z 004026c0 f i protect.obj
 0001:000016c0       ??_Gbad_array_new_length@std@@UAEPAXI@Z 004026c0 f i protect.obj
 0001:00001700       ??1bad_array_new_length@std@@UAE@XZ 00402700 f i protect.obj
 0001:00001700       ??1bad_alloc@std@@UAE@XZ   00402700 f i protect.obj
 0001:00001700       ??1bad_cast@std@@UAE@XZ    00402700 f i systeminfo.obj
 0001:00001720       ??0bad_array_new_length@std@@QAE@XZ 00402720 f i protect.obj
 0001:00001740       ?_Throw_bad_array_new_length@std@@YAXXZ 00402740 f i protect.obj
 0001:00001740       ?__scrt_throw_std_bad_array_new_length@@YAXXZ 00402740 f i MSVCRT:throw_bad_alloc.obj
 0001:00001760       ??0bad_array_new_length@std@@QAE@ABV01@@Z 00402760 f i protect.obj
 0001:000017a0       ??0bad_alloc@std@@QAE@ABV01@@Z 004027a0 f i protect.obj
 0001:000017e0       ?_Xlen_string@std@@YAXXZ   004027e0 f i protect.obj
 0001:000017f0       ?Gen@@YAKV?$basic_string@DU?$char_traits@D@std@@V?$allocator@D@2@@std@@@Z 004027f0 f   protect.obj
 0001:00001860       ?Gen@@YAKH@Z               00402860 f   protect.obj
 0001:00001970       ?KEY@@YA?AV?$basic_string@DU?$char_traits@D@std@@V?$allocator@D@2@@std@@XZ 00402970 f   protect.obj
 0001:000051e0       ?write_to_string@@YAIPAXII0@Z 004061e0 f   protect.obj
 0001:000052f0       ?IsValidTime@@YA_NHHH@Z    004062f0 f   protect.obj
 0001:00005590       ??1?$unique_ptr@VOSInfoDelegate@@U?$default_delete@VOSInfoDelegate@@@std@@@std@@QAE@XZ 00406590 f i protect.obj
 0001:000055b0       ??1?$unique_ptr@VGPUInfoDelegate@@U?$default_delete@VGPUInfoDelegate@@@std@@@std@@QAE@XZ 004065b0 f i protect.obj
 0001:000055d0       ??1?$unique_ptr@VRAMInfoDelegate@@U?$default_delete@VRAMInfoDelegate@@@std@@@std@@QAE@XZ 004065d0 f i protect.obj
 0001:000055f0       ??1?$unique_ptr@VMotherboardInfoDelegate@@U?$default_delete@VMotherboardInfoDelegate@@@std@@@std@@QAE@XZ 004065f0 f i protect.obj
 0001:00005610       ??1?$unique_ptr@VCPUInfoDelegate@@U?$default_delete@VCPUInfoDelegate@@@std@@@std@@QAE@XZ 00406610 f i protect.obj
 0001:00005630       ??1?$vector@VRAMInfo@@V?$allocator@VRAMInfo@@@std@@@std@@QAE@XZ 00406630 f i protect.obj
 0001:00005640       ??1?$vector@VOSInfo@@V?$allocator@VOSInfo@@@std@@@std@@QAE@XZ 00406640 f i protect.obj
 0001:00005650       ??1?$vector@VMotherboardInfo@@V?$allocator@VMotherboardInfo@@@std@@@std@@QAE@XZ 00406650 f i protect.obj
 0001:00005660       ??1?$vector@VGPUInfo@@V?$allocator@VGPUInfo@@@std@@@std@@QAE@XZ 00406660 f i protect.obj
 0001:00005670       ??1?$vector@VCPUInfo@@V?$allocator@VCPUInfo@@@std@@@std@@QAE@XZ 00406670 f i protect.obj
 0001:00005680       ?_Myptr@?$_String_val@U?$_Simple_types@D@std@@@std@@QAEPADXZ 00406680 f i protect.obj
 0001:00005680       ?c_str@?$basic_string@DU?$char_traits@D@std@@V?$allocator@D@2@@std@@QBEPBDXZ 00406680 f i protect.obj
 0001:00005690       ??Y?$basic_string@DU?$char_traits@D@std@@V?$allocator@D@2@@std@@QAEAAV01@QBD@Z 00406690 f i protect.obj
 0001:00005700       ??1?$basic_string@DU?$char_traits@D@std@@V?$allocator@D@2@@std@@QAE@XZ 00406700 f i protect.obj
 0001:00005750       ??1sentry@?$basic_ostream@DU?$char_traits@D@std@@@std@@QAE@XZ 00406750 f i protect.obj
 0001:000057c0       ?_Tidy@?$vector@VRAMInfo@@V?$allocator@VRAMInfo@@@std@@@std@@AAEXXZ 004067c0 f i protect.obj
 0001:00005850       ?_Tidy@?$vector@VOSInfo@@V?$allocator@VOSInfo@@@std@@@std@@AAEXXZ 00406850 f i protect.obj
 0001:000058e0       ?_Tidy@?$vector@VMotherboardInfo@@V?$allocator@VMotherboardInfo@@@std@@@std@@AAEXXZ 004068e0 f i protect.obj
 0001:00005960       ?_Tidy@?$vector@VGPUInfo@@V?$allocator@VGPUInfo@@@std@@@std@@AAEXXZ 00406960 f i protect.obj
 0001:000059f0       ?_Tidy@?$vector@VCPUInfo@@V?$allocator@VCPUInfo@@@std@@@std@@AAEXXZ 004069f0 f i protect.obj
 0001:00005a80       ?assign@?$basic_string@DU?$char_traits@D@std@@V?$allocator@D@2@@std@@QAEAAV12@QBDI@Z 00406a80 f i protect.obj
 0001:00005bc0       ??1_Sentry_base@?$basic_istream@DU?$char_traits@D@std@@@std@@QAE@XZ 00406bc0 f i systeminfo.obj
 0001:00005bc0       ??1_Sentry_base@?$basic_ostream@DU?$char_traits@D@std@@@std@@QAE@XZ 00406bc0 f i protect.obj
 0001:00005c10       ?_Destroy@?$vector@VRAMInfo@@V?$allocator@VRAMInfo@@@std@@@std@@AAEXPAVRAMInfo@@0@Z 00406c10 f i protect.obj
 0001:00005c40       ?deallocate@?$allocator@VRAMInfo@@@std@@QAEXQAVRAMInfo@@I@Z 00406c40 f i protect.obj
 0001:00005c80       ?_Destroy@?$vector@VOSInfo@@V?$allocator@VOSInfo@@@std@@@std@@AAEXPAVOSInfo@@0@Z 00406c80 f i protect.obj
 0001:00005cb0       ?deallocate@?$allocator@VOSInfo@@@std@@QAEXQAVOSInfo@@I@Z 00406cb0 f i protect.obj
 0001:00005cf0       ?_Destroy@?$vector@VMotherboardInfo@@V?$allocator@VMotherboardInfo@@@std@@@std@@AAEXPAVMotherboardInfo@@0@Z 00406cf0 f i protect.obj
 0001:00005d20       ?deallocate@?$allocator@VMotherboardInfo@@@std@@QAEXQAVMotherboardInfo@@I@Z 00406d20 f i protect.obj
 0001:00005d60       ?_Destroy@?$vector@VGPUInfo@@V?$allocator@VGPUInfo@@@std@@@std@@AAEXPAVGPUInfo@@0@Z 00406d60 f i protect.obj
 0001:00005d90       ?deallocate@?$allocator@VGPUInfo@@@std@@QAEXQAVGPUInfo@@I@Z 00406d90 f i protect.obj
 0001:00005dd0       ?_Destroy@?$vector@VCPUInfo@@V?$allocator@VCPUInfo@@@std@@@std@@AAEXPAVCPUInfo@@0@Z 00406dd0 f i protect.obj
 0001:00005e00       ?deallocate@?$allocator@VCPUInfo@@@std@@QAEXQAVCPUInfo@@I@Z 00406e00 f i protect.obj
 0001:00005e40       ?_Xran@?$_String_val@U?$_Simple_types@D@std@@@std@@SAXXZ 00406e40 f i protect.obj
 0001:00005e50       ?move@?$_Char_traits@DH@std@@SAPADQADQBDI@Z 00406e50 f i protect.obj
 0001:00005e70       ??$?6U?$char_traits@D@std@@@std@@YAAAV?$basic_ostream@DU?$char_traits@D@std@@@0@AAV10@PBD@Z 00406e70 f i protect.obj
 0001:000060b0       ??$endl@DU?$char_traits@D@std@@@std@@YAAAV?$basic_ostream@DU?$char_traits@D@std@@@0@AAV10@@Z 004070b0 f i protect.obj
 0001:000060e0       ??$_Reallocate_grow_by@V<lambda_ab246b20b9526e2ef7792587e4298a77>@@PBDI@?$basic_string@DU?$char_traits@D@std@@V?$allocator@D@2@@std@@AAEAAV01@IV<lambda_ab246b20b9526e2ef7792587e4298a77>@@PBDI@Z 004070e0 f i protect.obj
 0001:00006240       ??1RAMInfo@@QAE@XZ         00407240 f i protect.obj
 0001:000064a0       ??1OSInfo@@QAE@XZ          004074a0 f i protect.obj
 0001:00006900       ??1MotherboardInfo@@QAE@XZ 00407900 f i protect.obj
 0001:00006a60       ??1GPUInfo@@QAE@XZ         00407a60 f i protect.obj
 0001:00006d70       ??1CPUInfo@@QAE@XZ         00407d70 f i protect.obj
 0001:00006f20       ??0bad_cast@std@@QAE@XZ    00407f20 f i systeminfo.obj
 0001:00006f40       ?_Throw_bad_cast@std@@YAXXZ 00407f40 f i systeminfo.obj
 0001:00006f60       ??0bad_cast@std@@QAE@ABV01@@Z 00407f60 f i systeminfo.obj
 0001:00006fa0       ??1locale@std@@QAE@XZ      00407fa0 f i systeminfo.obj
 0001:00006fc0       ??0CPUInfo@@QAE@ABV?$vector@V?$basic_string@DU?$char_traits@D@std@@V?$allocator@D@2@@std@@V?$allocator@V?$basic_string@DU?$char_traits@D@std@@V?$allocator@D@2@@std@@@2@@std@@H@Z 00407fc0 f   systeminfo.obj
 0001:00007870       ??1SystemCommand@@QAE@XZ   00408870 f i systeminfo.obj
 0001:00007910       ?getArchitecture@CPUInfo@@ABE?AV?$basic_string@DU?$char_traits@D@std@@V?$allocator@D@2@@std@@AAV23@@Z 00408910 f   systeminfo.obj
 0001:00007a30       ??0CPUInfoDelegate@@QAE@XZ 00408a30 f   systeminfo.obj
 0001:00007d00       ??0GPUInfo@@QAE@ABV?$vector@V?$basic_string@DU?$char_traits@D@std@@V?$allocator@D@2@@std@@V?$allocator@V?$basic_string@DU?$char_traits@D@std@@V?$allocator@D@2@@std@@@2@@std@@H@Z 00408d00 f   systeminfo.obj
 0001:00008cc0       ?getVideoArchitecture@GPUInfo@@ABE?AV?$basic_string@DU?$char_traits@D@std@@V?$allocator@D@2@@std@@ABV23@@Z 00409cc0 f   systeminfo.obj
 0001:00008fd0       ?getVideoMemoryType@GPUInfo@@ABE?AV?$basic_string@DU?$char_traits@D@std@@V?$allocator@D@2@@std@@ABV23@@Z 00409fd0 f   systeminfo.obj
 0001:00009230       ??0GPUInfoDelegate@@QAE@XZ 0040a230 f   systeminfo.obj
 0001:00009500       ??0MotherboardInfo@@QAE@ABV?$vector@V?$basic_string@DU?$char_traits@D@std@@V?$allocator@D@2@@std@@V?$allocator@V?$basic_string@DU?$char_traits@D@std@@V?$allocator@D@2@@std@@@2@@std@@H@Z 0040a500 f   systeminfo.obj
 0001:00009930       ?determineChipset@MotherboardInfo@@AAEXXZ 0040a930 f   systeminfo.obj
 0001:00009b70       ??0MotherboardInfoDelegate@@QAE@XZ 0040ab70 f   systeminfo.obj
 0001:00009e50       ??0OSInfo@@QAE@ABV?$vector@V?$basic_string@DU?$char_traits@D@std@@V?$allocator@D@2@@std@@V?$allocator@V?$basic_string@DU?$char_traits@D@std@@V?$allocator@D@2@@std@@@2@@std@@H@Z 0040ae50 f   systeminfo.obj
 0001:0000b970       ?serialNumber@OSInfo@@QBE?AV?$basic_string@DU?$char_traits@D@std@@V?$allocator@D@2@@std@@XZ 0040c970 f   systeminfo.obj
 0001:0000b990       ?totalVisibleMemory@OSInfo@@QBE?AV?$basic_string@DU?$char_traits@D@std@@V?$allocator@D@2@@std@@XZ 0040c990 f   systeminfo.obj
 0001:0000b9b0       ?totalSwapSize@OSInfo@@QBE?AV?$basic_string@DU?$char_traits@D@std@@V?$allocator@D@2@@std@@XZ 0040c9b0 f   systeminfo.obj
 0001:0000b9d0       ??0OSInfoDelegate@@QAE@XZ  0040c9d0 f   systeminfo.obj
 0001:0000bca0       ??0RAMInfo@@QAE@ABV?$vector@V?$basic_string@DU?$char_traits@D@std@@V?$allocator@D@2@@std@@V?$allocator@V?$basic_string@DU?$char_traits@D@std@@V?$allocator@D@2@@std@@@2@@std@@H@Z 0040cca0 f   systeminfo.obj
 0001:0000cd70       ?getMemoryType@RAMInfo@@ABE?AV?$basic_string@DU?$char_traits@D@std@@V?$allocator@D@2@@std@@ABV23@@Z 0040dd70 f   systeminfo.obj
 0001:0000cfd0       ?getFormFactor@RAMInfo@@ABE?AV?$basic_string@DU?$char_traits@D@std@@V?$allocator@D@2@@std@@ABV23@@Z 0040dfd0 f   systeminfo.obj
 0001:0000d220       ??0RAMInfoDelegate@@QAE@XZ 0040e220 f   systeminfo.obj
 0001:0000d4f0       ?stripAllFromString@SystemCommand@@AAE?AV?$basic_string@DU?$char_traits@D@std@@V?$allocator@D@2@@std@@ABV23@0@Z 0040e4f0 f   systeminfo.obj
 0001:0000d680       ?stripFromString@SystemCommand@@AAE?AV?$basic_string@DU?$char_traits@D@std@@V?$allocator@D@2@@std@@ABV23@0@Z 0040e680 f   systeminfo.obj
 0001:0000d940       ?stripPipeFromCommand@SystemCommand@@AAEXXZ 0040e940 f   systeminfo.obj
 0001:0000daf0       ?systemCommandLaunch@SystemCommand@@AAEX_N@Z 0040eaf0 f   systeminfo.obj
 0001:0000e240       ??1?$function@$$A6A?AV?$basic_string@DU?$char_traits@D@std@@V?$allocator@D@2@@std@@ABV12@@Z@std@@QAE@XZ 0040f240 f i systeminfo.obj
 0001:0000e270       ??0?$vector@VRAMInfo@@V?$allocator@VRAMInfo@@@std@@@std@@QAE@ABV01@@Z 0040f270 f i systeminfo.obj
 0001:0000e450       ??0?$vector@VMotherboardInfo@@V?$allocator@VMotherboardInfo@@@std@@@std@@QAE@ABV01@@Z 0040f450 f i systeminfo.obj
 0001:0000e5f0       ??0?$vector@VGPUInfo@@V?$allocator@VGPUInfo@@@std@@@std@@QAE@ABV01@@Z 0040f5f0 f i systeminfo.obj
 0001:0000e800       ??0?$vector@VCPUInfo@@V?$allocator@VCPUInfo@@@std@@@std@@QAE@ABV01@@Z 0040f800 f i systeminfo.obj
 0001:0000e9b0       ?seekpos@?$basic_stringbuf@DU?$char_traits@D@std@@V?$allocator@D@2@@std@@MAE?AV?$fpos@U_Mbstatet@@@2@V32@H@Z 0040f9b0 f i systeminfo.obj
 0001:0000eac0       ?seekoff@?$basic_stringbuf@DU?$char_traits@D@std@@V?$allocator@D@2@@std@@MAE?AV?$fpos@U_Mbstatet@@@2@_JHH@Z 0040fac0 f i systeminfo.obj
 0001:0000ec50       ?underflow@?$basic_stringbuf@DU?$char_traits@D@std@@V?$allocator@D@2@@std@@MAEHXZ 0040fc50 f i systeminfo.obj
 0001:0000ecb0       ?pbackfail@?$basic_stringbuf@DU?$char_traits@D@std@@V?$allocator@D@2@@std@@MAEHH@Z 0040fcb0 f i systeminfo.obj
 0001:0000ed10       ?overflow@?$basic_stringbuf@DU?$char_traits@D@std@@V?$allocator@D@2@@std@@MAEHH@Z 0040fd10 f i systeminfo.obj
 0001:0000eed0       ??1?$basic_stringbuf@DU?$char_traits@D@std@@V?$allocator@D@2@@std@@UAE@XZ 0040fed0 f i systeminfo.obj
 0001:0000ef80       ??1?$vector@V?$basic_string@DU?$char_traits@D@std@@V?$allocator@D@2@@std@@V?$allocator@V?$basic_string@DU?$char_traits@D@std@@V?$allocator@D@2@@std@@@2@@std@@QAE@XZ 0040ff80 f i systeminfo.obj
 0001:0000ef90       ??0?$vector@V?$basic_string@DU?$char_traits@D@std@@V?$allocator@D@2@@std@@V?$allocator@V?$basic_string@DU?$char_traits@D@std@@V?$allocator@D@2@@std@@@2@@std@@QAE@ABV01@@Z 0040ff90 f i systeminfo.obj
 0001:0000f090       ?imbue@?$basic_filebuf@DU?$char_traits@D@std@@@std@@MAEXABVlocale@2@@Z 00410090 f i systeminfo.obj
 0001:0000f1b0       ?sync@?$basic_filebuf@DU?$char_traits@D@std@@@std@@MAEHXZ 004101b0 f i systeminfo.obj
 0001:0000f1e0       ?setbuf@?$basic_filebuf@DU?$char_traits@D@std@@@std@@MAEPAV?$basic_streambuf@DU?$char_traits@D@std@@@2@PAD_J@Z 004101e0 f i systeminfo.obj
 0001:0000f2d0       ?seekpos@?$basic_filebuf@DU?$char_traits@D@std@@@std@@MAE?AV?$fpos@U_Mbstatet@@@2@V32@H@Z 004102d0 f i systeminfo.obj
 0001:0000f3b0       ?seekoff@?$basic_filebuf@DU?$char_traits@D@std@@@std@@MAE?AV?$fpos@U_Mbstatet@@@2@_JHH@Z 004103b0 f i systeminfo.obj
 0001:0000f4d0       ?xsputn@?$basic_filebuf@DU?$char_traits@D@std@@@std@@MAE_JPBD_J@Z 004104d0 f i systeminfo.obj
 0001:0000f5c0       ?xsgetn@?$basic_filebuf@DU?$char_traits@D@std@@@std@@MAE_JPAD_J@Z 004105c0 f i systeminfo.obj
 0001:0000f6f0       ?uflow@?$basic_filebuf@DU?$char_traits@D@std@@@std@@MAEHXZ 004106f0 f i systeminfo.obj
 0001:0000f940       ?underflow@?$basic_filebuf@DU?$char_traits@D@std@@@std@@MAEHXZ 00410940 f i systeminfo.obj
 0001:0000f980       ?pbackfail@?$basic_filebuf@DU?$char_traits@D@std@@@std@@MAEHH@Z 00410980 f i systeminfo.obj
 0001:0000fa30       ?overflow@?$basic_filebuf@DU?$char_traits@D@std@@@std@@MAEHH@Z 00410a30 f i systeminfo.obj
 0001:0000fb80       ?_Unlock@?$basic_filebuf@DU?$char_traits@D@std@@@std@@UAEXXZ 00410b80 f i systeminfo.obj
 0001:0000fb90       ?_Lock@?$basic_filebuf@DU?$char_traits@D@std@@@std@@UAEXXZ 00410b90 f i systeminfo.obj
 0001:0000fba0       ??1?$basic_filebuf@DU?$char_traits@D@std@@@std@@UAE@XZ 00410ba0 f i systeminfo.obj
 0001:0000fc60       ??0?$basic_ifstream@DU?$char_traits@D@std@@@std@@QAE@XZ 00410c60 f i systeminfo.obj
 0001:0000fd40       ?find@?$basic_string@DU?$char_traits@D@std@@V?$allocator@D@2@@std@@QBEIABV12@I@Z 00410d40 f i systeminfo.obj
 0001:0000fe60       ??4?$basic_string@DU?$char_traits@D@std@@V?$allocator@D@2@@std@@QAEAAV01@$$QAV01@@Z 00410e60 f i systeminfo.obj
 0001:0000fee0       ??0?$basic_string@DU?$char_traits@D@std@@V?$allocator@D@2@@std@@QAE@ABV01@@Z 00410ee0 f i systeminfo.obj
 0001:0000ffb0       ??_E?$basic_stringbuf@DU?$char_traits@D@std@@V?$allocator@D@2@@std@@UAEPAXI@Z 00410fb0 f i * CIL library *:* CIL module *
 0001:0000ffb0       ??_G?$basic_stringbuf@DU?$char_traits@D@std@@V?$allocator@D@2@@std@@UAEPAXI@Z 00410fb0 f i systeminfo.obj
 0001:0000ffe0       ??_G?$basic_stringstream@DU?$char_traits@D@std@@V?$allocator@D@2@@std@@UAEPAXI@Z 00410fe0 f i systeminfo.obj
 0001:0000ffe0       ??_E?$basic_stringstream@DU?$char_traits@D@std@@V?$allocator@D@2@@std@@UAEPAXI@Z 00410fe0 f i * CIL library *:* CIL module *
 0001:00010040       ??_G?$basic_filebuf@DU?$char_traits@D@std@@@std@@UAEPAXI@Z 00411040 f i systeminfo.obj
 0001:00010040       ??_E?$basic_filebuf@DU?$char_traits@D@std@@@std@@UAEPAXI@Z 00411040 f i * CIL library *:* CIL module *
 0001:00010070       ??_G?$basic_ifstream@DU?$char_traits@D@std@@@std@@UAEPAXI@Z 00411070 f i systeminfo.obj
 0001:00010070       ??_E?$basic_ifstream@DU?$char_traits@D@std@@@std@@UAEPAXI@Z 00411070 f i * CIL library *:* CIL module *
 0001:000100d0       ??_D?$basic_stringstream@DU?$char_traits@D@std@@V?$allocator@D@2@@std@@QAEXXZ 004110d0 f i systeminfo.obj
 0001:00010110       ??1?$_Tidy_guard@V?$vector@V?$basic_string@DU?$char_traits@D@std@@V?$allocator@D@2@@std@@V?$allocator@V?$basic_string@DU?$char_traits@D@std@@V?$allocator@D@2@@std@@@2@@std@@@std@@QAE@XZ 00411110 f i systeminfo.obj
 0001:00010120       ??1?$_Tidy_guard@V?$vector@VCPUInfo@@V?$allocator@VCPUInfo@@@std@@@std@@@std@@QAE@XZ 00411120 f i systeminfo.obj
 0001:00010130       ??1?$_Tidy_guard@V?$vector@VGPUInfo@@V?$allocator@VGPUInfo@@@std@@@std@@@std@@QAE@XZ 00411130 f i systeminfo.obj
 0001:00010140       ??1?$_Tidy_guard@V?$vector@VMotherboardInfo@@V?$allocator@VMotherboardInfo@@@std@@@std@@@std@@QAE@XZ 00411140 f i systeminfo.obj
 0001:00010150       ??1?$_Tidy_guard@V?$vector@VOSInfo@@V?$allocator@VOSInfo@@@std@@@std@@@std@@QAE@XZ 00411150 f i systeminfo.obj
 0001:00010160       ??1?$_Tidy_guard@V?$vector@VRAMInfo@@V?$allocator@VRAMInfo@@@std@@@std@@@std@@QAE@XZ 00411160 f i systeminfo.obj
 0001:00010170       ?_Tidy@?$vector@V?$basic_string@DU?$char_traits@D@std@@V?$allocator@D@2@@std@@V?$allocator@V?$basic_string@DU?$char_traits@D@std@@V?$allocator@D@2@@std@@@2@@std@@AAEXXZ 00411170 f i systeminfo.obj
 0001:000101f0       ?_Destroy@?$vector@V?$basic_string@DU?$char_traits@D@std@@V?$allocator@D@2@@std@@V?$allocator@V?$basic_string@DU?$char_traits@D@std@@V?$allocator@D@2@@std@@@2@@std@@AAEXPAV?$basic_string@DU?$char_traits@D@std@@V?$allocator@D@2@@2@0@Z 004111f0 f i systeminfo.obj
 0001:00010210       ?_Endwrite@?$basic_filebuf@DU?$char_traits@D@std@@@std@@IAE_NXZ 00411210 f i systeminfo.obj
 0001:000102e0       ?allocate@?$allocator@V?$basic_string@DU?$char_traits@D@std@@V?$allocator@D@2@@std@@@std@@QAEPAV?$basic_string@DU?$char_traits@D@std@@V?$allocator@D@2@@2@I@Z 004112e0 f i systeminfo.obj
 0001:00010340       ?deallocate@?$allocator@V?$basic_string@DU?$char_traits@D@std@@V?$allocator@D@2@@std@@@std@@QAEXQAV?$basic_string@DU?$char_traits@D@std@@V?$allocator@D@2@@2@I@Z 00411340 f i systeminfo.obj
 0001:00010380       ??$use_facet@V?$ctype@D@std@@@std@@YAABV?$ctype@D@0@ABVlocale@0@@Z 00411380 f i systeminfo.obj
 0001:00010480       ??$?HDU?$char_traits@D@std@@V?$allocator@D@1@@std@@YA?AV?$basic_string@DU?$char_traits@D@std@@V?$allocator@D@2@@0@ABV10@QBD@Z 00411480 f i systeminfo.obj
 0001:000105a0       ??$?8DU?$char_traits@D@std@@V?$allocator@D@1@@std@@YA_NABV?$basic_string@DU?$char_traits@D@std@@V?$allocator@D@2@@0@QBD@Z 004115a0 f i systeminfo.obj
 0001:00010630       ??$_Emplace_reallocate@AAV?$vector@V?$basic_string@DU?$char_traits@D@std@@V?$allocator@D@2@@std@@V?$allocator@V?$basic_string@DU?$char_traits@D@std@@V?$allocator@D@2@@std@@@2@@std@@AAH@?$vector@VCPUInfo@@V?$allocator@VCPUInfo@@@std@@@std@@QAEPAVCPUInfo@@QAV2@AAV?$vector@V?$basic_string@DU?$char_traits@D@std@@V?$allocator@D@2@@std@@V?$allocator@V?$basic_string@DU?$char_traits@D@std@@V?$allocator@D@2@@std@@@2@@1@AAH@Z 00411630 f i systeminfo.obj
 0001:00010880       ??$toString@_J@GPUInfo@@ABE?AV?$basic_string@DU?$char_traits@D@std@@V?$allocator@D@2@@std@@AB_J@Z 00411880 f i systeminfo.obj
 0001:00010880       ??$toString@_J@OSInfo@@ABE?AV?$basic_string@DU?$char_traits@D@std@@V?$allocator@D@2@@std@@AB_J@Z 00411880 f i systeminfo.obj
 0001:00010880       ??$toString@_J@RAMInfo@@ABE?AV?$basic_string@DU?$char_traits@D@std@@V?$allocator@D@2@@std@@AB_J@Z 00411880 f i systeminfo.obj
 0001:00010a20       ??$_Emplace_reallocate@AAV?$vector@V?$basic_string@DU?$char_traits@D@std@@V?$allocator@D@2@@std@@V?$allocator@V?$basic_string@DU?$char_traits@D@std@@V?$allocator@D@2@@std@@@2@@std@@AAH@?$vector@VGPUInfo@@V?$allocator@VGPUInfo@@@std@@@std@@QAEPAVGPUInfo@@QAV2@AAV?$vector@V?$basic_string@DU?$char_traits@D@std@@V?$allocator@D@2@@std@@V?$allocator@V?$basic_string@DU?$char_traits@D@std@@V?$allocator@D@2@@std@@@2@@1@AAH@Z 00411a20 f i systeminfo.obj
 0001:00010c70       ??$_Emplace_reallocate@AAV?$vector@V?$basic_string@DU?$char_traits@D@std@@V?$allocator@D@2@@std@@V?$allocator@V?$basic_string@DU?$char_traits@D@std@@V?$allocator@D@2@@std@@@2@@std@@AAH@?$vector@VMotherboardInfo@@V?$allocator@VMotherboardInfo@@@std@@@std@@QAEPAVMotherboardInfo@@QAV2@AAV?$vector@V?$basic_string@DU?$char_traits@D@std@@V?$allocator@D@2@@std@@V?$allocator@V?$basic_string@DU?$char_traits@D@std@@V?$allocator@D@2@@std@@@2@@1@AAH@Z 00411c70 f i systeminfo.obj
 0001:00010e90       ??$_Emplace_reallocate@AAV?$vector@V?$basic_string@DU?$char_traits@D@std@@V?$allocator@D@2@@std@@V?$allocator@V?$basic_string@DU?$char_traits@D@std@@V?$allocator@D@2@@std@@@2@@std@@AAH@?$vector@VOSInfo@@V?$allocator@VOSInfo@@@std@@@std@@QAEPAVOSInfo@@QAV2@AAV?$vector@V?$basic_string@DU?$char_traits@D@std@@V?$allocator@D@2@@std@@V?$allocator@V?$basic_string@DU?$char_traits@D@std@@V?$allocator@D@2@@std@@@2@@1@AAH@Z 00411e90 f i systeminfo.obj
 0001:00011140       ??$_Emplace_reallocate@AAV?$vector@V?$basic_string@DU?$char_traits@D@std@@V?$allocator@D@2@@std@@V?$allocator@V?$basic_string@DU?$char_traits@D@std@@V?$allocator@D@2@@std@@@2@@std@@AAH@?$vector@VRAMInfo@@V?$allocator@VRAMInfo@@@std@@@std@@QAEPAVRAMInfo@@QAV2@AAV?$vector@V?$basic_string@DU?$char_traits@D@std@@V?$allocator@D@2@@std@@V?$allocator@V?$basic_string@DU?$char_traits@D@std@@V?$allocator@D@2@@std@@@2@@1@AAH@Z 00412140 f i systeminfo.obj
 0001:00011390       ??$_Emplace_reallocate@V?$basic_string@DU?$char_traits@D@std@@V?$allocator@D@2@@std@@@?$vector@V?$basic_string@DU?$char_traits@D@std@@V?$allocator@D@2@@std@@V?$allocator@V?$basic_string@DU?$char_traits@D@std@@V?$allocator@D@2@@std@@@2@@std@@QAEPAV?$basic_string@DU?$char_traits@D@std@@V?$allocator@D@2@@1@QAV21@$$QAV21@@Z 00412390 f i systeminfo.obj
 0001:00011520       ??$_Emplace_reallocate@ABV?$basic_string@DU?$char_traits@D@std@@V?$allocator@D@2@@std@@@?$vector@V?$basic_string@DU?$char_traits@D@std@@V?$allocator@D@2@@std@@V?$allocator@V?$basic_string@DU?$char_traits@D@std@@V?$allocator@D@2@@std@@@2@@std@@QAEPAV?$basic_string@DU?$char_traits@D@std@@V?$allocator@D@2@@1@QAV21@ABV21@@Z 00412520 f i systeminfo.obj
 0001:000116e0       ??$_Destroy_range@V?$allocator@V?$basic_string@DU?$char_traits@D@std@@V?$allocator@D@2@@std@@@std@@@std@@YAXPAV?$basic_string@DU?$char_traits@D@std@@V?$allocator@D@2@@0@QAV10@AAV?$allocator@V?$basic_string@DU?$char_traits@D@std@@V?$allocator@D@2@@std@@@0@@Z 004126e0 f i systeminfo.obj
 0001:00011750       ??$_Reallocate_grow_by@V<lambda_15711c68e099a15a58f4d77303cb286d>@@D@?$basic_string@DU?$char_traits@D@std@@V?$allocator@D@2@@std@@AAEAAV01@IV<lambda_15711c68e099a15a58f4d77303cb286d>@@D@Z 00412750 f i systeminfo.obj
 0001:00011890       ??1?$unique_ptr@V_Facet_base@std@@U?$default_delete@V_Facet_base@std@@@2@@std@@QAE@XZ 00412890 f i systeminfo.obj
 0001:000118a0       ?_Xlength@?$vector@VOSInfo@@V?$allocator@VOSInfo@@@std@@@std@@CAXXZ 004128a0 f i systeminfo.obj
 0001:000118a0       ?_Xlength@?$vector@V?$basic_string@DU?$char_traits@D@std@@V?$allocator@D@2@@std@@V?$allocator@V?$basic_string@DU?$char_traits@D@std@@V?$allocator@D@2@@std@@@2@@std@@CAXXZ 004128a0 f i systeminfo.obj
 0001:000118a0       ?_Xlength@?$vector@VMotherboardInfo@@V?$allocator@VMotherboardInfo@@@std@@@std@@CAXXZ 004128a0 f i systeminfo.obj
 0001:000118a0       ?_Xlength@?$vector@VGPUInfo@@V?$allocator@VGPUInfo@@@std@@@std@@CAXXZ 004128a0 f i systeminfo.obj
 0001:000118a0       ?_Xlength@?$vector@VCPUInfo@@V?$allocator@VCPUInfo@@@std@@@std@@CAXXZ 004128a0 f i systeminfo.obj
 0001:000118a0       ?_Xlength@?$vector@VRAMInfo@@V?$allocator@VRAMInfo@@@std@@@std@@CAXXZ 004128a0 f i systeminfo.obj
 0001:000118b0       ??0?$basic_string@DU?$char_traits@D@std@@V?$allocator@D@2@@std@@QAE@U_String_constructor_concat_tag@1@AAV01@1@Z 004128b0 f i systeminfo.obj
 0001:00011a90       ??$_Insert_string@DU?$char_traits@D@std@@I@std@@YAAAV?$basic_ostream@DU?$char_traits@D@std@@@0@AAV10@QBDI@Z 00412a90 f i systeminfo.obj
 0001:00011c90       ??$_Uninitialized_copy@PAVOSInfo@@V?$allocator@VOSInfo@@@std@@@std@@YAPAVOSInfo@@QAV1@0PAV1@AAV?$allocator@VOSInfo@@@0@@Z 00412c90 f i systeminfo.obj
 0001:00011e40       ??$_Uninitialized_move@PAVRAMInfo@@V?$allocator@VRAMInfo@@@std@@@std@@YAPAVRAMInfo@@QAV1@0PAV1@AAV?$allocator@VRAMInfo@@@0@@Z 00412e40 f i systeminfo.obj
 0001:00012090       ??$_Uninitialized_move@PAVMotherboardInfo@@V?$allocator@VMotherboardInfo@@@std@@@std@@YAPAVMotherboardInfo@@QAV1@0PAV1@AAV?$allocator@VMotherboardInfo@@@0@@Z 00413090 f i systeminfo.obj
 0001:000121f0       ??$_Uninitialized_move@PAVGPUInfo@@V?$allocator@VGPUInfo@@@std@@@std@@YAPAVGPUInfo@@QAV1@0PAV1@AAV?$allocator@VGPUInfo@@@0@@Z 004131f0 f i systeminfo.obj
 0001:00012460       ??$_Uninitialized_move@PAVCPUInfo@@V?$allocator@VCPUInfo@@@std@@@std@@YAPAVCPUInfo@@QAV1@0PAV1@AAV?$allocator@VCPUInfo@@@0@@Z 00413460 f i systeminfo.obj
 0001:00012620       ??$_Uninitialized_move@PAV?$basic_string@DU?$char_traits@D@std@@V?$allocator@D@2@@std@@V?$allocator@V?$basic_string@DU?$char_traits@D@std@@V?$allocator@D@2@@std@@@2@@std@@YAPAV?$basic_string@DU?$char_traits@D@std@@V?$allocator@D@2@@0@QAV10@0PAV10@AAV?$allocator@V?$basic_string@DU?$char_traits@D@std@@V?$allocator@D@2@@std@@@0@@Z 00413620 f i systeminfo.obj
 0001:00012680       ??1?$_Uninitialized_backout_al@V?$allocator@V?$basic_string@DU?$char_traits@D@std@@V?$allocator@D@2@@std@@@std@@@std@@QAE@XZ 00413680 f i systeminfo.obj
 0001:00012690       ??1?$_Uninitialized_backout_al@V?$allocator@VCPUInfo@@@std@@@std@@QAE@XZ 00413690 f i systeminfo.obj
 0001:000126c0       ??1?$_Uninitialized_backout_al@V?$allocator@VGPUInfo@@@std@@@std@@QAE@XZ 004136c0 f i systeminfo.obj
 0001:000126f0       ??1?$_Uninitialized_backout_al@V?$allocator@VMotherboardInfo@@@std@@@std@@QAE@XZ 004136f0 f i systeminfo.obj
 0001:00012720       ??1?$_Uninitialized_backout_al@V?$allocator@VOSInfo@@@std@@@std@@QAE@XZ 00413720 f i systeminfo.obj
 0001:00012750       ??1?$_Uninitialized_backout_al@V?$allocator@VRAMInfo@@@std@@@std@@QAE@XZ 00413750 f i systeminfo.obj
 0001:000127f0       ??$?5DU?$char_traits@D@std@@V?$allocator@D@1@@std@@YAAAV?$basic_istream@DU?$char_traits@D@std@@@0@$$QAV10@AAV?$basic_string@DU?$char_traits@D@std@@V?$allocator@D@2@@0@@Z 004137f0 f i systeminfo.obj
 0001:000129f0       ??1sentry@?$basic_istream@DU?$char_traits@D@std@@@std@@QAE@XZ 004139f0 f i systeminfo.obj
 0001:00012a50       ??0OSInfo@@QAE@$$QAV0@@Z   00413a50 f i systeminfo.obj
 0001:00012e0b       ??_E?$basic_stringstream@DU?$char_traits@D@std@@V?$allocator@D@2@@std@@$4PPPPPPPM@A@AEPAXI@Z 00413e0b f i systeminfo.obj
 0001:00012e13       ??_E?$basic_ifstream@DU?$char_traits@D@std@@@std@@$4PPPPPPPM@A@AEPAXI@Z 00413e13 f i systeminfo.obj
 0001:00012e1b       ??1_Fac_node@std@@QAE@XZ   00413e1b f i msvcprt:locale0_implib.obj
 0001:00012e4c       ??1_Fac_tidy_reg_t@std@@QAE@XZ 00413e4c f i msvcprt:locale0_implib.obj
 0001:00012e73       ?_Facet_Register@std@@YAXPAV_Facet_base@1@@Z 00413e73 f   msvcprt:locale0_implib.obj
 0001:00012e9f       ?_Lock@?$basic_streambuf@DU?$char_traits@D@std@@@std@@UAEXXZ 00413e9f f   msvcprt:MSVCP140.dll
 0001:00012ea5       ?_Unlock@?$basic_streambuf@DU?$char_traits@D@std@@@std@@UAEXXZ 00413ea5 f   msvcprt:MSVCP140.dll
 0001:00012eab       ?showmanyc@?$basic_streambuf@DU?$char_traits@D@std@@@std@@MAE_JXZ 00413eab f   msvcprt:MSVCP140.dll
 0001:00012eb1       ?uflow@?$basic_streambuf@DU?$char_traits@D@std@@@std@@MAEHXZ 00413eb1 f   msvcprt:MSVCP140.dll
 0001:00012eb7       ?xsgetn@?$basic_streambuf@DU?$char_traits@D@std@@@std@@MAE_JPAD_J@Z 00413eb7 f   msvcprt:MSVCP140.dll
 0001:00012ebd       ?xsputn@?$basic_streambuf@DU?$char_traits@D@std@@@std@@MAE_JPBD_J@Z 00413ebd f   msvcprt:MSVCP140.dll
 0001:00012ec3       ?setbuf@?$basic_streambuf@DU?$char_traits@D@std@@@std@@MAEPAV12@PAD_J@Z 00413ec3 f   msvcprt:MSVCP140.dll
 0001:00012ec9       ?sync@?$basic_streambuf@DU?$char_traits@D@std@@@std@@MAEHXZ 00413ec9 f   msvcprt:MSVCP140.dll
 0001:00012ecf       ?imbue@?$basic_streambuf@DU?$char_traits@D@std@@@std@@MAEXABVlocale@2@@Z 00413ecf f   msvcprt:MSVCP140.dll
 0001:00012ed5       @__security_check_cookie@4 00413ed5 f   MSVCRT:secchk.obj
 0001:00012ee6       ??2@YAPAXI@Z               00413ee6 f   MSVCRT:new_scalar.obj
 0001:00012f16       ??3@YAXPAXI@Z              00413f16 f   MSVCRT:delete_scalar_size.obj
 0001:00012f24       ??_Etype_info@@UAEPAXI@Z   00413f24 f i MSVCRT:std_type_info_static.obj
 0001:00012f24       ??_Gtype_info@@UAEPAXI@Z   00413f24 f i MSVCRT:std_type_info_static.obj
 0001:00012f47       ??_M@YGXPAXIIP6EX0@Z@Z     00413f47 f   MSVCRT:ehvecdtr.obj
 0001:00012fcc       ?__ArrayUnwind@@YGXPAXIIP6EX0@Z@Z 00413fcc f   MSVCRT:ehvecdtr.obj
 0001:000130a0       ___scrt_acquire_startup_lock 004140a0 f   MSVCRT:utility.obj
 0001:000130d2       ___scrt_initialize_crt     004140d2 f   MSVCRT:utility.obj
 0001:0001310b       ___scrt_initialize_onexit_tables 0041410b f   MSVCRT:utility.obj
 0001:00013192       ___scrt_is_nonwritable_in_current_image 00414192 f   MSVCRT:utility.obj
 0001:00013226       ___scrt_release_startup_lock 00414226 f   MSVCRT:utility.obj
 0001:00013243       ___scrt_uninitialize_crt   00414243 f   MSVCRT:utility.obj
 0001:0001326b       __onexit                   0041426b f   MSVCRT:utility.obj
 0001:00013298       _atexit                    00414298 f   MSVCRT:utility.obj
 0001:000134ee       _WinMainCRTStartup         004144ee f   MSVCRT:exe_winmain.obj
 0001:000134f8       @_guard_check_icall_nop@4  004144f8 f i MSVCRT:guard_support.obj
 0001:000134f8       __initialize_invalid_parameter_handler 004144f8 f i MSVCRT:invalid_parameter_handler.obj
 0001:000134f8       __initialize_denormal_control 004144f8 f i MSVCRT:denormal_control.obj
 0001:000134fb       ___raise_securityfailure   004144fb f   MSVCRT:gs_report.obj
 0001:00013523       ___report_gsfailure        00414523 f   MSVCRT:gs_report.obj
 0001:0001361d       ___report_rangecheckfailure 0041461d f   MSVCRT:gs_report.obj
 0001:00013629       ___report_securityfailure  00414629 f   MSVCRT:gs_report.obj
 0001:000136f8       ??0bad_alloc@std@@QAE@XZ   004146f8 f i MSVCRT:throw_bad_alloc.obj
 0001:00013710       ?__scrt_throw_std_bad_alloc@@YAXXZ 00414710 f   MSVCRT:throw_bad_alloc.obj
 0001:0001372d       ??3@YAXPAX@Z               0041472d f   MSVCRT:delete_scalar.obj
 0001:00013740       __SEH_prolog4              00414740 f   MSVCRT:sehprolg4.obj
 0001:00013786       __except_handler4          00414786 f   MSVCRT:chandler4gs.obj
 0001:000137b5       ___isa_available_init      004147b5 f   MSVCRT:cpu_disp.obj
 0001:00013986       __get_startup_argv_mode    00414986 f   MSVCRT:argv_mode.obj
 0001:0001398a       ___scrt_is_ucrt_dll_in_use 0041498a f   MSVCRT:ucrt_detection.obj
 0001:00013996       ___scrt_fastfail           00414996 f   MSVCRT:utility_desktop.obj
 0001:00013ab1       ___scrt_get_show_window_mode 00414ab1 f   MSVCRT:utility_desktop.obj
 0001:00013ae2       ___scrt_initialize_mta     00414ae2 f   MSVCRT:utility_desktop.obj
 0001:00013af0       ___scrt_exe_initialize_mta 00414af0 f   MSVCRT:utility_desktop.obj
 0001:00013af0       __get_startup_thread_locale_mode 00414af0 f   MSVCRT:thread_locale.obj
 0001:00013af0       __get_startup_new_mode     00414af0 f   MSVCRT:new_mode.obj
 0001:00013af0       ___scrt_stub_for_initialize_mta 00414af0 f   MSVCRT:utility_desktop.obj
 0001:00013af0       _Curl_if2ip                00414af0 f   libcurl:if2ip.obj
 0001:00013af0       _Curl_ssl_backend          00414af0 f   libcurl:vtls.obj
 0001:00013af0       _Curl_resolver_global_init 00414af0 f   libcurl:asyn-thread.obj
 0001:00013af0       __matherr                  00414af0 f   MSVCRT:matherr.obj
 0001:00013af0       __get_startup_commit_mode  00414af0 f   MSVCRT:commit_mode.obj
 0001:00013af0       ___scrt_initialize_winrt   00414af0 f   MSVCRT:utility_desktop.obj
 0001:00013af0       _Curl_posttransfer         00414af0 f   libcurl:transfer.obj
 0001:00013af3       ___scrt_is_managed_app     00414af3 f   MSVCRT:utility_desktop.obj
 0001:00013b36       ___scrt_set_unhandled_exception_filter 00414b36 f   MSVCRT:utility_desktop.obj
 0001:00013b42       ___scrt_unhandled_exception_filter@4 00414b42 f   MSVCRT:utility_desktop.obj
 0001:00013b98       __crt_debugger_hook        00414b98 f   MSVCRT:utility_desktop.obj
 0001:00013bed       ___security_init_cookie    00414bed f   MSVCRT:gs_support.obj
 0001:00013c38       __get_startup_file_mode    00414c38 f   MSVCRT:file_mode.obj
 0001:00013c3e       ?__scrt_initialize_type_info@@YAXXZ 00414c3e f   MSVCRT:tncleanup.obj
 0001:00013c50       ___vcrt_initialize         00414c50 f   MSVCRT:ucrt_stubs.obj
 0001:00013c50       ___acrt_initialize         00414c50 f   MSVCRT:ucrt_stubs.obj
 0001:00013c50       ___acrt_uninitialize       00414c50 f   MSVCRT:ucrt_stubs.obj
 0001:00013c50       __should_initialize_environment 00414c50 f   MSVCRT:env_mode.obj
 0001:00013c50       ___scrt_stub_for_acrt_initialize 00414c50 f   MSVCRT:ucrt_stubs.obj
 0001:00013c50       _Curl_auth_is_ntlm_supported 00414c50 f   libcurl:ntlm.obj
 0001:00013c50       _Curl_auth_is_digest_supported 00414c50 f   libcurl:digest.obj
 0001:00013c50       ___vcrt_uninitialize       00414c50 f   MSVCRT:ucrt_stubs.obj
 0001:00013c50       ___scrt_stub_for_acrt_uninitialize 00414c50 f   MSVCRT:ucrt_stubs.obj
 0001:00013c53       __initialize_default_precision 00414c53 f   MSVCRT:default_precision.obj
 0001:00013c74       ___local_stdio_scanf_options 00414c74 f i MSVCRT:default_local_stdio_options.obj
 0001:00013c7a       ___scrt_initialize_default_local_stdio_options 00414c7a f   MSVCRT:default_local_stdio_options.obj
 0001:00013c97       ___scrt_is_user_matherr_present 00414c97 f   MSVCRT:matherr_detection.obj
 0001:00013ca3       ___scrt_get_dyn_tls_init_callback 00414ca3 f   MSVCRT:dyn_tls_init.obj
 0001:00013ca9       ___scrt_get_dyn_tls_dtor_callback 00414ca9 f   MSVCRT:dyn_tls_dtor.obj
 0001:00013caf       __RTC_Initialize           00414caf f   MSVCRT:initsect.obj
 0001:00013cdb       __RTC_Terminate            00414cdb f   MSVCRT:initsect.obj
 0001:00013d10       _curl_easy_cleanup         00414d10 f   libcurl:easy.obj
 0001:00013d30       _curl_easy_init            00414d30 f   libcurl:easy.obj
 0001:00013d70       _curl_easy_perform         00414d70 f   libcurl:easy.obj
 0001:00013d90       _curl_global_init          00414d90 f   libcurl:easy.obj
 0001:00013fb0       _Curl_setblobopt           00414fb0 f   libcurl:setopt.obj
 0001:00014050       _Curl_setstropt            00415050 f   libcurl:setopt.obj
 0001:000140c0       _Curl_vsetopt              004150c0 f   libcurl:setopt.obj
 0001:00016d30       _curl_easy_setopt          00417d30 f   libcurl:setopt.obj
 0001:00016e20       _Curl_slist_append_nodup   00417e20 f   libcurl:slist.obj
 0001:00016e60       _curl_slist_append         00417e60 f   libcurl:slist.obj
 0001:00016ea0       _curl_slist_free_all       00417ea0 f   libcurl:slist.obj
 0001:00016f00       _Curl_attach_connnection   00417f00 f   libcurl:multi.obj
 0001:00016f30       _Curl_detach_connnection   00417f30 f   libcurl:multi.obj
 0001:00016f60       _Curl_expire               00417f60 f   libcurl:multi.obj
 0001:000170c0       _Curl_expire_clear         004180c0 f   libcurl:multi.obj
 0001:00017160       _Curl_expire_done          00418160 f   libcurl:multi.obj
 0001:00017170       _Curl_multi_closed         00418170 f   libcurl:multi.obj
 0001:000171d0       _Curl_multi_handle         004181d0 f   libcurl:multi.obj
 0001:00017320       _Curl_multi_max_host_connections 00418320 f   libcurl:multi.obj
 0001:00017340       _Curl_multi_max_total_connections 00418340 f   libcurl:multi.obj
 0001:00017360       _Curl_multiplex_wanted     00418360 f   libcurl:multi.obj
 0001:00017380       _Curl_preconnect           00418380 f   libcurl:multi.obj
 0001:000173c0       _Curl_set_in_callback      004183c0 f   libcurl:multi.obj
 0001:000173f0       _Curl_update_timer         004183f0 f   libcurl:multi.obj
 0001:00017620       _curl_multi_add_handle     00418620 f   libcurl:multi.obj
 0001:000177b0       _curl_multi_cleanup        004187b0 f   libcurl:multi.obj
 0001:000178b0       _curl_multi_info_read      004188b0 f   libcurl:multi.obj
 0001:00017920       _curl_multi_perform        00418920 f   libcurl:multi.obj
 0001:00017a30       _curl_multi_poll           00418a30 f   libcurl:multi.obj
 0001:00017a50       _curl_multi_remove_handle  00418a50 f   libcurl:multi.obj
 0001:00017c20       _curl_multi_setopt         00418c20 f   libcurl:multi.obj
 0001:00017d90       _curl_multi_timeout        00418d90 f   libcurl:multi.obj
 0001:000199c0       _Curl_resolver_cleanup     0041a9c0 f   libcurl:asyn-thread.obj
 0001:00019d00       _Curl_free_idnconverted_hostname 0041ad00 f   libcurl:url.obj
 0001:00019da0       _Curl_cookie_add           0041ada0 f   libcurl:cookie.obj
 0001:0001aad0       _Curl_cookie_cleanup       0041bad0 f   libcurl:cookie.obj
 0001:0001ab20       _Curl_cookie_clearall      0041bb20 f   libcurl:cookie.obj
 0001:0001ab60       _Curl_cookie_clearsess     0041bb60 f   libcurl:cookie.obj
 0001:0001abe0       _Curl_cookie_freelist      0041bbe0 f   libcurl:cookie.obj
 0001:0001ac10       _Curl_cookie_getlist       0041bc10 f   libcurl:cookie.obj
 0001:0001ad80       _Curl_cookie_init          0041bd80 f   libcurl:cookie.obj
 0001:0001af60       _Curl_cookie_loadfiles     0041bf60 f   libcurl:cookie.obj
 0001:0001afe0       _Curl_flush_cookies        0041bfe0 f   libcurl:cookie.obj
 0001:0001ba30       _sscanf                    0041ca30 f i libcurl:cookie.obj
 0001:0001bae0       _Curl_resolver_cancel      0041cae0 f   libcurl:asyn-thread.obj
 0001:0001baf0       _Curl_resolver_getaddrinfo 0041caf0 f   libcurl:asyn-thread.obj
 0001:0001bbb0       _Curl_resolver_getsock     0041cbb0 f   libcurl:asyn-thread.obj
 0001:0001bc70       _Curl_resolver_init        0041cc70 f   libcurl:asyn-thread.obj
 0001:0001bca0       _Curl_resolver_is_resolved 0041cca0 f   libcurl:asyn-thread.obj
 0001:0001bdf0       _Curl_resolver_kill        0041cdf0 f   libcurl:asyn-thread.obj
 0001:0001be20       _Curl_resolver_wait_resolv 0041ce20 f   libcurl:asyn-thread.obj
 0001:0001c2b0       _Curl_dyn_add              0041d2b0 f   libcurl:dynbuf.obj
 0001:0001c2e0       _Curl_dyn_addf             0041d2e0 f   libcurl:dynbuf.obj
 0001:0001c300       _Curl_dyn_addn             0041d300 f   libcurl:dynbuf.obj
 0001:0001c310       _Curl_dyn_free             0041d310 f   libcurl:dynbuf.obj
 0001:0001c340       _Curl_dyn_init             0041d340 f   libcurl:dynbuf.obj
 0001:0001c370       _Curl_dyn_len              0041d370 f   libcurl:dynbuf.obj
 0001:0001c380       _Curl_dyn_ptr              0041d380 f   libcurl:dynbuf.obj
 0001:0001c380       _Curl_dyn_uptr             0041d380 f   libcurl:dynbuf.obj
 0001:0001c390       _Curl_dyn_reset            0041d390 f   libcurl:dynbuf.obj
 0001:0001c3b0       _Curl_dyn_vaddf            0041d3b0 f   libcurl:dynbuf.obj
 0001:0001c980       _Curl_mime_add_header      0041d980 f   libcurl:mime.obj
 0001:0001c9e0       _Curl_mime_cleanpart       0041d9e0 f   libcurl:mime.obj
 0001:0001ca50       _Curl_mime_contenttype     0041da50 f   libcurl:mime.obj
 0001:0001cac0       _Curl_mime_initpart        0041dac0 f   libcurl:mime.obj
 0001:0001cb00       _Curl_mime_prepare_headers 0041db00 f   libcurl:mime.obj
 0001:0001ce10       _Curl_mime_read            0041de10 f   libcurl:mime.obj
 0001:0001ce40       _Curl_mime_rewind          0041de40 f   libcurl:mime.obj
 0001:0001ce60       _Curl_mime_set_subparts    0041de60 f   libcurl:mime.obj
 0001:0001cf30       _Curl_mime_size            0041df30 f   libcurl:mime.obj
 0001:0001d140       _curl_mime_addpart         0041e140 f   libcurl:mime.obj
 0001:0001d1a0       _curl_mime_data            0041e1a0 f   libcurl:mime.obj
 0001:0001d240       _curl_mime_data_cb         0041e240 f   libcurl:mime.obj
 0001:0001d290       _curl_mime_filedata        0041e290 f   libcurl:mime.obj
 0001:0001d3b0       _curl_mime_filename        0041e3b0 f   libcurl:mime.obj
 0001:0001d400       _curl_mime_free            0041e400 f   libcurl:mime.obj
 0001:0001d450       _curl_mime_headers         0041e450 f   libcurl:mime.obj
 0001:0001d4a0       _curl_mime_init            0041e4a0 f   libcurl:mime.obj
 0001:0001d520       _curl_mime_name            0041e520 f   libcurl:mime.obj
 0001:0001d570       _curl_mime_subparts        0041e570 f   libcurl:mime.obj
 0001:0001d590       _curl_mime_type            0041e590 f   libcurl:mime.obj
 0001:0001e220       _Curl_conncache_add_conn   0041f220 f   libcurl:conncache.obj
 0001:0001e320       _Curl_conncache_close_all_connections 0041f320 f   libcurl:conncache.obj
 0001:0001e3d0       _Curl_conncache_destroy    0041f3d0 f   libcurl:conncache.obj
 0001:0001e3f0       _Curl_conncache_extract_bundle 0041f3f0 f   libcurl:conncache.obj
 0001:0001e4a0       _Curl_conncache_extract_oldest 0041f4a0 f   libcurl:conncache.obj
 0001:0001e5d0       _Curl_conncache_find_bundle 0041f5d0 f   libcurl:conncache.obj
 0001:0001e670       _Curl_conncache_foreach    0041f670 f   libcurl:conncache.obj
 0001:0001e740       _Curl_conncache_init       0041f740 f   libcurl:conncache.obj
 0001:0001e7b0       _Curl_conncache_remove_conn 0041f7b0 f   libcurl:conncache.obj
 0001:0001e840       _Curl_conncache_return_conn 0041f840 f   libcurl:conncache.obj
 0001:0001e8c0       _Curl_conncache_size       0041f8c0 f   libcurl:conncache.obj
 0001:0001f380       _Curl_builtin_scheme       00420380 f   libcurl:url.obj
 0001:0001f3c0       _Curl_close                004203c0 f   libcurl:url.obj
 0001:0001f740       _Curl_connect              00420740 f   libcurl:url.obj
 0001:0001f800       _Curl_disconnect           00420800 f   libcurl:url.obj
 0001:0001f890       _Curl_free_request_state   00420890 f   libcurl:url.obj
 0001:0001f900       _Curl_freeset              00420900 f   libcurl:url.obj
 0001:0001f9d0       _Curl_idnconvert_hostname  004209d0 f   libcurl:url.obj
 0001:0001fa00       _Curl_init_do              00420a00 f   libcurl:url.obj
 0001:0001fad0       _Curl_init_userdefined     00420ad0 f   libcurl:url.obj
 0001:0001fd20       _Curl_is_ASCII_name        00420d20 f   libcurl:url.obj
 0001:0001fd50       _Curl_open                 00420d50 f   libcurl:url.obj
 0001:0001fe30       _Curl_parse_login_details  00420e30 f   libcurl:url.obj
 0001:00020050       _Curl_setup_conn           00421050 f   libcurl:url.obj
 0001:00020150       _Curl_uc_to_curlcode       00421150 f   libcurl:url.obj
 0001:00020190       _Curl_verboseconnect       00421190 f   libcurl:url.obj
 0001:00023180       _Curl_initinfo             00424180 f   libcurl:getinfo.obj
 0001:00023320       _Curl_memdup               00424320 f   libcurl:strdup.obj
 0001:00023350       _Curl_saferealloc          00424350 f   libcurl:strdup.obj
 0001:00023380       _Curl_client_write         00424380 f   libcurl:sendf.obj
 0001:000233b0       _Curl_debug                004243b0 f   libcurl:sendf.obj
 0001:00023440       _Curl_failf                00424440 f   libcurl:sendf.obj
 0001:00023500       _Curl_infof                00424500 f   libcurl:sendf.obj
 0001:000235c0       _Curl_read                 004245c0 f   libcurl:sendf.obj
 0001:00023630       _Curl_read_plain           00424630 f   libcurl:sendf.obj
 0001:00023680       _Curl_recv_has_postponed_data 00424680 f   libcurl:sendf.obj
 0001:000236b0       _Curl_recv_plain           004246b0 f   libcurl:sendf.obj
 0001:000237b0       _Curl_send_plain           004247b0 f   libcurl:sendf.obj
 0001:000238a0       _Curl_write                004248a0 f   libcurl:sendf.obj
 0001:00023910       _Curl_write_plain          00424910 f   libcurl:sendf.obj
 0001:00023cd0       _Curl_addr2string          00424cd0 f   libcurl:connect.obj
 0001:00023d70       _Curl_closesocket          00424d70 f   libcurl:connect.obj
 0001:00023df0       _Curl_conn_data_pending    00424df0 f   libcurl:connect.obj
 0001:00023e40       _Curl_connalive            00424e40 f   libcurl:connect.obj
 0001:00023e80       _Curl_conncontrol          00424e80 f   libcurl:connect.obj
 0001:00023ed0       _Curl_connecthost          00424ed0 f   libcurl:connect.obj
 0001:00024040       _Curl_conninfo_local       00425040 f   libcurl:connect.obj
 0001:00024120       _Curl_conninfo_remote      00425120 f   libcurl:connect.obj
 0001:00024220       _Curl_is_connected         00425220 f   libcurl:connect.obj
 0001:00024750       _Curl_persistconninfo      00425750 f   libcurl:connect.obj
 0001:00024820       _Curl_sndbufset            00425820 f   libcurl:connect.obj
 0001:000248c0       _Curl_socket               004258c0 f   libcurl:connect.obj
 0001:000249e0       _Curl_timeleft             004259e0 f   libcurl:connect.obj
 0001:00024b60       _Curl_updateconninfo       00425b60 f   libcurl:connect.obj
 0001:00025930       _curlx_read                00426930 f   libcurl:warnless.obj
 0001:00025950       _curlx_uztosi              00426950 f   libcurl:warnless.obj
 0001:00025950       _curlx_sltosi              00426950 f   libcurl:warnless.obj
 0001:00025950       _curlx_uztosz              00426950 f   libcurl:warnless.obj
 0001:00025960       _curlx_uztoui              00426960 f   libcurl:warnless.obj
 0001:00025960       _curlx_sltoui              00426960 f   libcurl:warnless.obj
 0001:00025960       _curlx_sotouz              00426960 f   libcurl:warnless.obj
 0001:00025970       _curlx_sltous              00426970 f   libcurl:warnless.obj
 0001:00025970       _curlx_ultous              00426970 f   libcurl:warnless.obj
 0001:00025970       _curlx_uitous              00426970 f   libcurl:warnless.obj
 0001:00025980       _curlx_ultouc              00426980 f   libcurl:warnless.obj
 0001:00025990       _curlx_write               00426990 f   libcurl:warnless.obj
 0001:000259b0       _Curl_http_auth_cleanup_digest 004269b0 f   libcurl:http_digest.obj
 0001:000259e0       _Curl_input_digest         004269e0 f   libcurl:http_digest.obj
 0001:00025a50       _Curl_output_digest        00426a50 f   libcurl:http_digest.obj
 0001:00025bb0       _Curl_load_library         00426bb0 f   libcurl:system_win32.obj
 0001:00025d00       _Curl_win32_init           00426d00 f   libcurl:system_win32.obj
 0001:00025dc0       _Curl_alpnid2str           00426dc0 f   libcurl:altsvc.obj
 0001:00025df0       _Curl_altsvc_cleanup       00426df0 f   libcurl:altsvc.obj
 0001:00025e40       _Curl_altsvc_ctrl          00426e40 f   libcurl:altsvc.obj
 0001:00025e60       _Curl_altsvc_init          00426e60 f   libcurl:altsvc.obj
 0001:00025e90       _Curl_altsvc_load          00426e90 f   libcurl:altsvc.obj
 0001:00025ea0       _Curl_altsvc_lookup        00426ea0 f   libcurl:altsvc.obj
 0001:00025f40       _Curl_altsvc_parse         00426f40 f   libcurl:altsvc.obj
 0001:00026420       _Curl_altsvc_save          00427420 f   libcurl:altsvc.obj
 0001:00026a60       _Curl_raw_toupper          00427a60 f   libcurl:strcase.obj
 0001:00026a80       _Curl_safe_strcasecompare  00427a80 f   libcurl:strcase.obj
 0001:00026ab0       _Curl_strcasecompare       00427ab0 f   libcurl:strcase.obj
 0001:00026b20       _Curl_strncasecompare      00427b20 f   libcurl:strcase.obj
 0001:00026bb0       _Curl_strntolower          00427bb0 f   libcurl:strcase.obj
 0001:00026bf0       _Curl_strntoupper          00427bf0 f   libcurl:strcase.obj
 0001:00026c30       _curl_strequal             00427c30 f   libcurl:strcase.obj
 0001:00026c40       _curl_strnequal            00427c40 f   libcurl:strcase.obj
 0001:00026d40       _Curl_all_content_encodings 00427d40 f   libcurl:content_encoding.obj
 0001:00026e40       _Curl_build_unencoding_stack 00427e40 f   libcurl:content_encoding.obj
 0001:00026f50       _Curl_unencode_cleanup     00427f50 f   libcurl:content_encoding.obj
 0001:00026f90       _Curl_unencode_write       00427f90 f   libcurl:content_encoding.obj
 0001:00027070       _Curl_share_lock           00428070 f   libcurl:share.obj
 0001:000270b0       _Curl_share_unlock         004280b0 f   libcurl:share.obj
 0001:000270f0       _Curl_now                  004280f0 f   libcurl:timeval.obj
 0001:00027190       _Curl_timediff             00428190 f   libcurl:timeval.obj
 0001:00027220       _Curl_timediff_us          00428220 f   libcurl:timeval.obj
 0001:00027290       _Curl_llist_count          00428290 f   libcurl:llist.obj
 0001:00027290       _Curl_ftp_parselist_geterror 00428290 f   libcurl:ftplistparser.obj
 0001:000272a0       _Curl_llist_destroy        004282a0 f   libcurl:llist.obj
 0001:000272d0       _Curl_llist_init           004282d0 f   libcurl:llist.obj
 0001:00027300       _Curl_llist_insert_next    00428300 f   libcurl:llist.obj
 0001:00027380       _Curl_llist_remove         00428380 f   libcurl:llist.obj
 0001:00027400       _Curl_hash_add             00428400 f   libcurl:hash.obj
 0001:00027490       _Curl_hash_clean           00428490 f   libcurl:hash.obj
 0001:000274b0       _Curl_hash_clean_with_criterium 004284b0 f   libcurl:hash.obj
 0001:00027530       _Curl_hash_delete          00428530 f   libcurl:hash.obj
 0001:000275b0       _Curl_hash_destroy         004285b0 f   libcurl:hash.obj
 0001:00027600       _Curl_hash_init            00428600 f   libcurl:hash.obj
 0001:00027690       _Curl_hash_next_element    00428690 f   libcurl:hash.obj
 0001:00027700       _Curl_hash_pick            00428700 f   libcurl:hash.obj
 0001:00027770       _Curl_hash_start_iterate   00428770 f   libcurl:hash.obj
 0001:00027790       _Curl_hash_str             00428790 f   libcurl:hash.obj
 0001:000277e0       _Curl_str_key_compare      004287e0 f   libcurl:hash.obj
 0001:000278d0       _Curl_ipv6works            004288d0 f   libcurl:hostip6.obj
 0001:00027920       _Curl_ipvalid              00428920 f   libcurl:hostip6.obj
 0001:00027940       _Curl_cache_addr           00428940 f   libcurl:hostip.obj
 0001:00027a60       _Curl_fetch_addr           00428a60 f   libcurl:hostip.obj
 0001:00027ab0       _Curl_hostcache_clean      00428ab0 f   libcurl:hostip.obj
 0001:00027b00       _Curl_hostcache_prune      00428b00 f   libcurl:hostip.obj
 0001:00027b70       _Curl_loadhostpairs        00428b70 f   libcurl:hostip.obj
 0001:00028000       _Curl_mk_dnscache          00429000 f   libcurl:hostip.obj
 0001:00028030       _Curl_num_addresses        00429030 f   libcurl:hostip.obj
 0001:00028050       _Curl_once_resolved        00429050 f   libcurl:hostip.obj
 0001:000280b0       _Curl_printable_address    004290b0 f   libcurl:hostip.obj
 0001:00028100       _Curl_resolv               00429100 f   libcurl:hostip.obj
 0001:00028330       _Curl_resolv_check         00429330 f   libcurl:hostip.obj
 0001:00028360       _Curl_resolv_getsock       00429360 f   libcurl:hostip.obj
 0001:00028380       _Curl_resolv_timeout       00429380 f   libcurl:hostip.obj
 0001:000283c0       _Curl_resolv_unlock        004293c0 f   libcurl:hostip.obj
 0001:00028410       _Curl_resolver_error       00429410 f   libcurl:hostip.obj
 0001:00028830       _Curl_splay                00429830 f   libcurl:splay.obj
 0001:00028990       _Curl_splaygetbest         00429990 f   libcurl:splay.obj
 0001:00028a40       _Curl_splayinsert          00429a40 f   libcurl:splay.obj
 0001:00028b40       _Curl_splayremove          00429b40 f   libcurl:splay.obj
 0001:00028d00       _Curl_http                 00429d00 f   libcurl:http.obj
 0001:000292d0       _Curl_http_done            0042a2d0 f   libcurl:http.obj
 0001:000293b0       _Curl_http_connect         0042a3b0 f   libcurl:http.obj
 0001:00029430       _Curl_add_custom_headers   0042a430 f   libcurl:http.obj
 0001:00029760       _Curl_add_timecondition    0042a760 f   libcurl:http.obj
 0001:000298a0       _Curl_buffer_send          0042a8a0 f   libcurl:http.obj
 0001:00029b20       _Curl_checkProxyheaders    0042ab20 f   libcurl:http.obj
 0001:00029ba0       _Curl_compareheader        0042aba0 f   libcurl:http.obj
 0001:00029c70       _Curl_copy_header_value    0042ac70 f   libcurl:http.obj
 0001:00029d40       _Curl_http_auth_act        0042ad40 f   libcurl:http.obj
 0001:00029f50       _Curl_http_body            0042af50 f   libcurl:http.obj
 0001:0002a130       _Curl_http_bodysend        0042b130 f   libcurl:http.obj
 0001:0002a870       _Curl_http_compile_trailers 0042b870 f   libcurl:http.obj
 0001:0002a900       _Curl_http_cookies         0042b900 f   libcurl:http.obj
 0001:0002aa90       _Curl_http_firstwrite      0042ba90 f   libcurl:http.obj
 0001:0002aba0       _Curl_http_header          0042bba0 f   libcurl:http.obj
 0001:0002b270       _Curl_http_host            0042c270 f   libcurl:http.obj
 0001:0002b4a0       _Curl_http_input_auth      0042c4a0 f   libcurl:http.obj
 0001:0002b670       _Curl_http_method          0042c670 f   libcurl:http.obj
 0001:0002b720       _Curl_http_output_auth     0042c720 f   libcurl:http.obj
 0001:0002b870       _Curl_http_range           0042c870 f   libcurl:http.obj
 0001:0002b9b0       _Curl_http_readwrite_headers 0042c9b0 f   libcurl:http.obj
 0001:0002c250       _Curl_http_resume          0042d250 f   libcurl:http.obj
 0001:0002c440       _Curl_http_statusline      0042d440 f   libcurl:http.obj
 0001:0002c560       _Curl_http_target          0042d560 f   libcurl:http.obj
 0001:0002c750       _Curl_http_useragent       0042d750 f   libcurl:http.obj
 0001:0002d190       _Curl_wildcard_dtor        0042e190 f   libcurl:wildcard.obj
 0001:0002d200       _Curl_wildcard_init        0042e200 f   libcurl:wildcard.obj
 0001:0002d240       _Curl_socketpair           0042e240 f   libcurl:socketpair.obj
 0001:0002d430       _Curl_checkheaders         0042e430 f   libcurl:transfer.obj
 0001:0002d490       _Curl_done_sending         0042e490 f   libcurl:transfer.obj
 0001:0002d4c0       _Curl_fillreadbuffer       0042e4c0 f   libcurl:transfer.obj
 0001:0002d880       _Curl_follow               0042e880 f   libcurl:transfer.obj
 0001:0002dbe0       _Curl_get_upload_buffer    0042ebe0 f   libcurl:transfer.obj
 0001:0002dc20       _Curl_init_CONNECT         0042ec20 f   libcurl:transfer.obj
 0001:0002dc40       _Curl_meets_timecondition  0042ec40 f   libcurl:transfer.obj
 0001:0002dcb0       _Curl_pretransfer          0042ecb0 f   libcurl:transfer.obj
 0001:0002dfd0       _Curl_readrewind           0042efd0 f   libcurl:transfer.obj
 0001:0002e140       _Curl_readwrite            0042f140 f   libcurl:transfer.obj
 0001:0002e460       _Curl_retry_request        0042f460 f   libcurl:transfer.obj
 0001:0002e5c0       _Curl_setup_transfer       0042f5c0 f   libcurl:transfer.obj
 0001:0002e760       _Curl_single_getsock       0042f760 f   libcurl:transfer.obj
 0001:0002f2e0       _curlx_nonblock            004302e0 f   libcurl:nonblock.obj
 0001:0002f310       _Curl_pgrsDone             00430310 f   libcurl:progress.obj
 0001:0002f370       _Curl_pgrsLimitWaitTime    00430370 f   libcurl:progress.obj
 0001:0002f440       _Curl_pgrsResetTransferSizes 00430440 f   libcurl:progress.obj
 0001:0002f460       _Curl_pgrsSetDownloadCounter 00430460 f   libcurl:progress.obj
 0001:0002f480       _Curl_pgrsSetDownloadSize  00430480 f   libcurl:progress.obj
 0001:0002f4d0       _Curl_pgrsSetUploadCounter 004304d0 f   libcurl:progress.obj
 0001:0002f4f0       _Curl_pgrsSetUploadSize    004304f0 f   libcurl:progress.obj
 0001:0002f540       _Curl_pgrsStartNow         00430540 f   libcurl:progress.obj
 0001:0002f5e0       _Curl_pgrsTime             004305e0 f   libcurl:progress.obj
 0001:0002f750       _Curl_pgrsUpdate           00430750 f   libcurl:progress.obj
 0001:0002f8e0       _Curl_ratelimit            004308e0 f   libcurl:progress.obj
 0001:000304e0       _Curl_poll                 004314e0 f   libcurl:select.obj
 0001:00030790       _Curl_socket_check         00431790 f   libcurl:select.obj
 0001:000308a0       _Curl_wait_ms              004318a0 f   libcurl:select.obj
 0001:00030a20       _Curl_speedcheck           00431a20 f   libcurl:speedcheck.obj
 0001:00030b20       _Curl_speedinit            00431b20 f   libcurl:speedcheck.obj
 0001:000314b0       _Curl_connect_complete     004324b0 f   libcurl:http_proxy.obj
 0001:000314d0       _Curl_connect_free         004324d0 f   libcurl:http_proxy.obj
 0001:00031500       _Curl_connect_ongoing      00432500 f   libcurl:http_proxy.obj
 0001:00031520       _Curl_proxyCONNECT         00432520 f   libcurl:http_proxy.obj
 0001:00031580       _Curl_proxy_connect        00432580 f   libcurl:http_proxy.obj
 0001:00031780       _Curl_SOCKS4               00432780 f   libcurl:socks.obj
 0001:00031e00       _Curl_SOCKS5               00432e00 f   libcurl:socks.obj
 0001:000329d0       _Curl_SOCKS_getsock        004339d0 f   libcurl:socks.obj
 0001:00032a50       _Curl_dyn_vprintf          00433a50 f   libcurl:mprintf.obj
 0001:00032b10       _curl_maprintf             00433b10 f   libcurl:mprintf.obj
 0001:00032b30       _curl_mfprintf             00433b30 f   libcurl:mprintf.obj
 0001:00032b50       _curl_msnprintf            00433b50 f   libcurl:mprintf.obj
 0001:00032b70       _curl_mvaprintf            00433b70 f   libcurl:mprintf.obj
 0001:00032bf0       _curl_mvsnprintf           00433bf0 f   libcurl:mprintf.obj
 0001:00033fd0       _curlx_win32_access        00434fd0 f   libcurl:curl_multibyte.obj
 0001:00033fe0       _curlx_win32_fopen         00434fe0 f   libcurl:curl_multibyte.obj
 0001:00033ff0       _curlx_win32_open          00434ff0 f   libcurl:curl_multibyte.obj
 0001:00034020       _curlx_win32_stat          00435020 f   libcurl:curl_multibyte.obj
 0001:00034030       _Curl_strtok_r             00435030 f   libcurl:strtok.obj
 0001:000340b0       _curlx_strtoofft           004350b0 f   libcurl:strtoofft.obj
 0001:00034170       _Curl_get_line             00435170 f   libcurl:curl_get_line.obj
 0001:000341e0       _Curl_memrchr              004351e0 f   libcurl:curl_memrchr.obj
 0001:00034210       _Curl_inet_pton            00435210 f   libcurl:inet_pton.obj
 0001:00034520       _Curl_getdate_capped       00435520 f   libcurl:parsedate.obj
 0001:00034590       _Curl_gmtime               00435590 f   libcurl:parsedate.obj
 0001:00034c50       _Curl_rand                 00435c50 f   libcurl:rand.obj
 0001:00034cb0       _Curl_rand_hex             00435cb0 f   libcurl:rand.obj
 0001:00034df0       _Curl_rename               00435df0 f   libcurl:rename.obj
 0001:00034ed0       _Curl_freeaddrinfo         00435ed0 f   libcurl:curl_addrinfo.obj
 0001:00034f00       _Curl_getaddrinfo_ex       00435f00 f   libcurl:curl_addrinfo.obj
 0001:00035090       _Curl_he2ai                00436090 f   libcurl:curl_addrinfo.obj
 0001:000351d0       _Curl_ip2addr              004361d0 f   libcurl:curl_addrinfo.obj
 0001:000352a0       _Curl_str2addr             004362a0 f   libcurl:curl_addrinfo.obj
 0001:00035330       _Curl_unix2addr            00436330 f   libcurl:curl_addrinfo.obj
 0001:000353e0       _Curl_addrinfo_callback    004363e0 f   libcurl:hostasyn.obj
 0001:00035470       _Curl_getaddrinfo          00436470 f   libcurl:hostasyn.obj
 0001:00035480       _Curl_thread_create        00436480 f   libcurl:curl_threads.obj
 0001:000354b0       _Curl_thread_destroy       004364b0 f   libcurl:curl_threads.obj
 0001:000354c0       _Curl_thread_join          004364c0 f   libcurl:curl_threads.obj
 0001:000379f0       _Curl_pop3_write           004389f0 f   libcurl:pop3.obj
 0001:00038c10       _Curl_smtp_escape_eob      00439c10 f   libcurl:smtp.obj
 0001:0003ae40       _Curl_GetFTPResponse       0043be40 f   libcurl:ftp.obj
 0001:000443c0       _Curl_rtsp_parseheader     004453c0 f   libcurl:rtsp.obj
 0001:00046340       _curl_getenv               00447340 f   libcurl:getenv.obj
 0001:00046350       _Curl_is_absolute_url      00447350 f   libcurl:urlapi.obj
 0001:00046760       _curl_url                  00447760 f   libcurl:urlapi.obj
 0001:00046770       _curl_url_cleanup          00447770 f   libcurl:urlapi.obj
 0001:00046790       _curl_url_dup              00447790 f   libcurl:urlapi.obj
 0001:000468b0       _curl_url_get              004478b0 f   libcurl:urlapi.obj
 0001:00046dc0       _curl_url_set              00447dc0 f   libcurl:urlapi.obj
 0001:00047ed0       _Curl_isalnum              00448ed0 f   libcurl:curl_ctype.obj
 0001:00047ef0       _Curl_isalpha              00448ef0 f   libcurl:curl_ctype.obj
 0001:00047f10       _Curl_iscntrl              00448f10 f   libcurl:curl_ctype.obj
 0001:00047f30       _Curl_isdigit              00448f30 f   libcurl:curl_ctype.obj
 0001:00047f50       _Curl_isgraph              00448f50 f   libcurl:curl_ctype.obj
 0001:00047f70       _Curl_islower              00448f70 f   libcurl:curl_ctype.obj
 0001:00047f90       _Curl_isprint              00448f90 f   libcurl:curl_ctype.obj
 0001:00047fb0       _Curl_isspace              00448fb0 f   libcurl:curl_ctype.obj
 0001:00047fd0       _Curl_isupper              00448fd0 f   libcurl:curl_ctype.obj
 0001:00048000       _Curl_isxdigit             00449000 f   libcurl:curl_ctype.obj
 0001:00048020       _Curl_parsenetrc           00449020 f   libcurl:netrc.obj
 0001:00048580       _Curl_clone_primary_ssl_config 00449580 f   libcurl:vtls.obj
 0001:00048720       _Curl_free_primary_ssl_config 00449720 f   libcurl:vtls.obj
 0001:000487d0       _Curl_ssl_config_matches   004497d0 f   libcurl:vtls.obj
 0001:000489f0       _Curl_isunreserved         004499f0 f   libcurl:escape.obj
 0001:00048a80       _Curl_urldecode            00449a80 f   libcurl:escape.obj
 0001:00048ba0       _Curl_http_auth_cleanup_ntlm 00449ba0 f   libcurl:http_ntlm.obj
 0001:00048bd0       _Curl_input_ntlm           00449bd0 f   libcurl:http_ntlm.obj
 0001:00048ce0       _Curl_output_ntlm          00449ce0 f   libcurl:http_ntlm.obj
 0001:00048ef0       _Curl_strerror             00449ef0 f   libcurl:strerror.obj
 0001:00048ff0       _curl_easy_strerror        00449ff0 f   libcurl:strerror.obj
 0001:00049810       _Curl_ipv6_scope           0044a810 f   libcurl:if2ip.obj
 0001:000498b0       _Curl_inet_ntop            0044a8b0 f   libcurl:inet_ntop.obj
 0001:00049be0       _curlx_verify_windows_version 0044abe0 f   libcurl:version_win32.obj
 0001:00049d40       _Curl_auth_create_digest_http_message 0044ad40 f   libcurl:digest.obj
 0001:00049db0       _Curl_auth_create_digest_md5_message 0044adb0 f   libcurl:digest.obj
 0001:0004a300       _Curl_auth_decode_digest_http_message 0044b300 f   libcurl:digest.obj
 0001:0004a7c0       _Curl_auth_digest_cleanup  0044b7c0 f   libcurl:digest.obj
 0001:0004a840       _Curl_auth_digest_get_pair 0044b840 f   libcurl:digest.obj
 0001:0004b120       _Curl_chunked_strerror     0044c120 f   libcurl:http_chunks.obj
 0001:0004b180       _Curl_httpchunk_init       0044c180 f   libcurl:http_chunks.obj
 0001:0004b1b0       _Curl_httpchunk_read       0044c1b0 f   libcurl:http_chunks.obj
 0001:0004b540       _Curl_doh                  0044c540 f   libcurl:doh.obj
 0001:0004b660       _Curl_doh_is_resolved      0044c660 f   libcurl:doh.obj
 0001:0004cab0       _Curl_getformdata          0044dab0 f   libcurl:formdata.obj
 0001:0004cde0       _Curl_base64_decode        0044dde0 f   libcurl:base64.obj
 0001:0004cee0       _Curl_base64_encode        0044dee0 f   libcurl:base64.obj
 0001:0004cf10       _Curl_base64url_encode     0044df10 f   libcurl:base64.obj
 0001:0004d1b0       _Curl_auth_cleanup_ntlm    0044e1b0 f   libcurl:ntlm.obj
 0001:0004d1e0       _Curl_auth_create_ntlm_type1_message 0044e1e0 f   libcurl:ntlm.obj
 0001:0004d290       _Curl_auth_create_ntlm_type3_message 0044e290 f   libcurl:ntlm.obj
 0001:0004d830       _Curl_auth_decode_ntlm_type2_message 0044e830 f   libcurl:ntlm.obj
 0001:0004da50       _Curl_output_aws_sigv4     0044ea50 f   libcurl:http_aws_sigv4.obj
 0001:0004e460       _Curl_fileinfo_alloc       0044f460 f   libcurl:fileinfo.obj
 0001:0004e470       _Curl_fileinfo_cleanup     0044f470 f   libcurl:fileinfo.obj
 0001:0004e4a0       _Curl_pp_disconnect        0044f4a0 f   libcurl:pingpong.obj
 0001:0004e4d0       _Curl_pp_flushsend         0044f4d0 f   libcurl:pingpong.obj
 0001:0004e550       _Curl_pp_getsock           0044f550 f   libcurl:pingpong.obj
 0001:0004e580       _Curl_pp_init              0044f580 f   libcurl:pingpong.obj
 0001:0004e5c0       _Curl_pp_moredata          0044f5c0 f   libcurl:pingpong.obj
 0001:0004e5f0       _Curl_pp_readresp          0044f5f0 f   libcurl:pingpong.obj
 0001:0004e8b0       _Curl_pp_sendf             0044f8b0 f   libcurl:pingpong.obj
 0001:0004e8d0       _Curl_pp_setup             0044f8d0 f   libcurl:pingpong.obj
 0001:0004e8f0       _Curl_pp_state_timeout     0044f8f0 f   libcurl:pingpong.obj
 0001:0004e9c0       _Curl_pp_statemach         0044f9c0 f   libcurl:pingpong.obj
 0001:0004eb10       _Curl_pp_vsendf            0044fb10 f   libcurl:pingpong.obj
 0001:0004ec10       _Curl_sasl_can_authenticate 0044fc10 f   libcurl:curl_sasl.obj
 0001:0004ec40       _Curl_sasl_cleanup         0044fc40 f   libcurl:curl_sasl.obj
 0001:0004ec60       _Curl_sasl_continue        0044fc60 f   libcurl:curl_sasl.obj
 0001:0004f110       _Curl_sasl_decode_mech     00450110 f   libcurl:curl_sasl.obj
 0001:0004f210       _Curl_sasl_init            00450210 f   libcurl:curl_sasl.obj
 0001:0004f250       _Curl_sasl_parse_url_auth_option 00450250 f   libcurl:curl_sasl.obj
 0001:0004f2d0       _Curl_sasl_start           004502d0 f   libcurl:curl_sasl.obj
 0001:0004f760       _Curl_MD5_final            00450760 f   libcurl:md5.obj
 0001:0004f790       _Curl_MD5_init             00450790 f   libcurl:md5.obj
 0001:0004f7e0       _Curl_MD5_update           004507e0 f   libcurl:md5.obj
 0001:0004f7e0       _Curl_HMAC_update          004507e0 f   libcurl:hmac.obj
 0001:0004f800       _Curl_md5it                00450800 f   libcurl:md5.obj
 0001:0004f840       _Curl_gethostname          00450840 f   libcurl:curl_gethostname.obj
 0001:0004f880       _Curl_ftp_parselist        00450880 f   libcurl:ftplistparser.obj
 0001:00050420       _Curl_ftp_parselist_data_alloc 00451420 f   libcurl:ftplistparser.obj
 0001:00050430       _Curl_ftp_parselist_data_free 00451430 f   libcurl:ftplistparser.obj
 0001:000506b0       _Curl_range                004516b0 f   libcurl:curl_range.obj
 0001:00050810       _Curl_ntlm_core_lm_resp    00451810 f   libcurl:curl_ntlm_core.obj
 0001:00050850       _Curl_ntlm_core_mk_lm_hash 00451850 f   libcurl:curl_ntlm_core.obj
 0001:00050900       _Curl_ntlm_core_mk_lmv2_resp 00451900 f   libcurl:curl_ntlm_core.obj
 0001:00050980       _Curl_ntlm_core_mk_nt_hash 00451980 f   libcurl:curl_ntlm_core.obj
 0001:00050a10       _Curl_ntlm_core_mk_ntlmv2_hash 00451a10 f   libcurl:curl_ntlm_core.obj
 0001:00050aa0       _Curl_ntlm_core_mk_ntlmv2_resp 00451aa0 f   libcurl:curl_ntlm_core.obj
 0001:00050e00       _Curl_read16_be            00451e00 f   libcurl:curl_endian.obj
 0001:00050e20       _Curl_read16_le            00451e20 f   libcurl:curl_endian.obj
 0001:00050e40       _Curl_read32_le            00451e40 f   libcurl:curl_endian.obj
 0001:00050e70       _Curl_dedotdotify          00451e70 f   libcurl:dotdot.obj
 0001:000510f0       _Curl_auth_build_spn       004520f0 f   libcurl:vauth.obj
 0001:000511f0       _Curl_sha256it             004521f0 f   libcurl:sha256.obj
 0001:00051230       _Curl_HMAC_final           00452230 f   libcurl:hmac.obj
 0001:00051280       _Curl_HMAC_init            00452280 f   libcurl:hmac.obj
 0001:00051390       _Curl_hmacit               00452390 f   libcurl:hmac.obj
 0001:000513e0       _Curl_auth_create_external_message 004523e0 f   libcurl:cleartext.obj
 0001:000513f0       _Curl_auth_create_login_message 004523f0 f   libcurl:cleartext.obj
 0001:00051460       _Curl_auth_create_plain_message 00452460 f   libcurl:cleartext.obj
 0001:00051570       _Curl_auth_create_cram_md5_message 00452570 f   libcurl:cram.obj
 0001:000516c0       _Curl_auth_decode_cram_md5_message 004526c0 f   libcurl:cram.obj
 0001:00051710       _Curl_auth_create_oauth_bearer_message 00452710 f   libcurl:oauth2.obj
 0001:00051790       _Curl_auth_create_xoauth_bearer_message 00452790 f   libcurl:oauth2.obj
 0001:000517f0       _Curl_fnmatch              004527f0 f   libcurl:curl_fnmatch.obj
 0001:00052110       _Curl_des_set_odd_parity   00453110 f   libcurl:curl_des.obj
 0001:00052160       _Curl_md4it                00453160 f   libcurl:md4.obj
 0001:000521e3       ___WSAFDIsSet@8            004531e3 f   ws2_32:WS2_32.dll
 0001:000521e9       ___CxxFrameHandler3        004531e9 f   vcruntime:VCRUNTIME140.dll
 0001:000521ef       ___std_terminate           004531ef f   vcruntime:VCRUNTIME140.dll
 0001:000521f5       ___current_exception       004531f5 f   vcruntime:VCRUNTIME140.dll
 0001:000521fb       ___current_exception_context 004531fb f   vcruntime:VCRUNTIME140.dll
 0001:00052201       __CxxThrowException@8      00453201 f   vcruntime:VCRUNTIME140.dll
 0001:00052207       __except_handler4_common   00453207 f   vcruntime:VCRUNTIME140.dll
 0001:0005220d       _memset                    0045320d f   vcruntime:VCRUNTIME140.dll
 0001:00052213       _memcpy                    00453213 f   vcruntime:VCRUNTIME140.dll
 0001:00052219       _memmove                   00453219 f   vcruntime:VCRUNTIME140.dll
 0001:0005221f       _memchr                    0045321f f   vcruntime:VCRUNTIME140.dll
 0001:00052225       __callnewh                 00453225 f   ucrt:api-ms-win-crt-heap-l1-1-0.dll
 0001:0005222b       _malloc                    0045322b f   ucrt:api-ms-win-crt-heap-l1-1-0.dll
 0001:00052231       _terminate                 00453231 f   ucrt:api-ms-win-crt-runtime-l1-1-0.dll
 0001:00052237       __configure_narrow_argv    00453237 f   ucrt:api-ms-win-crt-runtime-l1-1-0.dll
 0001:0005223d       __initialize_narrow_environment 0045323d f   ucrt:api-ms-win-crt-runtime-l1-1-0.dll
 0001:00052243       __initialize_onexit_table  00453243 f   ucrt:api-ms-win-crt-runtime-l1-1-0.dll
 0001:00052249       __register_onexit_function 00453249 f   ucrt:api-ms-win-crt-runtime-l1-1-0.dll
 0001:0005224f       __crt_atexit               0045324f f   ucrt:api-ms-win-crt-runtime-l1-1-0.dll
 0001:00052255       __cexit                    00453255 f   ucrt:api-ms-win-crt-runtime-l1-1-0.dll
 0001:0005225b       __seh_filter_exe           0045325b f   ucrt:api-ms-win-crt-runtime-l1-1-0.dll
 0001:00052261       __set_app_type             00453261 f   ucrt:api-ms-win-crt-runtime-l1-1-0.dll
 0001:00052267       ___setusermatherr          00453267 f   ucrt:api-ms-win-crt-math-l1-1-0.dll
 0001:0005226d       __get_narrow_winmain_command_line 0045326d f   ucrt:api-ms-win-crt-runtime-l1-1-0.dll
 0001:00052273       __initterm                 00453273 f   ucrt:api-ms-win-crt-runtime-l1-1-0.dll
 0001:00052279       __initterm_e               00453279 f   ucrt:api-ms-win-crt-runtime-l1-1-0.dll
 0001:0005227f       _exit                      0045327f f   ucrt:api-ms-win-crt-runtime-l1-1-0.dll
 0001:00052285       __exit                     00453285 f   ucrt:api-ms-win-crt-runtime-l1-1-0.dll
 0001:0005228b       __set_fmode                0045328b f   ucrt:api-ms-win-crt-stdio-l1-1-0.dll
 0001:00052291       __c_exit                   00453291 f   ucrt:api-ms-win-crt-runtime-l1-1-0.dll
 0001:00052297       __register_thread_local_exe_atexit_callback 00453297 f   ucrt:api-ms-win-crt-runtime-l1-1-0.dll
 0001:0005229d       __configthreadlocale       0045329d f   ucrt:api-ms-win-crt-locale-l1-1-0.dll
 0001:000522a3       __set_new_mode             004532a3 f   ucrt:api-ms-win-crt-heap-l1-1-0.dll
 0001:000522a9       ___p__commode              004532a9 f   ucrt:api-ms-win-crt-stdio-l1-1-0.dll
 0001:000522af       _free                      004532af f   ucrt:api-ms-win-crt-heap-l1-1-0.dll
 0001:000522b5       __controlfp_s              004532b5 f   ucrt:api-ms-win-crt-runtime-l1-1-0.dll
 0001:000522bb       _realloc                   004532bb f   ucrt:api-ms-win-crt-heap-l1-1-0.dll
 0001:000522c1       _calloc                    004532c1 f   ucrt:api-ms-win-crt-heap-l1-1-0.dll
 0001:000522d0       __alldiv                   004532d0 f   MSVCRT:lldiv.obj
 0001:00052380       __chkstk                   00453380 f   MSVCRT:chkstk.obj
 0001:00052380       __alloca_probe             00453380 f   MSVCRT:chkstk.obj
 0001:000523b0       __dtol3                    004533b0 f   MSVCRT:ftol3.obj
 0001:00052460       __ltod3                    00453460 f   MSVCRT:ftol3.obj
 0001:000524b0       __alldvrm                  004534b0 f   MSVCRT:lldvrm.obj
 0001:00052590       __allmul                   00453590 f   MSVCRT:llmul.obj
 0001:000525d0       __allrem                   004535d0 f   MSVCRT:llrem.obj
 0001:00052690       __aulldvrm                 00453690 f   MSVCRT:ulldvrm.obj
 0001:00052725       __strdup                   00453725 f   ucrt:api-ms-win-crt-string-l1-1-0.dll
 0001:00052725       _strdup                    00453725 f   ucrt:api-ms-win-crt-string-l1-1-0.dll
 0001:0005272b       __filter_x86_sse2_floating_point_exception 0045372b f   MSVCRT:x86_exception_filter.obj
 0001:0005272b       __filter_x86_sse2_floating_point_exception_default 0045372b f   MSVCRT:x86_exception_filter.obj
 0002:00000000       __imp__AdjustTokenPrivileges@24 00457000     advapi32:ADVAPI32.dll
 0002:00000004       __imp__CryptImportKey@24   00457004     advapi32:ADVAPI32.dll
 0002:00000008       __imp__CryptDestroyKey@4   00457008     advapi32:ADVAPI32.dll
 0002:0000000c       __imp__CryptDestroyHash@4  0045700c     advapi32:ADVAPI32.dll
 0002:00000010       __imp__CryptHashData@16    00457010     advapi32:ADVAPI32.dll
 0002:00000014       __imp__CryptCreateHash@20  00457014     advapi32:ADVAPI32.dll
 0002:00000018       __imp__CryptGetHashParam@20 00457018     advapi32:ADVAPI32.dll
 0002:0000001c       __imp__CryptReleaseContext@8 0045701c     advapi32:ADVAPI32.dll
 0002:00000020       __imp__CryptAcquireContextA@20 00457020     advapi32:ADVAPI32.dll
 0002:00000024       __imp__CryptEncrypt@28     00457024     advapi32:ADVAPI32.dll
 0002:00000028       __imp__LookupPrivilegeValueA@12 00457028     advapi32:ADVAPI32.dll
 0002:0000002c       __imp__OpenProcessToken@12 0045702c     advapi32:ADVAPI32.dll
 0002:00000030       \177ADVAPI32_NULL_THUNK_DATA 00457030     advapi32:ADVAPI32.dll
 0002:00000034       __imp__CreateSolidBrush@4  00457034     gdi32:GDI32.dll
 0002:00000038       \177GDI32_NULL_THUNK_DATA  00457038     gdi32:GDI32.dll
 0002:0000003c       __imp__GetCurrentThreadId@0 0045703c     kernel32:KERNEL32.dll
 0002:00000040       __imp__GetSystemTimeAsFileTime@4 00457040     kernel32:KERNEL32.dll
 0002:00000044       __imp__InitializeSListHead@4 00457044     kernel32:KERNEL32.dll
 0002:00000048       __imp__EnterCriticalSection@4 00457048     kernel32:KERNEL32.dll
 0002:0000004c       __imp__LeaveCriticalSection@4 0045704c     kernel32:KERNEL32.dll
 0002:00000050       __imp__GetCurrentProcessId@0 00457050     kernel32:KERNEL32.dll
 0002:00000054       __imp__DeleteCriticalSection@4 00457054     kernel32:KERNEL32.dll
 0002:00000058       __imp__SleepEx@8           00457058     kernel32:KERNEL32.dll
[...]
 0002:0000b49c       __ehfuncinfo$??0?$vector@V?$basic_string@DU?$char_traits@D@std@@V?$allocator@D@2@@std@@V?$allocator@V?$basic_string@DU?$char_traits@D@std@@V?$allocator@D@2@@std@@@2@@std@@QAE@ABV01@@Z 0046249c     systeminfo.obj
 0002:0000b4c0       __unwindtable$??0?$vector@V?$basic_string@DU?$char_traits@D@std@@V?$allocator@D@2@@std@@V?$allocator@V?$basic_string@DU?$char_traits@D@std@@V?$allocator@D@2@@std@@@2@@std@@QAE@ABV01@@Z 004624c0     systeminfo.obj
 0002:0000b4d0       __ehfuncinfo$?imbue@?$basic_filebuf@DU?$char_traits@D@std@@@std@@MAEXABVlocale@2@@Z 004624d0     systeminfo.obj
 0002:0000b4f4       __unwindtable$?imbue@?$basic_filebuf@DU?$char_traits@D@std@@@std@@MAEXABVlocale@2@@Z 004624f4     systeminfo.obj
 0002:0000b504       __ehfuncinfo$?uflow@?$basic_filebuf@DU?$char_traits@D@std@@@std@@MAEHXZ 00462504     systeminfo.obj
 0002:0000b528       __unwindtable$?uflow@?$basic_filebuf@DU?$char_traits@D@std@@@std@@MAEHXZ 00462528     systeminfo.obj
 0002:0000b530       __ehfuncinfo$??0?$basic_ifstream@DU?$char_traits@D@std@@@std@@QAE@XZ 00462530     systeminfo.obj
 0002:0000b554       __unwindtable$??0?$basic_ifstream@DU?$char_traits@D@std@@@std@@QAE@XZ 00462554     systeminfo.obj
 0002:0000b56c       __ehfuncinfo$??$use_facet@V?$ctype@D@std@@@std@@YAABV?$ctype@D@0@ABVlocale@0@@Z 0046256c     systeminfo.obj
 0002:0000b590       __unwindtable$??$use_facet@V?$ctype@D@std@@@std@@YAABV?$ctype@D@0@ABVlocale@0@@Z 00462590     systeminfo.obj
 0002:0000b5a0       __ehfuncinfo$??$_Emplace_reallocate@AAV?$vector@V?$basic_string@DU?$char_traits@D@std@@V?$allocator@D@2@@std@@V?$allocator@V?$basic_string@DU?$char_traits@D@std@@V?$allocator@D@2@@std@@@2@@std@@AAH@?$vector@VCPUInfo@@V?$allocator@VCPUInfo@@@std@@@std@@QAEPAVCPUInfo@@QAV2@AAV?$vector@V?$basic_string@DU?$char_traits@D@std@@V?$allocator@D@2@@std@@V?$allocator@V?$basic_string@DU?$char_traits@D@std@@V?$allocator@D@2@@std@@@2@@1@AAH@Z 004625a0     systeminfo.obj
 0002:0000b5c4       __unwindtable$??$_Emplace_reallocate@AAV?$vector@V?$basic_string@DU?$char_traits@D@std@@V?$allocator@D@2@@std@@V?$allocator@V?$basic_string@DU?$char_traits@D@std@@V?$allocator@D@2@@std@@@2@@std@@AAH@?$vector@VCPUInfo@@V?$allocator@VCPUInfo@@@std@@@std@@QAEPAVCPUInfo@@QAV2@AAV?$vector@V?$basic_string@DU?$char_traits@D@std@@V?$allocator@D@2@@std@@V?$allocator@V?$basic_string@DU?$char_traits@D@std@@V?$allocator@D@2@@std@@@2@@1@AAH@Z 004625c4     systeminfo.obj
 0002:0000b5d4       __tryblocktable$??$_Emplace_reallocate@AAV?$vector@V?$basic_string@DU?$char_traits@D@std@@V?$allocator@D@2@@std@@V?$allocator@V?$basic_string@DU?$char_traits@D@std@@V?$allocator@D@2@@std@@@2@@std@@AAH@?$vector@VCPUInfo@@V?$allocator@VCPUInfo@@@std@@@std@@QAEPAVCPUInfo@@QAV2@AAV?$vector@V?$basic_string@DU?$char_traits@D@std@@V?$allocator@D@2@@std@@V?$allocator@V?$basic_string@DU?$char_traits@D@std@@V?$allocator@D@2@@std@@@2@@1@AAH@Z 004625d4     systeminfo.obj
 0002:0000b5e8       __catchsym$??$_Emplace_reallocate@AAV?$vector@V?$basic_string@DU?$char_traits@D@std@@V?$allocator@D@2@@std@@V?$allocator@V?$basic_string@DU?$char_traits@D@std@@V?$allocator@D@2@@std@@@2@@std@@AAH@?$vector@VCPUInfo@@V?$allocator@VCPUInfo@@@std@@@std@@QAEPAVCPUInfo@@QAV2@AAV?$vector@V?$basic_string@DU?$char_traits@D@std@@V?$allocator@D@2@@std@@V?$allocator@V?$basic_string@DU?$char_traits@D@std@@V?$allocator@D@2@@std@@@2@@1@AAH@Z$2 004625e8     systeminfo.obj
 0002:0000b5f8       __ehfuncinfo$??$toString@_J@GPUInfo@@ABE?AV?$basic_string@DU?$char_traits@D@std@@V?$allocator@D@2@@std@@AB_J@Z 004625f8     systeminfo.obj
 0002:0000b5f8       __ehfuncinfo$??$toString@_J@OSInfo@@ABE?AV?$basic_string@DU?$char_traits@D@std@@V?$allocator@D@2@@std@@AB_J@Z 004625f8     systeminfo.obj
 0002:0000b5f8       __ehfuncinfo$??$toString@_J@RAMInfo@@ABE?AV?$basic_string@DU?$char_traits@D@std@@V?$allocator@D@2@@std@@AB_J@Z 004625f8     systeminfo.obj
 0002:0000b61c       __unwindtable$??$toString@_J@GPUInfo@@ABE?AV?$basic_string@DU?$char_traits@D@std@@V?$allocator@D@2@@std@@AB_J@Z 0046261c     systeminfo.obj
 0002:0000b61c       __unwindtable$??$toString@_J@OSInfo@@ABE?AV?$basic_string@DU?$char_traits@D@std@@V?$allocator@D@2@@std@@AB_J@Z 0046261c     systeminfo.obj
 0002:0000b61c       __unwindtable$??$toString@_J@RAMInfo@@ABE?AV?$basic_string@DU?$char_traits@D@std@@V?$allocator@D@2@@std@@AB_J@Z 0046261c     systeminfo.obj
 0002:0000b63c       __ehfuncinfo$??$_Emplace_reallocate@AAV?$vector@V?$basic_string@DU?$char_traits@D@std@@V?$allocator@D@2@@std@@V?$allocator@V?$basic_string@DU?$char_traits@D@std@@V?$allocator@D@2@@std@@@2@@std@@AAH@?$vector@VGPUInfo@@V?$allocator@VGPUInfo@@@std@@@std@@QAEPAVGPUInfo@@QAV2@AAV?$vector@V?$basic_string@DU?$char_traits@D@std@@V?$allocator@D@2@@std@@V?$allocator@V?$basic_string@DU?$char_traits@D@std@@V?$allocator@D@2@@std@@@2@@1@AAH@Z 0046263c     systeminfo.obj
 0002:0000b660       __unwindtable$??$_Emplace_reallocate@AAV?$vector@V?$basic_string@DU?$char_traits@D@std@@V?$allocator@D@2@@std@@V?$allocator@V?$basic_string@DU?$char_traits@D@std@@V?$allocator@D@2@@std@@@2@@std@@AAH@?$vector@VGPUInfo@@V?$allocator@VGPUInfo@@@std@@@std@@QAEPAVGPUInfo@@QAV2@AAV?$vector@V?$basic_string@DU?$char_traits@D@std@@V?$allocator@D@2@@std@@V?$allocator@V?$basic_string@DU?$char_traits@D@std@@V?$allocator@D@2@@std@@@2@@1@AAH@Z 00462660     systeminfo.obj
 0002:0000b670       __tryblocktable$??$_Emplace_reallocate@AAV?$vector@V?$basic_string@DU?$char_traits@D@std@@V?$allocator@D@2@@std@@V?$allocator@V?$basic_string@DU?$char_traits@D@std@@V?$allocator@D@2@@std@@@2@@std@@AAH@?$vector@VGPUInfo@@V?$allocator@VGPUInfo@@@std@@@std@@QAEPAVGPUInfo@@QAV2@AAV?$vector@V?$basic_string@DU?$char_traits@D@std@@V?$allocator@D@2@@std@@V?$allocator@V?$basic_string@DU?$char_traits@D@std@@V?$allocator@D@2@@std@@@2@@1@AAH@Z 00462670     systeminfo.obj
 0002:0000b684       __catchsym$??$_Emplace_reallocate@AAV?$vector@V?$basic_string@DU?$char_traits@D@std@@V?$allocator@D@2@@std@@V?$allocator@V?$basic_string@DU?$char_traits@D@std@@V?$allocator@D@2@@std@@@2@@std@@AAH@?$vector@VGPUInfo@@V?$allocator@VGPUInfo@@@std@@@std@@QAEPAVGPUInfo@@QAV2@AAV?$vector@V?$basic_string@DU?$char_traits@D@std@@V?$allocator@D@2@@std@@V?$allocator@V?$basic_string@DU?$char_traits@D@std@@V?$allocator@D@2@@std@@@2@@1@AAH@Z$2 00462684     systeminfo.obj
 0002:0000b694       __ehfuncinfo$??$_Emplace_reallocate@AAV?$vector@V?$basic_string@DU?$char_traits@D@std@@V?$allocator@D@2@@std@@V?$allocator@V?$basic_string@DU?$char_traits@D@std@@V?$allocator@D@2@@std@@@2@@std@@AAH@?$vector@VMotherboardInfo@@V?$allocator@VMotherboardInfo@@@std@@@std@@QAEPAVMotherboardInfo@@QAV2@AAV?$vector@V?$basic_string@DU?$char_traits@D@std@@V?$allocator@D@2@@std@@V?$allocator@V?$basic_string@DU?$char_traits@D@std@@V?$allocator@D@2@@std@@@2@@1@AAH@Z 00462694     systeminfo.obj
 0002:0000b6b8       __unwindtable$??$_Emplace_reallocate@AAV?$vector@V?$basic_string@DU?$char_traits@D@std@@V?$allocator@D@2@@std@@V?$allocator@V?$basic_string@DU?$char_traits@D@std@@V?$allocator@D@2@@std@@@2@@std@@AAH@?$vector@VMotherboardInfo@@V?$allocator@VMotherboardInfo@@@std@@@std@@QAEPAVMotherboardInfo@@QAV2@AAV?$vector@V?$basic_string@DU?$char_traits@D@std@@V?$allocator@D@2@@std@@V?$allocator@V?$basic_string@DU?$char_traits@D@std@@V?$allocator@D@2@@std@@@2@@1@AAH@Z 004626b8     systeminfo.obj
 0002:0000b6c8       __tryblocktable$??$_Emplace_reallocate@AAV?$vector@V?$basic_string@DU?$char_traits@D@std@@V?$allocator@D@2@@std@@V?$allocator@V?$basic_string@DU?$char_traits@D@std@@V?$allocator@D@2@@std@@@2@@std@@AAH@?$vector@VMotherboardInfo@@V?$allocator@VMotherboardInfo@@@std@@@std@@QAEPAVMotherboardInfo@@QAV2@AAV?$vector@V?$basic_string@DU?$char_traits@D@std@@V?$allocator@D@2@@std@@V?$allocator@V?$basic_string@DU?$char_traits@D@std@@V?$allocator@D@2@@std@@@2@@1@AAH@Z 004626c8     systeminfo.obj
 0002:0000b6dc       __catchsym$??$_Emplace_reallocate@AAV?$vector@V?$basic_string@DU?$char_traits@D@std@@V?$allocator@D@2@@std@@V?$allocator@V?$basic_string@DU?$char_traits@D@std@@V?$allocator@D@2@@std@@@2@@std@@AAH@?$vector@VMotherboardInfo@@V?$allocator@VMotherboardInfo@@@std@@@std@@QAEPAVMotherboardInfo@@QAV2@AAV?$vector@V?$basic_string@DU?$char_traits@D@std@@V?$allocator@D@2@@std@@V?$allocator@V?$basic_string@DU?$char_traits@D@std@@V?$allocator@D@2@@std@@@2@@1@AAH@Z$2 004626dc     systeminfo.obj
 0002:0000b6ec       __ehfuncinfo$??$_Emplace_reallocate@AAV?$vector@V?$basic_string@DU?$char_traits@D@std@@V?$allocator@D@2@@std@@V?$allocator@V?$basic_string@DU?$char_traits@D@std@@V?$allocator@D@2@@std@@@2@@std@@AAH@?$vector@VOSInfo@@V?$allocator@VOSInfo@@@std@@@std@@QAEPAVOSInfo@@QAV2@AAV?$vector@V?$basic_string@DU?$char_traits@D@std@@V?$allocator@D@2@@std@@V?$allocator@V?$basic_string@DU?$char_traits@D@std@@V?$allocator@D@2@@std@@@2@@1@AAH@Z 004626ec     systeminfo.obj
 0002:0000b710       __unwindtable$??$_Emplace_reallocate@AAV?$vector@V?$basic_string@DU?$char_traits@D@std@@V?$allocator@D@2@@std@@V?$allocator@V?$basic_string@DU?$char_traits@D@std@@V?$allocator@D@2@@std@@@2@@std@@AAH@?$vector@VOSInfo@@V?$allocator@VOSInfo@@@std@@@std@@QAEPAVOSInfo@@QAV2@AAV?$vector@V?$basic_string@DU?$char_traits@D@std@@V?$allocator@D@2@@std@@V?$allocator@V?$basic_string@DU?$char_traits@D@std@@V?$allocator@D@2@@std@@@2@@1@AAH@Z 00462710     systeminfo.obj
 0002:0000b720       __tryblocktable$??$_Emplace_reallocate@AAV?$vector@V?$basic_string@DU?$char_traits@D@std@@V?$allocator@D@2@@std@@V?$allocator@V?$basic_string@DU?$char_traits@D@std@@V?$allocator@D@2@@std@@@2@@std@@AAH@?$vector@VOSInfo@@V?$allocator@VOSInfo@@@std@@@std@@QAEPAVOSInfo@@QAV2@AAV?$vector@V?$basic_string@DU?$char_traits@D@std@@V?$allocator@D@2@@std@@V?$allocator@V?$basic_string@DU?$char_traits@D@std@@V?$allocator@D@2@@std@@@2@@1@AAH@Z 00462720     systeminfo.obj
 0002:0000b734       __catchsym$??$_Emplace_reallocate@AAV?$vector@V?$basic_string@DU?$char_traits@D@std@@V?$allocator@D@2@@std@@V?$allocator@V?$basic_string@DU?$char_traits@D@std@@V?$allocator@D@2@@std@@@2@@std@@AAH@?$vector@VOSInfo@@V?$allocator@VOSInfo@@@std@@@std@@QAEPAVOSInfo@@QAV2@AAV?$vector@V?$basic_string@DU?$char_traits@D@std@@V?$allocator@D@2@@std@@V?$allocator@V?$basic_string@DU?$char_traits@D@std@@V?$allocator@D@2@@std@@@2@@1@AAH@Z$2 00462734     systeminfo.obj
 0002:0000b744       __ehfuncinfo$??$_Emplace_reallocate@AAV?$vector@V?$basic_string@DU?$char_traits@D@std@@V?$allocator@D@2@@std@@V?$allocator@V?$basic_string@DU?$char_traits@D@std@@V?$allocator@D@2@@std@@@2@@std@@AAH@?$vector@VRAMInfo@@V?$allocator@VRAMInfo@@@std@@@std@@QAEPAVRAMInfo@@QAV2@AAV?$vector@V?$basic_string@DU?$char_traits@D@std@@V?$allocator@D@2@@std@@V?$allocator@V?$basic_string@DU?$char_traits@D@std@@V?$allocator@D@2@@std@@@2@@1@AAH@Z 00462744     systeminfo.obj
 0002:0000b768       __unwindtable$??$_Emplace_reallocate@AAV?$vector@V?$basic_string@DU?$char_traits@D@std@@V?$allocator@D@2@@std@@V?$allocator@V?$basic_string@DU?$char_traits@D@std@@V?$allocator@D@2@@std@@@2@@std@@AAH@?$vector@VRAMInfo@@V?$allocator@VRAMInfo@@@std@@@std@@QAEPAVRAMInfo@@QAV2@AAV?$vector@V?$basic_string@DU?$char_traits@D@std@@V?$allocator@D@2@@std@@V?$allocator@V?$basic_string@DU?$char_traits@D@std@@V?$allocator@D@2@@std@@@2@@1@AAH@Z 00462768     systeminfo.obj
 0002:0000b778       __tryblocktable$??$_Emplace_reallocate@AAV?$vector@V?$basic_string@DU?$char_traits@D@std@@V?$allocator@D@2@@std@@V?$allocator@V?$basic_string@DU?$char_traits@D@std@@V?$allocator@D@2@@std@@@2@@std@@AAH@?$vector@VRAMInfo@@V?$allocator@VRAMInfo@@@std@@@std@@QAEPAVRAMInfo@@QAV2@AAV?$vector@V?$basic_string@DU?$char_traits@D@std@@V?$allocator@D@2@@std@@V?$allocator@V?$basic_string@DU?$char_traits@D@std@@V?$allocator@D@2@@std@@@2@@1@AAH@Z 00462778     systeminfo.obj
 0002:0000b78c       __catchsym$??$_Emplace_reallocate@AAV?$vector@V?$basic_string@DU?$char_traits@D@std@@V?$allocator@D@2@@std@@V?$allocator@V?$basic_string@DU?$char_traits@D@std@@V?$allocator@D@2@@std@@@2@@std@@AAH@?$vector@VRAMInfo@@V?$allocator@VRAMInfo@@@std@@@std@@QAEPAVRAMInfo@@QAV2@AAV?$vector@V?$basic_string@DU?$char_traits@D@std@@V?$allocator@D@2@@std@@V?$allocator@V?$basic_string@DU?$char_traits@D@std@@V?$allocator@D@2@@std@@@2@@1@AAH@Z$2 0046278c     systeminfo.obj
 0002:0000b79c       __ehfuncinfo$??$_Emplace_reallocate@ABV?$basic_string@DU?$char_traits@D@std@@V?$allocator@D@2@@std@@@?$vector@V?$basic_string@DU?$char_traits@D@std@@V?$allocator@D@2@@std@@V?$allocator@V?$basic_string@DU?$char_traits@D@std@@V?$allocator@D@2@@std@@@2@@std@@QAEPAV?$basic_string@DU?$char_traits@D@std@@V?$allocator@D@2@@1@QAV21@ABV21@@Z 0046279c     systeminfo.obj
 0002:0000b7c0       __unwindtable$??$_Emplace_reallocate@ABV?$basic_string@DU?$char_traits@D@std@@V?$allocator@D@2@@std@@@?$vector@V?$basic_string@DU?$char_traits@D@std@@V?$allocator@D@2@@std@@V?$allocator@V?$basic_string@DU?$char_traits@D@std@@V?$allocator@D@2@@std@@@2@@std@@QAEPAV?$basic_string@DU?$char_traits@D@std@@V?$allocator@D@2@@1@QAV21@ABV21@@Z 004627c0     systeminfo.obj
 0002:0000b7d0       __tryblocktable$??$_Emplace_reallocate@ABV?$basic_string@DU?$char_traits@D@std@@V?$allocator@D@2@@std@@@?$vector@V?$basic_string@DU?$char_traits@D@std@@V?$allocator@D@2@@std@@V?$allocator@V?$basic_string@DU?$char_traits@D@std@@V?$allocator@D@2@@std@@@2@@std@@QAEPAV?$basic_string@DU?$char_traits@D@std@@V?$allocator@D@2@@1@QAV21@ABV21@@Z 004627d0     systeminfo.obj
 0002:0000b7e4       __catchsym$??$_Emplace_reallocate@ABV?$basic_string@DU?$char_traits@D@std@@V?$allocator@D@2@@std@@@?$vector@V?$basic_string@DU?$char_traits@D@std@@V?$allocator@D@2@@std@@V?$allocator@V?$basic_string@DU?$char_traits@D@std@@V?$allocator@D@2@@std@@@2@@std@@QAEPAV?$basic_string@DU?$char_traits@D@std@@V?$allocator@D@2@@1@QAV21@ABV21@@Z$2 004627e4     systeminfo.obj
 0002:0000b7f4       __ehfuncinfo$??$_Insert_string@DU?$char_traits@D@std@@I@std@@YAAAV?$basic_ostream@DU?$char_traits@D@std@@@0@AAV10@QBDI@Z 004627f4     systeminfo.obj
 0002:0000b818       __unwindtable$??$_Insert_string@DU?$char_traits@D@std@@I@std@@YAAAV?$basic_ostream@DU?$char_traits@D@std@@@0@AAV10@QBDI@Z 00462818     systeminfo.obj
 0002:0000b848       __tryblocktable$??$_Insert_string@DU?$char_traits@D@std@@I@std@@YAAAV?$basic_ostream@DU?$char_traits@D@std@@@0@AAV10@QBDI@Z 00462848     systeminfo.obj
 0002:0000b85c       __catchsym$??$_Insert_string@DU?$char_traits@D@std@@I@std@@YAAAV?$basic_ostream@DU?$char_traits@D@std@@@0@AAV10@QBDI@Z$6 0046285c     systeminfo.obj
 0002:0000b870       __ehfuncinfo$??$_Uninitialized_copy@PAVOSInfo@@V?$allocator@VOSInfo@@@std@@@std@@YAPAVOSInfo@@QAV1@0PAV1@AAV?$allocator@VOSInfo@@@0@@Z 00462870     systeminfo.obj
 0002:0000b898       __unwindtable$??$_Uninitialized_copy@PAVOSInfo@@V?$allocator@VOSInfo@@@std@@@std@@YAPAVOSInfo@@QAV1@0PAV1@AAV?$allocator@VOSInfo@@@0@@Z 00462898     systeminfo.obj
 0002:0000b908       __ehfuncinfo$??$?5DU?$char_traits@D@std@@V?$allocator@D@1@@std@@YAAAV?$basic_istream@DU?$char_traits@D@std@@@0@$$QAV10@AAV?$basic_string@DU?$char_traits@D@std@@V?$allocator@D@2@@0@@Z 00462908     systeminfo.obj
 0002:0000b92c       __unwindtable$??$?5DU?$char_traits@D@std@@V?$allocator@D@1@@std@@YAAAV?$basic_istream@DU?$char_traits@D@std@@@0@$$QAV10@AAV?$basic_string@DU?$char_traits@D@std@@V?$allocator@D@2@@0@@Z 0046292c     systeminfo.obj
 0002:0000b95c       __tryblocktable$??$?5DU?$char_traits@D@std@@V?$allocator@D@1@@std@@YAAAV?$basic_istream@DU?$char_traits@D@std@@@0@$$QAV10@AAV?$basic_string@DU?$char_traits@D@std@@V?$allocator@D@2@@0@@Z 0046295c     systeminfo.obj
 0002:0000b970       __catchsym$??$?5DU?$char_traits@D@std@@V?$allocator@D@1@@std@@YAAAV?$basic_istream@DU?$char_traits@D@std@@@0@$$QAV10@AAV?$basic_string@DU?$char_traits@D@std@@V?$allocator@D@2@@0@@Z$7 00462970     systeminfo.obj
 0002:0000b980       __sehtable$??_M@YGXPAXIIP6EX0@Z@Z 00462980     MSVCRT:ehvecdtr.obj
 0002:0000b9a0       __sehtable$?__ArrayUnwind@@YGXPAXIIP6EX0@Z@Z 004629a0     MSVCRT:ehvecdtr.obj
 0002:0000b9c0       __sehtable$___scrt_is_nonwritable_in_current_image 004629c0     MSVCRT:utility.obj
 0002:0000b9e0       __sehtable$?__scrt_common_main_seh@@YAHXZ 004629e0     MSVCRT:exe_winmain.obj
 0002:0000c1aa       .idata$6                   004631aa     kernel32:KERNEL32.dll
 0002:0000c2f6       .idata$6                   004632f6     user32:USER32.dll
 0002:0000c316       .idata$6                   00463316     gdi32:GDI32.dll
 0002:0000c364       .idata$6                   00463364     advapi32:ADVAPI32.dll
 0002:0000cf2e       .idata$6                   00463f2e     msvcprt:MSVCP140.dll
 0002:0000cf4e       .idata$6                   00463f4e     d3d9:d3d9.dll
 0002:0000cf7c       .idata$6                   00463f7c     d3dx9:d3dx9_43.dll
 0002:0000d000       .idata$6                   00464000     ws2_32:WS2_32.dll
 0002:0000d00c       .idata$6                   0046400c     wldap32:WLDAP32.dll
 0002:0000d11c       .idata$6                   0046411c     vcruntime:VCRUNTIME140.dll
 0002:0000d594       .idata$6                   00464594     ucrt:api-ms-win-crt-stdio-l1-1-0.dll
 0002:0000d5b4       .idata$6                   004645b4     ucrt:api-ms-win-crt-runtime-l1-1-0.dll
 0002:0000d5d6       .idata$6                   004645d6     ucrt:api-ms-win-crt-convert-l1-1-0.dll
 0002:0000d5f8       .idata$6                   004645f8     ucrt:api-ms-win-crt-time-l1-1-0.dll
 0002:0000d618       .idata$6                   00464618     ucrt:api-ms-win-crt-filesystem-l1-1-0.dll
 0002:0000d63e       .idata$6                   0046463e     ucrt:api-ms-win-crt-heap-l1-1-0.dll
 0002:0000d65e       .idata$6                   0046465e     ucrt:api-ms-win-crt-math-l1-1-0.dll
 0002:0000d67e       .idata$6                   0046467e     ucrt:api-ms-win-crt-locale-l1-1-0.dll
 0002:0000d6a0       .idata$6                   004646a0     ucrt:api-ms-win-crt-string-l1-1-0.dll
 0002:0000d6c2       .idata$6                   004646c2     ucrt:api-ms-win-crt-utility-l1-1-0.dll
 0002:0000d6e4       .idata$6                   004646e4     ucrt:api-ms-win-crt-multibyte-l1-1-0.dll
 0003:0000002c       ?if_prefix@?2??bindlocal@@9@9 0046502c     libcurl:connect.obj
 0003:00000030       ?host_prefix@?2??bindlocal@@9@9 00465030     libcurl:connect.obj
 0003:00000820       ??_R0?AV<lambda_b5565d269da327e336800d80f472b553>@@@8 00465820     systeminfo.obj
 0003:00000a48       ??_R0?AV?$_Func_impl_no_alloc@V<lambda_b5565d269da327e336800d80f472b553>@@V?$basic_string@DU?$char_traits@D@std@@V?$allocator@D@2@@std@@ABV23@@std@@@8 00465a48     systeminfo.obj
 0003:00000bf0       ?_Fac_head@std@@3PAU_Fac_node@1@A 00465bf0     msvcprt:locale0_implib.obj
 0003:00000bf4       ?_Fac_tidy_reg@std@@3U_Fac_tidy_reg_t@1@B 00465bf4     msvcprt:locale0_implib.obj
 0003:00000c00       ?is_initialized_as_dll@@3_NA 00465c00     MSVCRT:utility.obj
 0003:00000c01       ?module_local_atexit_table_initialized@@3_NA 00465c01     MSVCRT:utility.obj
 0003:00000c04       ?module_local_atexit_table@@3U_onexit_table_t@@A 00465c04     MSVCRT:utility.obj
 0003:00000c10       ?module_local_at_quick_exit_table@@3U_onexit_table_t@@A 00465c10     MSVCRT:utility.obj
 0003:00000c20       _GS_ExceptionRecord        00465c20     MSVCRT:gs_report.obj
 0003:00000c70       _GS_ContextRecord          00465c70     MSVCRT:gs_report.obj
 0003:00000f58       _initialized               00465f58     libcurl:easy.obj
 0003:00000f5c       _init_flags                00465f5c     libcurl:easy.obj
 0003:00000f60       ?tv_zero@?1??multi_timeout@@9@9 00465f60     libcurl:multi.obj
 0003:00000f70       ?detectOsState@?1??Curl_sndbufset@@9@9 00465f70     libcurl:connect.obj
 0003:00000f78       _s_hIpHlpApiDll            00465f78     libcurl:system_win32.obj
 0003:00000f80       ?tv_zero@?1??Curl_splaygetbest@@9@9 00465f80     libcurl:splay.obj
 0003:00000f90       ?randseed@?1??randit@@9@9  00465f90     libcurl:rand.obj
 0003:00000f94       ?seeded@?1??randit@@9@9    00465f94     libcurl:rand.obj
 0004:00000060       $R000000                   00467060     * linker generated manifest res *
